Microchip MPLAB XC8 Compiler V1.35 ()

Linker command line:

--edf=P:\Programmi\Microchip\xc8\v1.35\dat\en_msgs.txt -cs \
  -h+dist/default/debug\parcheggio.X.debug.sym \
  --cmf=dist/default/debug\parcheggio.X.debug.cmf -z -Q18F2685 \
  -oC:\Users\GIANLO~1\AppData\Local\Temp\s7r4.2 \
  -Mdist/default/debug/parcheggio.X.debug.map -E1 -ver=XC8 --acfsm=1493 \
  -ASTACK=0178h-0cffh -pstack=STACK -ACODE=00h-017FFFh -ACONST=00h-017FFFh \
  -ASMALLCONST=0D00h-0DFFhx371 -AMEDIUMCONST=0D00h-0FFFFh,010D00h-017FFFh \
  -ACOMRAM=01h-05Fh -AABS1=00h-0CFFh -ABIGRAM=01h-0CFFh \
  -ARAM=060h-0FFh,0100h-01FFhx12 -ABANK0=060h-0FFh -ABANK1=0100h-01FFh \
  -ABANK2=0200h-02FFh -ABANK3=0300h-03FFh -ABANK4=0400h-04FFh \
  -ABANK5=0500h-05FFh -ABANK6=0600h-06FFh -ABANK7=0700h-07FFh \
  -ABANK8=0800h-08FFh -ABANK9=0900h-09FFh -ABANK10=0A00h-0AFFh \
  -ABANK11=0B00h-0BFFh -ABANK12=0C00h-0CFFh \
  -ASFR=0D00h-0DFFhx2,0F00h-0F5Fh,0F60h-0FFFh \
  -preset_vec=00h,intcode=08h,intcodelo=018h,powerup,init,end_init \
  -pramtop=0D00h -psmallconst=SMALLCONST -pmediumconst=MEDIUMCONST \
  -pconst=CONST -AFARRAM=00h-00h -ACONFIG=0300000h-030000Dh -pconfig=CONFIG \
  -AIDLOC=0200000h-0200007h -pidloc=IDLOC -AEEDATA=0F00000h-0F003FFh \
  -peeprom_data=EEDATA \
  -prdata=COMRAM,nvrram=COMRAM,nvbit=COMRAM,rbss=COMRAM,rbit=COMRAM \
  -pfarbss=FARRAM,fardata=FARRAM,nvFARRAM=FARRAM \
  -pintsave_regs=BIGRAM,bigbss=BIGRAM,bigdata=BIGRAM -pbss=RAM \
  -pidata=CODE,irdata=CODE,ibigdata=CODE,ifardata=CODE -pparam0=BANK0 \
  C:\Users\GIANLO~1\AppData\Local\Temp\s7r4.obj \
  dist/default/debug\parcheggio.X.debug.obj 

Object code version is 3.11

Machine type is 18F2685

Call graph: (short form)




                Name                               Link     Load   Length Selector   Space Scale
C:\Users\GIANLO~1\AppData\Local\Temp\s7r4.obj
                end_init                            238      238        4        C       0
                reset_vec                             0        0        4        0       0
                idloc                            200000   200000        8   200000       0
                config                           300000   300000        E   300000       0
dist/default/debug\parcheggio.X.debug.obj
                intcodelo                            18       18      220        C       0
                intcode                               8        8        E        4       0
                temp                                 47       47        1        1       1
                smallconst                          D00      D00       2E      680       0
                text29                             4B18     4B18       78      697       0
                intcode_body                       4978     4978       E0      697       0
                text27                             1FC0     1FC0      50C      697       0
                text25                             4C56     4C56       54      697       0
                text24                             4DDE     4DDE       16      697       0
                text23                              D2E      D2E      B06      697       0
                text22                             35A4     35A4      39E      697       0
                text21                             429C     429C      1C6      697       0
                text20                             4B90     4B90       6C      697       0
                text19                             486C     486C      10C      697       0
                text18                             40CE     40CE      1CE      697       0
                text17                             4D6E     4D6E       2C      697       0
                text16                             31E4     31E4      3C0      697       0
                text15                             4462     4462      190      697       0
                text14                             24CC     24CC      4A8      697       0
                text13                             2974     2974      4A6      697       0
                text12                             4754     4754      118      697       0
                text11                             4D36     4D36       38      697       0
                text10                             4CF8     4CF8       3E      697       0
                text9                              3C54     3C54      252      697       0
                text8                              2E1A     2E1A      3CA      697       0
                text7                              3942     3942      312      697       0
                text6                              3EA6     3EA6      228      697       0
                text5                              4D9A     4D9A       24      697       0
                text4                              1834     1834      78C      697       0
                text3                              4A58     4A58       C0      697       0
                text2                              4DBE     4DBE       20      697       0
                text1                              45F2     45F2      162      697       0
                text0                              4CAA     4CAA       4E      697       0
                cstackCOMRAM                          1        1       23        1       1
                cstackBANK0                          60       60       71       60       1
                cstackBANK1                         149      149       2F      100       1
                bssBANK1                            100      100       49      100       1
                dataBANK0                            E6       E6        2       60       1
                bssBANK0                             D1       D1       15       60       1
                dataCOMRAM                           46       46        1        1       1
                bssCOMRAM                            24       24       21        1       1
                bitbssCOMRAM                        228       45        8        1       1     8
                cinit                              4BFC     4BFC       5A      697       0
                idataBANK0                         4DF4     4DF4        2      697       0
                idataCOMRAM                        4DF6     4DF6        1      697       0

TOTAL           Name                               Link     Load   Length     Space
        CLASS   STACK          

        CLASS   CODE           
                end_init                            238      238        4         0
                intcodelo                            18       18      220         0
                intcode                               8        8        E         0
                reset_vec                             0        0        4         0
                text29                             4B18     4B18       78         0
                intcode_body                       4978     4978       E0         0
                text27                             1FC0     1FC0      50C         0
                text25                             4C56     4C56       54         0
                text24                             4DDE     4DDE       16         0
                text23                              D2E      D2E      B06         0
                text22                             35A4     35A4      39E         0
                text21                             429C     429C      1C6         0
                text20                             4B90     4B90       6C         0
                text19                             486C     486C      10C         0
                text18                             40CE     40CE      1CE         0
                text17                             4D6E     4D6E       2C         0
                text16                             31E4     31E4      3C0         0
                text15                             4462     4462      190         0
                text14                             24CC     24CC      4A8         0
                text13                             2974     2974      4A6         0
                text12                             4754     4754      118         0
                text11                             4D36     4D36       38         0
                text10                             4CF8     4CF8       3E         0
                text9                              3C54     3C54      252         0
                text8                              2E1A     2E1A      3CA         0
                text7                              3942     3942      312         0
                text6                              3EA6     3EA6      228         0
                text5                              4D9A     4D9A       24         0
                text4                              1834     1834      78C         0
                text3                              4A58     4A58       C0         0
                text2                              4DBE     4DBE       20         0
                text1                              45F2     45F2      162         0
                text0                              4CAA     4CAA       4E         0
                cinit                              4BFC     4BFC       5A         0
                idataBANK0                         4DF4     4DF4        2         0
                idataCOMRAM                        4DF6     4DF6        1         0

        CLASS   CONST          

        CLASS   SMALLCONST     
                smallconst                          D00      D00       2E         0

        CLASS   MEDIUMCONST    

        CLASS   COMRAM         
                temp                                 47       47        1         1
                cstackCOMRAM                          1        1       23         1
                dataCOMRAM                           46       46        1         1
                bssCOMRAM                            24       24       21         1
                bitbssCOMRAM                        228       45        8         1

        CLASS   ABS1           

        CLASS   BIGRAM         

        CLASS   RAM            

        CLASS   BANK0          
                cstackBANK0                          60       60       71         1
                dataBANK0                            E6       E6        2         1
                bssBANK0                             D1       D1       15         1

        CLASS   BANK1          
                cstackBANK1                         149      149       2F         1
                bssBANK1                            100      100       49         1

        CLASS   BANK2          

        CLASS   BANK3          

        CLASS   BANK4          

        CLASS   BANK5          

        CLASS   BANK6          

        CLASS   BANK7          

        CLASS   BANK8          

        CLASS   BANK9          

        CLASS   BANK10         

        CLASS   BANK11         

        CLASS   BANK12         

        CLASS   SFR            

        CLASS   FARRAM         

        CLASS   CONFIG         
                config                           300000   300000        E         0

        CLASS   IDLOC          
                idloc                            200000   200000        8         0

        CLASS   EEDATA         



SEGMENTS        Name                           Load    Length   Top    Selector   Space  Class

                reset_vec                      000000  000004  000004         0       0  CODE    
                cstackCOMRAM                   000001  000047  000048         1       1  COMRAM  
                intcode                        000008  00000E  000016         4       0  CODE    
                intcodelo                      000018  000224  00023C         C       0  CODE    
                cstackBANK0                    000060  000088  0000E8        60       1  BANK0   
                bssBANK1                       000100  000078  000178       100       1  BANK1   
                smallconst                     000D00  00002E  000D2E       680       0  SMALLCON
                text23                         000D2E  0040C9  004DF7       697       0  CODE    
                idloc                          200000  000008  200008    200000       0  IDLOC   
                config                         300000  00000E  30000E    300000       0  CONFIG  


UNUSED ADDRESS RANGES

        Name                Unused          Largest block    Delta
        BANK0            0000E8-0000FF               18
        BANK1            000178-0001FF               88
        BANK10           000A00-000AFF              100
        BANK11           000B00-000BFF              100
        BANK12           000C00-000CFF              100
        BANK2            000200-0002FF              100
        BANK3            000300-0003FF              100
        BANK4            000400-0004FF              100
        BANK5            000500-0005FF              100
        BANK6            000600-0006FF              100
        BANK7            000700-0007FF              100
        BANK8            000800-0008FF              100
        BANK9            000900-0009FF              100
        BIGRAM           000048-00005F               18
                         0000E8-0000FF               18
                         000178-000CFF              B88
        CODE             000004-000007                4
                         000016-000017                2
                         00023C-000CFF              AC4
                         004DF7-017FFF            13209
        COMRAM           000048-00005F               18
        CONST            000004-000007                4
                         000016-000017                2
                         00023C-000CFF              AC4
                         004DF7-017FFF            13209
        EEDATA           F00000-F003FF              400
        MEDIUMCONST      004DF7-00FFFF             B209
                         010D00-017FFF             7300
        RAM              0000E8-0000FF               18
                         000178-000CFF              100
        SFR              000D00-000FFF              100
        SMALLCONST       004DF7-017FFF              100
        STACK            000178-000CFF              B88

                                  Symbol Table

?___fladd                     cstackBANK0  0000AD
?___fldiv                     cstackBANK0  000077
?___flmul                     cstackBANK0  000090
?___flneg                     cstackBANK0  0000A9
?___fltol                     cstackBANK0  000090
?___lwdiv                     cstackBANK0  000060
?___xxtofl                    cstackBANK0  00007B
?_abs                         cstackBANK0  000077
?_asin                        cstackBANK1  00015E
?_atan                        cstackBANK1  000149
?_eval_poly                   cstackBANK0  0000C1
?_fabs                        cstackBANK0  0000AD
?_sqrt                        cstackBANK0  0000C1
CANInitialize@BRP             cstackBANK0  000088
CANInitialize@FilterConfig1   cstackBANK0  00008F
CANInitialize@FilterConfig2   cstackBANK0  000090
CANInitialize@SJW             cstackBANK0  000087
CANInitialize@flags           cstackBANK0  000089
CANInitialize@phaseSeg1       cstackBANK0  000085
CANInitialize@phaseSeg2       cstackBANK0  000086
CANInitialize@propSeg         cstackBANK0  00008E
CANOperationMode@mode         cstackBANK0  000077
CANSetFilter@filter           cstackBANK0  000077
CANSetFilter@numBuffer        cstackBANK0  000080
CANSetFilter@tamp             cstackBANK0  000081
CANSetFilter@type             cstackBANK0  00007B
CANSetMask@mask               cstackBANK0  000077
CANSetMask@numBuffer          cstackBANK0  000080
CANSetMask@tamp               cstackBANK0  000081
CANSetMask@type               cstackBANK0  00007B
CANreceiveMessage@error       cstackCOMRAM 00000B
CANreceiveMessage@msg         cstackCOMRAM 000001
CANreceiveMessage@tamp        cstackCOMRAM 00000C
CANsendMessage@data           cstackBANK0  00007B
CANsendMessage@dataLength     cstackBANK0  00007D
CANsendMessage@flags          cstackBANK0  00007E
CANsendMessage@identifier     cstackBANK0  000077
CANsendMessage@tamp           cstackBANK0  000083
ISR_Bassa@gigi                cstackCOMRAM 000022
ISR_Bassa@i                   cstackCOMRAM 000023
_ADCON1                       (abs)        000FC1
_BRGCON1                      (abs)        000F70
_BRGCON2                      (abs)        000F71
_BRGCON2bits                  (abs)        000F71
_BRGCON3                      (abs)        000F72
_BRGCON3bits                  (abs)        000F72
_CANCON                       (abs)        000F6F
_CANCONbits                   (abs)        000F6F
_CANInitialize                text21       00429C
_CANOperationMode             text24       004DDE
_CANSTAT                      (abs)        000F6E
_CANSetFilter                 text23       000D2E
_CANSetMask                   text22       0035A4
_CANisTxReady                 text5        004D9A
_CANisTxReady$2808            cstackBANK0  000077
_CANreceiveMessage            text27       001FC0
_CANsendMessage               text4        001834
_COMSTATbits                  (abs)        000F74
_INTCON2bits                  (abs)        000FF1
_INTCONbits                   (abs)        000FF2
_IPR3bits                     (abs)        000FA5
_ISR_Alta                     intcode      000008
_ISR_Bassa                    intcodelo    000018
_LATA                         (abs)        000F89
_LATB                         (abs)        000F8A
_LATBbits                     (abs)        000F8A
_LATC                         (abs)        000F8B
_MUX_index                    bssCOMRAM    000042
_MUX_select                   bssBANK1     000100
_PIE3bits                     (abs)        000FA3
_PIR3bits                     (abs)        000FA4
_PORTA                        (abs)        000F80
_PORTBbits                    (abs)        000F81
_RCONbits                     (abs)        000FD0
_RXB0CON                      (abs)        000F60
_RXB0CONbits                  (abs)        000F60
_RXB0D0                       (abs)        000F66
_RXB0D1                       (abs)        000F67
_RXB0D2                       (abs)        000F68
_RXB0D3                       (abs)        000F69
_RXB0D4                       (abs)        000F6A
_RXB0D5                       (abs)        000F6B
_RXB0D6                       (abs)        000F6C
_RXB0D7                       (abs)        000F6D
_RXB0DLC                      (abs)        000F65
_RXB0DLCbits                  (abs)        000F65
_RXB0EIDH                     (abs)        000F63
_RXB0EIDL                     (abs)        000F64
_RXB0SIDH                     (abs)        000F61
_RXB0SIDL                     (abs)        000F62
_RXB0SIDLbits                 (abs)        000F62
_RXB1CON                      (abs)        000F50
_RXB1CONbits                  (abs)        000F50
_RXB1D0                       (abs)        000F56
_RXB1D1                       (abs)        000F57
_RXB1D2                       (abs)        000F58
_RXB1D3                       (abs)        000F59
_RXB1D4                       (abs)        000F5A
_RXB1D5                       (abs)        000F5B
_RXB1D6                       (abs)        000F5C
_RXB1D7                       (abs)        000F5D
_RXB1DLC                      (abs)        000F55
_RXB1DLCbits                  (abs)        000F55
_RXB1EIDH                     (abs)        000F53
_RXB1EIDL                     (abs)        000F54
_RXB1SIDH                     (abs)        000F51
_RXB1SIDL                     (abs)        000F52
_RXB1SIDLbits                 (abs)        000F52
_RXERRCNT                     (abs)        000F75
_RXF0EIDH                     (abs)        000F02
_RXF0EIDL                     (abs)        000F03
_RXF0SIDH                     (abs)        000F00
_RXF0SIDL                     (abs)        000F01
_RXF0SIDLbits                 (abs)        000F01
_RXF1EIDH                     (abs)        000F06
_RXF1EIDL                     (abs)        000F07
_RXF1SIDH                     (abs)        000F04
_RXF1SIDL                     (abs)        000F05
_RXF1SIDLbits                 (abs)        000F05
_RXF2EIDH                     (abs)        000F0A
_RXF2EIDL                     (abs)        000F0B
_RXF2SIDH                     (abs)        000F08
_RXF2SIDL                     (abs)        000F09
_RXF2SIDLbits                 (abs)        000F09
_RXF3EIDH                     (abs)        000F0E
_RXF3EIDL                     (abs)        000F0F
_RXF3SIDH                     (abs)        000F0C
_RXF3SIDL                     (abs)        000F0D
_RXF3SIDLbits                 (abs)        000F0D
_RXF4EIDH                     (abs)        000F12
_RXF4EIDL                     (abs)        000F13
_RXF4SIDH                     (abs)        000F10
_RXF4SIDL                     (abs)        000F11
_RXF4SIDLbits                 (abs)        000F11
_RXF5EIDH                     (abs)        000F16
_RXF5EIDL                     (abs)        000F17
_RXF5SIDH                     (abs)        000F14
_RXF5SIDL                     (abs)        000F15
_RXF5SIDLbits                 (abs)        000F15
_RXM0EIDH                     (abs)        000F1A
_RXM0EIDL                     (abs)        000F1B
_RXM0SIDH                     (abs)        000F18
_RXM0SIDL                     (abs)        000F19
_RXM0SIDLbits                 (abs)        000F19
_RXM1EIDH                     (abs)        000F1E
_RXM1EIDL                     (abs)        000F1F
_RXM1SIDH                     (abs)        000F1C
_RXM1SIDL                     (abs)        000F1D
_RXM1SIDLbits                 (abs)        000F1D
_T0CON                        (abs)        000FD5
_T3CON                        (abs)        000FB1
_TMR0H                        (abs)        000FD7
_TMR0L                        (abs)        000FD6
_TMR3H                        (abs)        000FB3
_TMR3L                        (abs)        000FB2
_TRISA                        (abs)        000F92
_TRISB                        (abs)        000F93
_TRISBbits                    (abs)        000F93
_TRISC                        (abs)        000F94
_TXB0CONbits                  (abs)        000F40
_TXB0D0                       (abs)        000F46
_TXB0D1                       (abs)        000F47
_TXB0D2                       (abs)        000F48
_TXB0D3                       (abs)        000F49
_TXB0D4                       (abs)        000F4A
_TXB0D5                       (abs)        000F4B
_TXB0D6                       (abs)        000F4C
_TXB0D7                       (abs)        000F4D
_TXB0DLC                      (abs)        000F45
_TXB0DLCbits                  (abs)        000F45
_TXB0EIDH                     (abs)        000F43
_TXB0EIDL                     (abs)        000F44
_TXB0SIDH                     (abs)        000F41
_TXB0SIDL                     (abs)        000F42
_TXB0SIDLbits                 (abs)        000F42
_TXB1CONbits                  (abs)        000F30
_TXB1D0                       (abs)        000F36
_TXB1D1                       (abs)        000F37
_TXB1D2                       (abs)        000F38
_TXB1D3                       (abs)        000F39
_TXB1D4                       (abs)        000F3A
_TXB1D5                       (abs)        000F3B
_TXB1D6                       (abs)        000F3C
_TXB1D7                       (abs)        000F3D
_TXB1DLC                      (abs)        000F35
_TXB1DLCbits                  (abs)        000F35
_TXB1EIDH                     (abs)        000F33
_TXB1EIDL                     (abs)        000F34
_TXB1SIDH                     (abs)        000F31
_TXB1SIDL                     (abs)        000F32
_TXB1SIDLbits                 (abs)        000F32
_TXB2CONbits                  (abs)        000F20
_TXB2D0                       (abs)        000F26
_TXB2D1                       (abs)        000F27
_TXB2D2                       (abs)        000F28
_TXB2D3                       (abs)        000F29
_TXB2D4                       (abs)        000F2A
_TXB2D5                       (abs)        000F2B
_TXB2D6                       (abs)        000F2C
_TXB2D7                       (abs)        000F2D
_TXB2DLC                      (abs)        000F25
_TXB2DLCbits                  (abs)        000F25
_TXB2EIDH                     (abs)        000F23
_TXB2EIDL                     (abs)        000F24
_TXB2SIDH                     (abs)        000F21
_TXB2SIDL                     (abs)        000F22
_TXB2SIDLbits                 (abs)        000F22
_TXERRCNT                     (abs)        000F76
__CFG_BBSIZ$1024              (abs)        000000
__CFG_BOREN$BOHW              (abs)        000000
__CFG_BORV$3                  (abs)        000000
__CFG_CP0$OFF                 (abs)        000000
__CFG_CP1$OFF                 (abs)        000000
__CFG_CP2$OFF                 (abs)        000000
__CFG_CP3$OFF                 (abs)        000000
__CFG_CPB$OFF                 (abs)        000000
__CFG_CPD$OFF                 (abs)        000000
__CFG_EBTR0$OFF               (abs)        000000
__CFG_EBTR1$OFF               (abs)        000000
__CFG_EBTR2$OFF               (abs)        000000
__CFG_EBTR3$OFF               (abs)        000000
__CFG_EBTRB$OFF               (abs)        000000
__CFG_FCMEN$OFF               (abs)        000000
__CFG_IESO$OFF                (abs)        000000
__CFG_LPT1OSC$OFF             (abs)        000000
__CFG_LVP$OFF                 (abs)        000000
__CFG_MCLRE$ON                (abs)        000000
__CFG_OSC$HS                  (abs)        000000
__CFG_PBADEN$OFF              (abs)        000000
__CFG_PWRT$OFF                (abs)        000000
__CFG_STVREN$ON               (abs)        000000
__CFG_WDT$OFF                 (abs)        000000
__CFG_WDTPS$32768             (abs)        000000
__CFG_WRT0$OFF                (abs)        000000
__CFG_WRT1$OFF                (abs)        000000
__CFG_WRT2$OFF                (abs)        000000
__CFG_WRT3$OFF                (abs)        000000
__CFG_WRTB$OFF                (abs)        000000
__CFG_WRTC$OFF                (abs)        000000
__CFG_WRTD$OFF                (abs)        000000
__CFG_XINST$OFF               (abs)        000000
__HRAM                        (abs)        000000
__Habs1                       abs1         000000
__Hbank0                      bank0        000000
__Hbank1                      bank1        000000
__Hbank10                     bank10       000000
__Hbank11                     bank11       000000
__Hbank12                     bank12       000000
__Hbank2                      bank2        000000
__Hbank3                      bank3        000000
__Hbank4                      bank4        000000
__Hbank5                      bank5        000000
__Hbank6                      bank6        000000
__Hbank7                      bank7        000000
__Hbank8                      bank8        000000
__Hbank9                      bank9        000000
__Hbigbss                     bigbss       000000
__Hbigdata                    bigdata      000000
__Hbigram                     bigram       000000
__HbitbssCOMRAM               bitbssCOMRAM 000000
__Hbss                        bss          000000
__HbssBANK0                   bssBANK0     000000
__HbssBANK1                   bssBANK1     000000
__HbssCOMRAM                  bssCOMRAM    000000
__Hcinit                      cinit        000000
__Hclrtext                    clrtext      000000
__Hcomram                     comram       000000
__Hconfig                     config       30000E
__Hconst                      const        000000
__HcstackBANK0                cstackBANK0  000000
__HcstackBANK1                cstackBANK1  000000
__HcstackCOMRAM               cstackCOMRAM 000000
__Hdata                       data         000000
__HdataBANK0                  dataBANK0    000000
__HdataCOMRAM                 dataCOMRAM   000000
__Heeprom_data                eeprom_data  000000
__Hend_init                   end_init     00023C
__Hfarbss                     farbss       000000
__Hfardata                    fardata      000000
__Hibigdata                   ibigdata     000000
__Hidata                      idata        000000
__HidataBANK0                 idataBANK0   000000
__HidataCOMRAM                idataCOMRAM  000000
__Hidloc                      idloc        200008
__Hifardata                   ifardata     000000
__Hinit                       init         000238
__Hintcode                    intcode      000016
__Hintcode_body               intcode_body 000000
__Hintcodelo                  intcodelo    000238
__Hintentry                   intentry     000000
__Hintret                     intret       000000
__Hintsave_regs               intsave_regs 000000
__Hirdata                     irdata       000000
__Hmediumconst                mediumconst  000000
__HnvFARRAM                   nvFARRAM     000000
__Hnvbit                      nvbit        000000
__Hnvrram                     nvrram       000000
__Hparam                      param0       000000
__Hparam0                     param0       000000
__Hpowerup                    powerup      000238
__Hram                        ram          000000
__Hramtop                     ramtop       000D00
__Hrbit                       rbit         000000
__Hrbss                       rbss         000000
__Hrdata                      rdata        000000
__Hreset_vec                  reset_vec    000004
__Hsfr                        sfr          000000
__Hsmallconst                 smallconst   000D2E
__Hspace_0                    (abs)        30000E
__Hspace_1                    (abs)        000230
__Hspace_2                    (abs)        000000
__Hstack                      stack        000000
__Hstruct                     struct       000000
__Htemp                       temp         000048
__Htext                       text         000000
__Htext0                      text0        000000
__Htext1                      text1        000000
__Htext10                     text10       000000
__Htext11                     text11       000000
__Htext12                     text12       000000
__Htext13                     text13       000000
__Htext14                     text14       000000
__Htext15                     text15       000000
__Htext16                     text16       000000
__Htext17                     text17       000000
__Htext18                     text18       000000
__Htext19                     text19       000000
__Htext2                      text2        000000
__Htext20                     text20       000000
__Htext21                     text21       000000
__Htext22                     text22       000000
__Htext23                     text23       000000
__Htext24                     text24       000000
__Htext25                     text25       000000
__Htext27                     text27       000000
__Htext29                     text29       000000
__Htext3                      text3        000000
__Htext4                      text4        000000
__Htext5                      text5        000000
__Htext6                      text6        000000
__Htext7                      text7        000000
__Htext8                      text8        000000
__Htext9                      text9        000000
__LRAM                        (abs)        000001
__Labs1                       abs1         000000
__Lbank0                      bank0        000000
__Lbank1                      bank1        000000
__Lbank10                     bank10       000000
__Lbank11                     bank11       000000
__Lbank12                     bank12       000000
__Lbank2                      bank2        000000
__Lbank3                      bank3        000000
__Lbank4                      bank4        000000
__Lbank5                      bank5        000000
__Lbank6                      bank6        000000
__Lbank7                      bank7        000000
__Lbank8                      bank8        000000
__Lbank9                      bank9        000000
__Lbigbss                     bigbss       000000
__Lbigdata                    bigdata      000000
__Lbigram                     bigram       000000
__LbitbssCOMRAM               bitbssCOMRAM 000000
__Lbss                        bss          000000
__LbssBANK0                   bssBANK0     000000
__LbssBANK1                   bssBANK1     000000
__LbssCOMRAM                  bssCOMRAM    000000
__Lcinit                      cinit        000000
__Lclrtext                    clrtext      000000
__Lcomram                     comram       000000
__Lconfig                     config       300000
__Lconst                      const        000000
__LcstackBANK0                cstackBANK0  000000
__LcstackBANK1                cstackBANK1  000000
__LcstackCOMRAM               cstackCOMRAM 000000
__Ldata                       data         000000
__LdataBANK0                  dataBANK0    000000
__LdataCOMRAM                 dataCOMRAM   000000
__Leeprom_data                eeprom_data  000000
__Lend_init                   end_init     000238
__Lfarbss                     farbss       000000
__Lfardata                    fardata      000000
__Libigdata                   ibigdata     000000
__Lidata                      idata        000000
__LidataBANK0                 idataBANK0   000000
__LidataCOMRAM                idataCOMRAM  000000
__Lidloc                      idloc        200000
__Lifardata                   ifardata     000000
__Linit                       init         000238
__Lintcode                    intcode      000008
__Lintcode_body               intcode_body 000000
__Lintcodelo                  intcodelo    000018
__Lintentry                   intentry     000000
__Lintret                     intret       000000
__Lintsave_regs               intsave_regs 000000
__Lirdata                     irdata       000000
__Lmediumconst                mediumconst  000000
__LnvFARRAM                   nvFARRAM     000000
__Lnvbit                      nvbit        000000
__Lnvrram                     nvrram       000000
__Lparam                      param0       000000
__Lparam0                     param0       000000
__Lpowerup                    powerup      000238
__Lram                        ram          000000
__Lramtop                     ramtop       000D00
__Lrbit                       rbit         000000
__Lrbss                       rbss         000000
__Lrdata                      rdata        000000
__Lreset_vec                  reset_vec    000000
__Lsfr                        sfr          000000
__Lsmallconst                 smallconst   000D00
__Lspace_0                    (abs)        000000
__Lspace_1                    (abs)        000000
__Lspace_2                    (abs)        000000
__Lstack                      stack        000000
__Lstruct                     struct       000000
__Ltemp                       temp         000047
__Ltext                       text         000000
__Ltext0                      text0        000000
__Ltext1                      text1        000000
__Ltext10                     text10       000000
__Ltext11                     text11       000000
__Ltext12                     text12       000000
__Ltext13                     text13       000000
__Ltext14                     text14       000000
__Ltext15                     text15       000000
__Ltext16                     text16       000000
__Ltext17                     text17       000000
__Ltext18                     text18       000000
__Ltext19                     text19       000000
__Ltext2                      text2        000000
__Ltext20                     text20       000000
__Ltext21                     text21       000000
__Ltext22                     text22       000000
__Ltext23                     text23       000000
__Ltext24                     text24       000000
__Ltext25                     text25       000000
__Ltext27                     text27       000000
__Ltext29                     text29       000000
__Ltext3                      text3        000000
__Ltext4                      text4        000000
__Ltext5                      text5        000000
__Ltext6                      text6        000000
__Ltext7                      text7        000000
__Ltext8                      text8        000000
__Ltext9                      text9        000000
__S0                          (abs)        30000E
__S1                          (abs)        000178
__S2                          (abs)        000000
___fladd                      text14       0024CC
___fladd@a                    cstackBANK0  0000B1
___fladd@aexp                 cstackBANK0  0000BE
___fladd@b                    cstackBANK0  0000AD
___fladd@bexp                 cstackBANK0  0000BF
___fladd@grs                  cstackBANK0  0000C0
___fladd@signs                cstackBANK0  0000BD
___fldiv                      text16       0031E4
___fldiv@a                    cstackBANK0  00007B
___fldiv@aexp                 cstackBANK0  00008F
___fldiv@b                    cstackBANK0  000077
___fldiv@bexp                 cstackBANK0  00008E
___fldiv@grs                  cstackBANK0  00008A
___fldiv@new_exp              cstackBANK0  000088
___fldiv@rem                  cstackBANK0  000084
___fldiv@sign                 cstackBANK0  000083
___flge                       text15       004462
___flge@ff1                   cstackBANK0  0000B1
___flge@ff2                   cstackBANK0  0000B5
___flmul                      text13       002974
___flmul@a                    cstackBANK0  000094
___flmul@aexp                 cstackBANK0  00009D
___flmul@b                    cstackBANK0  000090
___flmul@bexp                 cstackBANK0  0000A2
___flmul@grs                  cstackBANK0  00009E
___flmul@prod                 cstackBANK0  0000A3
___flmul@sign                 cstackBANK0  00009C
___flmul@temp                 cstackBANK0  0000A7
___flneg                      text11       004D36
___flneg@f1                   cstackBANK0  0000A9
___fltol                      text19       00486C
___fltol@exp1                 cstackBANK0  000099
___fltol@f1                   cstackBANK0  000090
___fltol@sign1                cstackBANK0  000098
___inthi_sp                   stack        000000
___intlo_sp                   stack        000000
___lwdiv                      text29       004B18
___lwdiv@counter              cstackBANK0  000064
___lwdiv@dividend             cstackBANK0  000060
___lwdiv@divisor              cstackBANK0  000062
___lwdiv@quotient             cstackBANK0  000065
___param_bank                 (abs)        000000
___rparam_used                (abs)        000000
___sp                         stack        000000
___xxtofl                     text18       0040CE
___xxtofl@arg                 cstackBANK0  000085
___xxtofl@exp                 cstackBANK0  000084
___xxtofl@sign                cstackBANK0  000083
___xxtofl@val                 cstackBANK0  00007B
__accesstop                   (abs)        000060
__activetblptr                (abs)        000003
__end_of_CANInitialize        text21       004462
__end_of_CANOperationMode     text24       004DF4
__end_of_CANSetFilter         text23       001834
__end_of_CANSetMask           text22       003942
__end_of_CANisTxReady         text5        004DBE
__end_of_CANreceiveMessage    text27       0024CC
__end_of_CANsendMessage       text4        001FC0
__end_of_ISR_Alta             intcode_body 004A58
__end_of_ISR_Bassa            intcodelo    000238
__end_of___fladd              text14       002974
__end_of___fldiv              text16       0035A4
__end_of___flge               text15       0045F2
__end_of___flmul              text13       002E1A
__end_of___flneg              text11       004D6E
__end_of___fltol              text19       004978
__end_of___lwdiv              text29       004B90
__end_of___xxtofl             text18       00429C
__end_of__initialization      cinit        004C4C
__end_of_abs                  text17       004D9A
__end_of_asin                 text7        003C54
__end_of_atan                 text9        003EA6
__end_of_can_interpreter      text25       004CAA
__end_of_can_send             text3        004B18
__end_of_configurazione       text20       004BFC
__end_of_eval_poly            text12       00486C
__end_of_fabs                 text10       004D36
__end_of_main                 text0        004CF8
__end_of_parallelo            text6        0040CE
__end_of_park_routine         text2        004DDE
__end_of_park_search          text1        004754
__end_of_sqrt                 text8        0031E4
__end_ofatan@coeff_a          smallconst   000D19
__end_ofatan@coeff_b          smallconst   000D2D
__initialization              cinit        004BFC
__mediumconst                 mediumconst  000000
__pbitbssCOMRAM               bitbssCOMRAM 000228
__pbssBANK0                   bssBANK0     0000D1
__pbssBANK1                   bssBANK1     000100
__pbssCOMRAM                  bssCOMRAM    000024
__pcinit                      cinit        004BFC
__pcstackBANK0                cstackBANK0  000060
__pcstackBANK1                cstackBANK1  000149
__pcstackCOMRAM               cstackCOMRAM 000001
__pdataBANK0                  dataBANK0    0000E6
__pdataCOMRAM                 dataCOMRAM   000046
__pidataBANK0                 idataBANK0   004DF4
__pidataCOMRAM                idataCOMRAM  004DF6
__pintcode                    intcode      000008
__pintcode_body               intcode_body 004978
__pintcodelo                  intcodelo    000018
__psmallconst                 smallconst   000D00
__ptext0                      text0        004CAA
__ptext1                      text1        0045F2
__ptext10                     text10       004CF8
__ptext11                     text11       004D36
__ptext12                     text12       004754
__ptext13                     text13       002974
__ptext14                     text14       0024CC
__ptext15                     text15       004462
__ptext16                     text16       0031E4
__ptext17                     text17       004D6E
__ptext18                     text18       0040CE
__ptext19                     text19       00486C
__ptext2                      text2        004DBE
__ptext20                     text20       004B90
__ptext21                     text21       00429C
__ptext22                     text22       0035A4
__ptext23                     text23       000D2E
__ptext24                     text24       004DDE
__ptext25                     text25       004C56
__ptext27                     text27       001FC0
__ptext29                     text29       004B18
__ptext3                      text3        004A58
__ptext4                      text4        001834
__ptext5                      text5        004D9A
__ptext6                      text6        003EA6
__ptext7                      text7        003942
__ptext8                      text8        002E1A
__ptext9                      text9        003C54
__ramtop                      ramtop       000D00
__size_of_CANInitialize       (abs)        000000
__size_of_CANOperationMode    (abs)        000000
__size_of_CANSetFilter        (abs)        000000
__size_of_CANSetMask          (abs)        000000
__size_of_CANisTxReady        (abs)        000000
__size_of_CANreceiveMessage   (abs)        000000
__size_of_CANsendMessage      (abs)        000000
__size_of_ISR_Alta            (abs)        000000
__size_of_ISR_Bassa           (abs)        000000
__size_of___fladd             (abs)        000000
__size_of___fldiv             (abs)        000000
__size_of___flge              (abs)        000000
__size_of___flmul             (abs)        000000
__size_of___flneg             (abs)        000000
__size_of___fltol             (abs)        000000
__size_of___lwdiv             (abs)        000000
__size_of___xxtofl            (abs)        000000
__size_of_abs                 (abs)        000000
__size_of_asin                (abs)        000000
__size_of_atan                (abs)        000000
__size_of_can_interpreter     (abs)        000000
__size_of_can_send            (abs)        000000
__size_of_configurazione      (abs)        000000
__size_of_eval_poly           (abs)        000000
__size_of_fabs                (abs)        000000
__size_of_main                (abs)        000000
__size_of_parallelo           (abs)        000000
__size_of_park_routine        (abs)        000000
__size_of_park_search         (abs)        000000
__size_of_sqrt                (abs)        000000
__smallconst                  smallconst   000D00
_abs                          text17       004D6E
_activation                   bitbssCOMRAM 000228
_actual_speed                 bssBANK0     0000DD
_alignment_gap                bssBANK0     0000D1
_asin                         text7        003942
_asin$3617                    cstackBANK1  000172
_asin$3618                    cstackBANK1  00016A
_asin$3619                    cstackBANK1  000166
_asus                         bssCOMRAM    000043
_atan                         text9        003C54
_can_interpreter              text25       004C56
_can_send                     text3        004A58
_clock_counter_reference      bssCOMRAM    000034
_configurazione               text20       004B90
_data                         bssBANK1     000129
_data_brake                   bssBANK1     000131
_data_speed                   bssBANK1     000139
_data_speed_rx                bssBANK1     000108
_data_steering                bssBANK1     000141
_delay_quartz_frequency_value dataCOMRAM   000046
_dir                          bitbssCOMRAM 000229
_distance                     bssBANK0     0000DF
_distance_average             bssBANK0     0000E1
_distance_dx                  bssCOMRAM    000036
_distance_error               bitbssCOMRAM 00022A
_distance_received            bitbssCOMRAM 00022B
_distance_set                 bssBANK1     000110
_distance_sx                  bssCOMRAM    000038
_distance_wait                bitbssCOMRAM 00022C
_errno                        bssBANK1     000118
_eval_poly                    text12       004754
_fabs                         text10       004CF8
_gianni                       bssCOMRAM    000044
_left_speed                   bssCOMRAM    00003A
_main                         text0        004CAA
_msg                          bssBANK1     00011A
_parallelo                    text6        003EA6
_park_routine                 text2        004DBE
_park_search                  text1        0045F2
_pulse_time                   bssCOMRAM    00003C
_request_sent                 bitbssCOMRAM 00022D
_right_speed                  bssCOMRAM    00003E
_sensor_distance              bssCOMRAM    000024
_set_speed                    bssBANK0     0000E3
_spazio_parcheggio            dataBANK0    0000E6
_sqrt                         text8        002E1A
_start_operation              bitbssCOMRAM 00022E
_steering_correction          bssBANK0     0000E5
_steering_correction_dir      bitbssCOMRAM 00022F
_timerValue2                  bssCOMRAM    000040
_x                            bssBANK0     0000D5
_z                            bssBANK0     0000D9
abs@a                         cstackBANK0  000077
asin@sgn                      cstackBANK1  000162
asin@x                        cstackBANK1  00015E
asin@y                        cstackBANK1  00016E
atan@coeff_a                  smallconst   000D01
atan@coeff_b                  smallconst   000D19
atan@f                        cstackBANK1  000149
atan@recip                    cstackBANK1  000155
atan@val                      cstackBANK1  00015A
atan@val_squared              cstackBANK1  000156
atan@x                        cstackBANK1  000151
atan@y                        cstackBANK1  00014D
btemp                         temp         000047
end_of_initialization         cinit        004C4C
eval_poly@d                   cstackBANK0  0000C5
eval_poly@n                   cstackBANK0  0000C7
eval_poly@res                 cstackBANK0  0000CD
eval_poly@x                   cstackBANK0  0000C1
fabs@d                        cstackBANK0  0000AD
int$flags                     temp         000047
int_func                      intcode_body 004978
intlevel0                     text         000000
intlevel1                     text         000000
intlevel2                     text         000000
intlevel3                     text         000000
sqrt@a                        cstackBANK0  0000C1
sqrt@exp                      cstackBANK1  000154
sqrt@frac                     cstackBANK1  00015A
sqrt@grs                      cstackBANK1  000150
sqrt@i                        cstackBANK1  00014A
sqrt@p                        cstackBANK1  00014F
sqrt@root                     cstackBANK1  000156
sqrt@sign                     cstackBANK1  000149
sqrt@tfrac                    cstackBANK1  00014B
stackhi                       (abs)        000CFF
stacklo                       (abs)        000178
start                         init         000238
start_initialization          cinit        004BFC


FUNCTION INFORMATION:

 *************** function _main *****************
 Defined at:
		line 159 in file "parcheggio.c"
 Parameters:    Size  Location     Type
		None
 Auto vars:     Size  Location     Type
		None
 Return value:  Size  Location     Type
		None               void
 Registers used:
		wreg, fsr2l, fsr2h, status,2, status,0, tblptrl, tblptrh, tblptru, prodl, prodh, cstack
 Tracked objects:
		On entry : 
		On exit  : 
		Unchanged: 
 Data sizes:     COMRAM   BANK0   BANK1   BANK2   BANK3   BANK4   BANK5   BANK6   BANK7   BANK8   BANK9  BANK10  BANK11  BANK12
      Params:         0       0       0       0       0       0       0       0       0       0       0       0       0       0
      Locals:         0       0       0       0       0       0       0       0       0       0       0       0       0       0
      Temps:          0       0       0       0       0       0       0       0       0       0       0       0       0       0
      Totals:         0       0       0       0       0       0       0       0       0       0       0       0       0       0
Total ram usage:        0 bytes
 Hardware stack levels required when called:    9
 This function calls:
		_can_interpreter
		_configurazione
		_parallelo
		_park_routine
		_park_search
 This function is called by:
		Startup code after reset
 This function uses a non-reentrant model


 *************** function _park_search *****************
 Defined at:
		line 182 in file "parcheggio.c"
 Parameters:    Size  Location     Type
		None
 Auto vars:     Size  Location     Type
		None
 Return value:  Size  Location     Type
		None               void
 Registers used:
		wreg, fsr2l, fsr2h, status,2, status,0, cstack
 Tracked objects:
		On entry : 
		On exit  : 
		Unchanged: 
 Data sizes:     COMRAM   BANK0   BANK1   BANK2   BANK3   BANK4   BANK5   BANK6   BANK7   BANK8   BANK9  BANK10  BANK11  BANK12
      Params:         0       0       0       0       0       0       0       0       0       0       0       0       0       0
      Locals:         0       0       0       0       0       0       0       0       0       0       0       0       0       0
      Temps:          0       2       0       0       0       0       0       0       0       0       0       0       0       0
      Totals:         0       2       0       0       0       0       0       0       0       0       0       0       0       0
Total ram usage:        2 bytes
 Hardware stack levels used:    1
 Hardware stack levels required when called:    5
 This function calls:
		_CANisTxReady
		_CANsendMessage
		___xxtofl
		_abs
 This function is called by:
		_main
 This function uses a non-reentrant model


 *************** function _park_routine *****************
 Defined at:
		line 214 in file "parcheggio.c"
 Parameters:    Size  Location     Type
		None
 Auto vars:     Size  Location     Type
		None
 Return value:  Size  Location     Type
		None               void
 Registers used:
		wreg, fsr2l, fsr2h, status,2, status,0, cstack
 Tracked objects:
		On entry : 
		On exit  : 
		Unchanged: 
 Data sizes:     COMRAM   BANK0   BANK1   BANK2   BANK3   BANK4   BANK5   BANK6   BANK7   BANK8   BANK9  BANK10  BANK11  BANK12
      Params:         0       0       0       0       0       0       0       0       0       0       0       0       0       0
      Locals:         0       0       0       0       0       0       0       0       0       0       0       0       0       0
      Temps:          0       0       0       0       0       0       0       0       0       0       0       0       0       0
      Totals:         0       0       0       0       0       0       0       0       0       0       0       0       0       0
Total ram usage:        0 bytes
 Hardware stack levels used:    1
 Hardware stack levels required when called:    6
 This function calls:
		_can_send
 This function is called by:
		_main
 This function uses a non-reentrant model


 *************** function _can_send *****************
 Defined at:
		line 223 in file "parcheggio.c"
 Parameters:    Size  Location     Type
		None
 Auto vars:     Size  Location     Type
		None
 Return value:  Size  Location     Type
		None               void
 Registers used:
		wreg, fsr2l, fsr2h, status,2, status,0, cstack
 Tracked objects:
		On entry : 
		On exit  : 
		Unchanged: 
 Data sizes:     COMRAM   BANK0   BANK1   BANK2   BANK3   BANK4   BANK5   BANK6   BANK7   BANK8   BANK9  BANK10  BANK11  BANK12
      Params:         0       0       0       0       0       0       0       0       0       0       0       0       0       0
      Locals:         0       0       0       0       0       0       0       0       0       0       0       0       0       0
      Temps:          0       0       0       0       0       0       0       0       0       0       0       0       0       0
      Totals:         0       0       0       0       0       0       0       0       0       0       0       0       0       0
Total ram usage:        0 bytes
 Hardware stack levels used:    1
 Hardware stack levels required when called:    5
 This function calls:
		_CANisTxReady
		_CANsendMessage
 This function is called by:
		_park_routine
 This function uses a non-reentrant model


 *************** function _CANsendMessage *****************
 Defined at:
		line 294 in file "../../Scuola/Triennio/sistemi/4^/PIC/librerie/LaurTec_PIC_libraries_v_3.3.0/inc\CANlib.h"
 Parameters:    Size  Location     Type
  identifier      4   23[BANK0 ] unsigned long 
  data            2   27[BANK0 ] PTR unsigned char 
		 -> data_speed(8), data_steering(8), data_brake(8), data(8), 
  dataLength      1   29[BANK0 ] unsigned char 
  flags           1   30[BANK0 ] enum E16335
 Auto vars:     Size  Location     Type
  tamp            4   35[BANK0 ] unsigned long 
 Return value:  Size  Location     Type
		None               void
 Registers used:
		wreg, fsr2l, fsr2h, status,2, status,0
 Tracked objects:
		On entry : 
		On exit  : 
		Unchanged: 
 Data sizes:     COMRAM   BANK0   BANK1   BANK2   BANK3   BANK4   BANK5   BANK6   BANK7   BANK8   BANK9  BANK10  BANK11  BANK12
      Params:         0       8       0       0       0       0       0       0       0       0       0       0       0       0
      Locals:         0       4       0       0       0       0       0       0       0       0       0       0       0       0
      Temps:          0       4       0       0       0       0       0       0       0       0       0       0       0       0
      Totals:         0      16       0       0       0       0       0       0       0       0       0       0       0       0
Total ram usage:       16 bytes
 Hardware stack levels used:    1
 Hardware stack levels required when called:    4
 This function calls:
		Nothing
 This function is called by:
		_park_search
		_can_send
 This function uses a non-reentrant model


 *************** function _CANisTxReady *****************
 Defined at:
		line 1154 in file "../../Scuola/Triennio/sistemi/4^/PIC/librerie/LaurTec_PIC_libraries_v_3.3.0/inc\CANlib.h"
 Parameters:    Size  Location     Type
		None
 Auto vars:     Size  Location     Type
		None
 Return value:  Size  Location     Type
                  1    wreg      unsigned char 
 Registers used:
		wreg, status,2
 Tracked objects:
		On entry : 
		On exit  : 
		Unchanged: 
 Data sizes:     COMRAM   BANK0   BANK1   BANK2   BANK3   BANK4   BANK5   BANK6   BANK7   BANK8   BANK9  BANK10  BANK11  BANK12
      Params:         0       0       0       0       0       0       0       0       0       0       0       0       0       0
      Locals:         0       1       0       0       0       0       0       0       0       0       0       0       0       0
      Temps:          0       0       0       0       0       0       0       0       0       0       0       0       0       0
      Totals:         0       1       0       0       0       0       0       0       0       0       0       0       0       0
Total ram usage:        1 bytes
 Hardware stack levels used:    1
 Hardware stack levels required when called:    4
 This function calls:
		Nothing
 This function is called by:
		_park_search
		_can_send
 This function uses a non-reentrant model


 *************** function _parallelo *****************
 Defined at:
		line 235 in file "parcheggio.c"
 Parameters:    Size  Location     Type
		None
 Auto vars:     Size  Location     Type
		None
 Return value:  Size  Location     Type
		None               void
 Registers used:
		wreg, fsr2l, fsr2h, status,2, status,0, tblptrl, tblptrh, tblptru, prodl, prodh, cstack
 Tracked objects:
		On entry : 
		On exit  : 
		Unchanged: 
 Data sizes:     COMRAM   BANK0   BANK1   BANK2   BANK3   BANK4   BANK5   BANK6   BANK7   BANK8   BANK9  BANK10  BANK11  BANK12
      Params:         0       0       0       0       0       0       0       0       0       0       0       0       0       0
      Locals:         0       0       0       0       0       0       0       0       0       0       0       0       0       0
      Temps:          0       0       2       0       0       0       0       0       0       0       0       0       0       0
      Totals:         0       0       2       0       0       0       0       0       0       0       0       0       0       0
Total ram usage:        2 bytes
 Hardware stack levels used:    1
 Hardware stack levels required when called:    8
 This function calls:
		___fladd
		___fldiv
		___flge
		___flmul
		___fltol
		___xxtofl
		_abs
		_asin
		_sqrt
 This function is called by:
		_main
 This function uses a non-reentrant model


 *************** function _asin *****************
 Defined at:
		line 9 in file "P:\Programmi\Microchip\xc8\v1.35\sources\common\asin.c"
 Parameters:    Size  Location     Type
  x               4   21[BANK1 ] unsigned char 
 Auto vars:     Size  Location     Type
  y               4   37[BANK1 ] unsigned char 
  sgn             4   25[BANK1 ] unsigned char 
 Return value:  Size  Location     Type
                  4   21[BANK1 ] unsigned char 
 Registers used:
		wreg, status,2, status,0, tblptrl, tblptrh, tblptru, prodl, prodh, cstack
 Tracked objects:
		On entry : 
		On exit  : 
		Unchanged: 
 Data sizes:     COMRAM   BANK0   BANK1   BANK2   BANK3   BANK4   BANK5   BANK6   BANK7   BANK8   BANK9  BANK10  BANK11  BANK12
      Params:         0       0       4       0       0       0       0       0       0       0       0       0       0       0
      Locals:         0       0      20       0       0       0       0       0       0       0       0       0       0       0
      Temps:          0       0       0       0       0       0       0       0       0       0       0       0       0       0
      Totals:         0       0      24       0       0       0       0       0       0       0       0       0       0       0
Total ram usage:       24 bytes
 Hardware stack levels used:    1
 Hardware stack levels required when called:    7
 This function calls:
		___fladd
		___fldiv
		___flge
		___flmul
		___flneg
		_atan
		_fabs
		_sqrt
 This function is called by:
		_parallelo
 This function uses a non-reentrant model


 *************** function _sqrt *****************
 Defined at:
		line 9 in file "P:\Programmi\Microchip\xc8\v1.35\sources\common\sprcsqrt.c"
 Parameters:    Size  Location     Type
  a               4   97[BANK0 ] unsigned char 
 Auto vars:     Size  Location     Type
  frac            4   17[BANK1 ] unsigned long 
  root            4   13[BANK1 ] struct .
  grs             4    7[BANK1 ] unsigned long 
  tfrac           4    2[BANK1 ] unsigned long 
  exp             2   11[BANK1 ] int 
  p               1    6[BANK1 ] unsigned char 
  i               1    1[BANK1 ] unsigned char 
  sign            1    0[BANK1 ] unsigned char 
 Return value:  Size  Location     Type
                  4   97[BANK0 ] unsigned char 
 Registers used:
		wreg, status,2, status,0
 Tracked objects:
		On entry : 
		On exit  : 
		Unchanged: 
 Data sizes:     COMRAM   BANK0   BANK1   BANK2   BANK3   BANK4   BANK5   BANK6   BANK7   BANK8   BANK9  BANK10  BANK11  BANK12
      Params:         0       4       0       0       0       0       0       0       0       0       0       0       0       0
      Locals:         0       0      21       0       0       0       0       0       0       0       0       0       0       0
      Temps:          0       4       0       0       0       0       0       0       0       0       0       0       0       0
      Totals:         0       8      21       0       0       0       0       0       0       0       0       0       0       0
Total ram usage:       29 bytes
 Hardware stack levels used:    1
 Hardware stack levels required when called:    4
 This function calls:
		Nothing
 This function is called by:
		_parallelo
		_asin
 This function uses a non-reentrant model


 *************** function _atan *****************
 Defined at:
		line 8 in file "P:\Programmi\Microchip\xc8\v1.35\sources\common\atan.c"
 Parameters:    Size  Location     Type
  f               4    0[BANK1 ] unsigned char 
 Auto vars:     Size  Location     Type
  val             4   17[BANK1 ] unsigned char 
  val_squared     4   13[BANK1 ] unsigned char 
  x               4    8[BANK1 ] unsigned char 
  y               4    4[BANK1 ] unsigned char 
  recip           1   12[BANK1 ] unsigned char 
 Return value:  Size  Location     Type
                  4    0[BANK1 ] unsigned char 
 Registers used:
		wreg, status,2, status,0, tblptrl, tblptrh, tblptru, prodl, prodh, cstack
 Tracked objects:
		On entry : 
		On exit  : 
		Unchanged: 
 Data sizes:     COMRAM   BANK0   BANK1   BANK2   BANK3   BANK4   BANK5   BANK6   BANK7   BANK8   BANK9  BANK10  BANK11  BANK12
      Params:         0       0       4       0       0       0       0       0       0       0       0       0       0       0
      Locals:         0       0      17       0       0       0       0       0       0       0       0       0       0       0
      Temps:          0       0       0       0       0       0       0       0       0       0       0       0       0       0
      Totals:         0       0      21       0       0       0       0       0       0       0       0       0       0       0
Total ram usage:       21 bytes
 Hardware stack levels used:    1
 Hardware stack levels required when called:    6
 This function calls:
		___fladd
		___fldiv
		___flge
		___flmul
		___flneg
		_eval_poly
		_fabs
 This function is called by:
		_asin
 This function uses a non-reentrant model


 *************** function _fabs *****************
 Defined at:
		line 4 in file "P:\Programmi\Microchip\xc8\v1.35\sources\common\fabs.c"
 Parameters:    Size  Location     Type
  d               4   77[BANK0 ] unsigned char 
 Auto vars:     Size  Location     Type
		None
 Return value:  Size  Location     Type
                  4   77[BANK0 ] unsigned char 
 Registers used:
		wreg, status,2, status,0, cstack
 Tracked objects:
		On entry : 
		On exit  : 
		Unchanged: 
 Data sizes:     COMRAM   BANK0   BANK1   BANK2   BANK3   BANK4   BANK5   BANK6   BANK7   BANK8   BANK9  BANK10  BANK11  BANK12
      Params:         0       4       0       0       0       0       0       0       0       0       0       0       0       0
      Locals:         0       0       0       0       0       0       0       0       0       0       0       0       0       0
      Temps:          0       0       0       0       0       0       0       0       0       0       0       0       0       0
      Totals:         0       4       0       0       0       0       0       0       0       0       0       0       0       0
Total ram usage:        4 bytes
 Hardware stack levels used:    1
 Hardware stack levels required when called:    5
 This function calls:
		___flneg
 This function is called by:
		_asin
		_atan
 This function uses a non-reentrant model


 *************** function ___flneg *****************
 Defined at:
		line 15 in file "P:\Programmi\Microchip\xc8\v1.35\sources\common\flneg.c"
 Parameters:    Size  Location     Type
  f1              4   73[BANK0 ] unsigned char 
 Auto vars:     Size  Location     Type
		None
 Return value:  Size  Location     Type
                  4   73[BANK0 ] unsigned char 
 Registers used:
		wreg, status,2, status,0
 Tracked objects:
		On entry : 
		On exit  : 
		Unchanged: 
 Data sizes:     COMRAM   BANK0   BANK1   BANK2   BANK3   BANK4   BANK5   BANK6   BANK7   BANK8   BANK9  BANK10  BANK11  BANK12
      Params:         0       4       0       0       0       0       0       0       0       0       0       0       0       0
      Locals:         0       0       0       0       0       0       0       0       0       0       0       0       0       0
      Temps:          0       0       0       0       0       0       0       0       0       0       0       0       0       0
      Totals:         0       4       0       0       0       0       0       0       0       0       0       0       0       0
Total ram usage:        4 bytes
 Hardware stack levels used:    1
 Hardware stack levels required when called:    4
 This function calls:
		Nothing
 This function is called by:
		_asin
		_atan
		_fabs
 This function uses a non-reentrant model


 *************** function _eval_poly *****************
 Defined at:
		line 4 in file "P:\Programmi\Microchip\xc8\v1.35\sources\common\evalpoly.c"
 Parameters:    Size  Location     Type
  x               4   97[BANK0 ] unsigned char 
  d               2  101[BANK0 ] PTR const 
		 -> atan@coeff_a(24), atan@coeff_b(20), 
  n               2  103[BANK0 ] int 
 Auto vars:     Size  Location     Type
  res             4  109[BANK0 ] int 
 Return value:  Size  Location     Type
                  4   97[BANK0 ] int 
 Registers used:
		wreg, status,2, status,0, tblptrl, tblptrh, tblptru, prodl, prodh, cstack
 Tracked objects:
		On entry : 
		On exit  : 
		Unchanged: 
 Data sizes:     COMRAM   BANK0   BANK1   BANK2   BANK3   BANK4   BANK5   BANK6   BANK7   BANK8   BANK9  BANK10  BANK11  BANK12
      Params:         0       8       0       0       0       0       0       0       0       0       0       0       0       0
      Locals:         0       4       0       0       0       0       0       0       0       0       0       0       0       0
      Temps:          0       4       0       0       0       0       0       0       0       0       0       0       0       0
      Totals:         0      16       0       0       0       0       0       0       0       0       0       0       0       0
Total ram usage:       16 bytes
 Hardware stack levels used:    1
 Hardware stack levels required when called:    5
 This function calls:
		___fladd
		___flmul
 This function is called by:
		_atan
 This function uses a non-reentrant model


 *************** function ___flmul *****************
 Defined at:
		line 8 in file "P:\Programmi\Microchip\xc8\v1.35\sources\common\sprcmul.c"
 Parameters:    Size  Location     Type
  b               4   48[BANK0 ] int 
  a               4   52[BANK0 ] int 
 Auto vars:     Size  Location     Type
  prod            4   67[BANK0 ] struct .
  grs             4   62[BANK0 ] unsigned long 
  temp            2   71[BANK0 ] struct .
  bexp            1   66[BANK0 ] unsigned char 
  aexp            1   61[BANK0 ] unsigned char 
  sign            1   60[BANK0 ] unsigned char 
 Return value:  Size  Location     Type
                  4   48[BANK0 ] unsigned char 
 Registers used:
		wreg, status,2, status,0, prodl, prodh
 Tracked objects:
		On entry : 
		On exit  : 
		Unchanged: 
 Data sizes:     COMRAM   BANK0   BANK1   BANK2   BANK3   BANK4   BANK5   BANK6   BANK7   BANK8   BANK9  BANK10  BANK11  BANK12
      Params:         0       8       0       0       0       0       0       0       0       0       0       0       0       0
      Locals:         0      13       0       0       0       0       0       0       0       0       0       0       0       0
      Temps:          0       4       0       0       0       0       0       0       0       0       0       0       0       0
      Totals:         0      25       0       0       0       0       0       0       0       0       0       0       0       0
Total ram usage:       25 bytes
 Hardware stack levels used:    1
 Hardware stack levels required when called:    4
 This function calls:
		Nothing
 This function is called by:
		_parallelo
		_asin
		_atan
		_eval_poly
 This function uses a non-reentrant model


 *************** function ___fladd *****************
 Defined at:
		line 10 in file "P:\Programmi\Microchip\xc8\v1.35\sources\common\sprcadd.c"
 Parameters:    Size  Location     Type
  b               4   77[BANK0 ] unsigned char 
  a               4   81[BANK0 ] unsigned char 
 Auto vars:     Size  Location     Type
  grs             1   96[BANK0 ] unsigned char 
  bexp            1   95[BANK0 ] unsigned char 
  aexp            1   94[BANK0 ] unsigned char 
  signs           1   93[BANK0 ] unsigned char 
 Return value:  Size  Location     Type
                  4   77[BANK0 ] unsigned char 
 Registers used:
		wreg, status,2, status,0
 Tracked objects:
		On entry : 
		On exit  : 
		Unchanged: 
 Data sizes:     COMRAM   BANK0   BANK1   BANK2   BANK3   BANK4   BANK5   BANK6   BANK7   BANK8   BANK9  BANK10  BANK11  BANK12
      Params:         0       8       0       0       0       0       0       0       0       0       0       0       0       0
      Locals:         0       4       0       0       0       0       0       0       0       0       0       0       0       0
      Temps:          0       8       0       0       0       0       0       0       0       0       0       0       0       0
      Totals:         0      20       0       0       0       0       0       0       0       0       0       0       0       0
Total ram usage:       20 bytes
 Hardware stack levels used:    1
 Hardware stack levels required when called:    4
 This function calls:
		Nothing
 This function is called by:
		_parallelo
		_asin
		_atan
		_eval_poly
 This function uses a non-reentrant model


 *************** function ___flge *****************
 Defined at:
		line 4 in file "P:\Programmi\Microchip\xc8\v1.35\sources\common\flge.c"
 Parameters:    Size  Location     Type
  ff1             4   81[BANK0 ] unsigned char 
  ff2             4   85[BANK0 ] unsigned char 
 Auto vars:     Size  Location     Type
		None
 Return value:  Size  Location     Type
		None               void
 Registers used:
		wreg, status,2, status,0
 Tracked objects:
		On entry : 
		On exit  : 
		Unchanged: 
 Data sizes:     COMRAM   BANK0   BANK1   BANK2   BANK3   BANK4   BANK5   BANK6   BANK7   BANK8   BANK9  BANK10  BANK11  BANK12
      Params:         0       8       0       0       0       0       0       0       0       0       0       0       0       0
      Locals:         0       0       0       0       0       0       0       0       0       0       0       0       0       0
      Temps:          0       4       0       0       0       0       0       0       0       0       0       0       0       0
      Totals:         0      12       0       0       0       0       0       0       0       0       0       0       0       0
Total ram usage:       12 bytes
 Hardware stack levels used:    1
 Hardware stack levels required when called:    4
 This function calls:
		Nothing
 This function is called by:
		_parallelo
		_asin
		_atan
 This function uses a non-reentrant model


 *************** function ___fldiv *****************
 Defined at:
		line 11 in file "P:\Programmi\Microchip\xc8\v1.35\sources\common\sprcdiv.c"
 Parameters:    Size  Location     Type
  b               4   23[BANK0 ] unsigned char 
  a               4   27[BANK0 ] unsigned char 
 Auto vars:     Size  Location     Type
  grs             4   42[BANK0 ] unsigned long 
  rem             4   36[BANK0 ] unsigned long 
  new_exp         2   40[BANK0 ] int 
  aexp            1   47[BANK0 ] unsigned char 
  bexp            1   46[BANK0 ] unsigned char 
  sign            1   35[BANK0 ] unsigned char 
 Return value:  Size  Location     Type
                  4   23[BANK0 ] unsigned char 
 Registers used:
		wreg, status,2, status,0
 Tracked objects:
		On entry : 
		On exit  : 
		Unchanged: 
 Data sizes:     COMRAM   BANK0   BANK1   BANK2   BANK3   BANK4   BANK5   BANK6   BANK7   BANK8   BANK9  BANK10  BANK11  BANK12
      Params:         0       8       0       0       0       0       0       0       0       0       0       0       0       0
      Locals:         0      13       0       0       0       0       0       0       0       0       0       0       0       0
      Temps:          0       4       0       0       0       0       0       0       0       0       0       0       0       0
      Totals:         0      25       0       0       0       0       0       0       0       0       0       0       0       0
Total ram usage:       25 bytes
 Hardware stack levels used:    1
 Hardware stack levels required when called:    4
 This function calls:
		Nothing
 This function is called by:
		_parallelo
		_asin
		_atan
 This function uses a non-reentrant model


 *************** function _abs *****************
 Defined at:
		line 4 in file "P:\Programmi\Microchip\xc8\v1.35\sources\common\abs.c"
 Parameters:    Size  Location     Type
  a               2   23[BANK0 ] int 
 Auto vars:     Size  Location     Type
		None
 Return value:  Size  Location     Type
                  2   23[BANK0 ] int 
 Registers used:
		wreg, status,2, status,0
 Tracked objects:
		On entry : 
		On exit  : 
		Unchanged: 
 Data sizes:     COMRAM   BANK0   BANK1   BANK2   BANK3   BANK4   BANK5   BANK6   BANK7   BANK8   BANK9  BANK10  BANK11  BANK12
      Params:         0       2       0       0       0       0       0       0       0       0       0       0       0       0
      Locals:         0       0       0       0       0       0       0       0       0       0       0       0       0       0
      Temps:          0       2       0       0       0       0       0       0       0       0       0       0       0       0
      Totals:         0       4       0       0       0       0       0       0       0       0       0       0       0       0
Total ram usage:        4 bytes
 Hardware stack levels used:    1
 Hardware stack levels required when called:    4
 This function calls:
		Nothing
 This function is called by:
		_park_search
		_parallelo
 This function uses a non-reentrant model


 *************** function ___xxtofl *****************
 Defined at:
		line 10 in file "P:\Programmi\Microchip\xc8\v1.35\sources\common\xxtofl.c"
 Parameters:    Size  Location     Type
  sign            1    wreg     unsigned char 
  val             4   27[BANK0 ] long 
 Auto vars:     Size  Location     Type
  sign            1   35[BANK0 ] unsigned char 
  arg             4   37[BANK0 ] unsigned long 
  exp             1   36[BANK0 ] unsigned char 
 Return value:  Size  Location     Type
                  4   27[BANK0 ] unsigned char 
 Registers used:
		wreg, status,2, status,0
 Tracked objects:
		On entry : 
		On exit  : 
		Unchanged: 
 Data sizes:     COMRAM   BANK0   BANK1   BANK2   BANK3   BANK4   BANK5   BANK6   BANK7   BANK8   BANK9  BANK10  BANK11  BANK12
      Params:         0       4       0       0       0       0       0       0       0       0       0       0       0       0
      Locals:         0       6       0       0       0       0       0       0       0       0       0       0       0       0
      Temps:          0       4       0       0       0       0       0       0       0       0       0       0       0       0
      Totals:         0      14       0       0       0       0       0       0       0       0       0       0       0       0
Total ram usage:       14 bytes
 Hardware stack levels used:    1
 Hardware stack levels required when called:    4
 This function calls:
		Nothing
 This function is called by:
		_park_search
		_parallelo
 This function uses a non-reentrant model


 *************** function ___fltol *****************
 Defined at:
		line 43 in file "P:\Programmi\Microchip\xc8\v1.35\sources\common\fltol.c"
 Parameters:    Size  Location     Type
  f1              4   48[BANK0 ] unsigned char 
 Auto vars:     Size  Location     Type
  exp1            1   57[BANK0 ] unsigned char 
  sign1           1   56[BANK0 ] unsigned char 
 Return value:  Size  Location     Type
                  4   48[BANK0 ] long 
 Registers used:
		wreg, status,2, status,0
 Tracked objects:
		On entry : 
		On exit  : 
		Unchanged: 
 Data sizes:     COMRAM   BANK0   BANK1   BANK2   BANK3   BANK4   BANK5   BANK6   BANK7   BANK8   BANK9  BANK10  BANK11  BANK12
      Params:         0       4       0       0       0       0       0       0       0       0       0       0       0       0
      Locals:         0       2       0       0       0       0       0       0       0       0       0       0       0       0
      Temps:          0       4       0       0       0       0       0       0       0       0       0       0       0       0
      Totals:         0      10       0       0       0       0       0       0       0       0       0       0       0       0
Total ram usage:       10 bytes
 Hardware stack levels used:    1
 Hardware stack levels required when called:    4
 This function calls:
		Nothing
 This function is called by:
		_parallelo
 This function uses a non-reentrant model


 *************** function _configurazione *****************
 Defined at:
		line 267 in file "parcheggio.c"
 Parameters:    Size  Location     Type
		None
 Auto vars:     Size  Location     Type
		None
 Return value:  Size  Location     Type
		None               void
 Registers used:
		wreg, status,2, status,0, cstack
 Tracked objects:
		On entry : 
		On exit  : 
		Unchanged: 
 Data sizes:     COMRAM   BANK0   BANK1   BANK2   BANK3   BANK4   BANK5   BANK6   BANK7   BANK8   BANK9  BANK10  BANK11  BANK12
      Params:         0       0       0       0       0       0       0       0       0       0       0       0       0       0
      Locals:         0       0       0       0       0       0       0       0       0       0       0       0       0       0
      Temps:          0       0       0       0       0       0       0       0       0       0       0       0       0       0
      Totals:         0       0       0       0       0       0       0       0       0       0       0       0       0       0
Total ram usage:        0 bytes
 Hardware stack levels used:    1
 Hardware stack levels required when called:    6
 This function calls:
		_CANInitialize
 This function is called by:
		_main
 This function uses a non-reentrant model


 *************** function _CANInitialize *****************
 Defined at:
		line 218 in file "../../Scuola/Triennio/sistemi/4^/PIC/librerie/LaurTec_PIC_libraries_v_3.3.0/inc\CANlib.h"
 Parameters:    Size  Location     Type
  propSeg         1    wreg     unsigned char 
  phaseSeg1       1   37[BANK0 ] unsigned char 
  phaseSeg2       1   38[BANK0 ] unsigned char 
  SJW             1   39[BANK0 ] unsigned char 
  BRP             1   40[BANK0 ] unsigned char 
  flags           1   41[BANK0 ] enum E16313
 Auto vars:     Size  Location     Type
  propSeg         1   46[BANK0 ] unsigned char 
  FilterConfig    1   48[BANK0 ] unsigned char 
  FilterConfig    1   47[BANK0 ] unsigned char 
 Return value:  Size  Location     Type
		None               void
 Registers used:
		wreg, status,2, status,0, cstack
 Tracked objects:
		On entry : 
		On exit  : 
		Unchanged: 
 Data sizes:     COMRAM   BANK0   BANK1   BANK2   BANK3   BANK4   BANK5   BANK6   BANK7   BANK8   BANK9  BANK10  BANK11  BANK12
      Params:         0       5       0       0       0       0       0       0       0       0       0       0       0       0
      Locals:         0       3       0       0       0       0       0       0       0       0       0       0       0       0
      Temps:          0       4       0       0       0       0       0       0       0       0       0       0       0       0
      Totals:         0      12       0       0       0       0       0       0       0       0       0       0       0       0
Total ram usage:       12 bytes
 Hardware stack levels used:    1
 Hardware stack levels required when called:    5
 This function calls:
		_CANOperationMode
		_CANSetFilter
		_CANSetMask
 This function is called by:
		_configurazione
 This function uses a non-reentrant model


 *************** function _CANSetMask *****************
 Defined at:
		line 640 in file "../../Scuola/Triennio/sistemi/4^/PIC/librerie/LaurTec_PIC_libraries_v_3.3.0/inc\CANlib.h"
 Parameters:    Size  Location     Type
  numBuffer       1    wreg     enum E16347
  mask            4   23[BANK0 ] unsigned long 
  type            1   27[BANK0 ] enum E16313
 Auto vars:     Size  Location     Type
  numBuffer       1   32[BANK0 ] enum E16347
  tamp            4   33[BANK0 ] unsigned long 
 Return value:  Size  Location     Type
		None               void
 Registers used:
		wreg, status,2, status,0
 Tracked objects:
		On entry : 
		On exit  : 
		Unchanged: 
 Data sizes:     COMRAM   BANK0   BANK1   BANK2   BANK3   BANK4   BANK5   BANK6   BANK7   BANK8   BANK9  BANK10  BANK11  BANK12
      Params:         0       5       0       0       0       0       0       0       0       0       0       0       0       0
      Locals:         0       5       0       0       0       0       0       0       0       0       0       0       0       0
      Temps:          0       4       0       0       0       0       0       0       0       0       0       0       0       0
      Totals:         0      14       0       0       0       0       0       0       0       0       0       0       0       0
Total ram usage:       14 bytes
 Hardware stack levels used:    1
 Hardware stack levels required when called:    4
 This function calls:
		Nothing
 This function is called by:
		_CANInitialize
 This function uses a non-reentrant model


 *************** function _CANSetFilter *****************
 Defined at:
		line 748 in file "../../Scuola/Triennio/sistemi/4^/PIC/librerie/LaurTec_PIC_libraries_v_3.3.0/inc\CANlib.h"
 Parameters:    Size  Location     Type
  numBuffer       1    wreg     enum E16350
  filter          4   23[BANK0 ] unsigned long 
  type            1   27[BANK0 ] enum E16313
 Auto vars:     Size  Location     Type
  numBuffer       1   32[BANK0 ] enum E16350
  tamp            4   33[BANK0 ] unsigned long 
 Return value:  Size  Location     Type
		None               void
 Registers used:
		wreg, status,2, status,0
 Tracked objects:
		On entry : 
		On exit  : 
		Unchanged: 
 Data sizes:     COMRAM   BANK0   BANK1   BANK2   BANK3   BANK4   BANK5   BANK6   BANK7   BANK8   BANK9  BANK10  BANK11  BANK12
      Params:         0       5       0       0       0       0       0       0       0       0       0       0       0       0
      Locals:         0       5       0       0       0       0       0       0       0       0       0       0       0       0
      Temps:          0       4       0       0       0       0       0       0       0       0       0       0       0       0
      Totals:         0      14       0       0       0       0       0       0       0       0       0       0       0       0
Total ram usage:       14 bytes
 Hardware stack levels used:    1
 Hardware stack levels required when called:    4
 This function calls:
		Nothing
 This function is called by:
		_CANInitialize
 This function uses a non-reentrant model


 *************** function _CANOperationMode *****************
 Defined at:
		line 206 in file "../../Scuola/Triennio/sistemi/4^/PIC/librerie/LaurTec_PIC_libraries_v_3.3.0/inc\CANlib.h"
 Parameters:    Size  Location     Type
  mode            1    wreg     enum E16307
 Auto vars:     Size  Location     Type
  mode            1   23[BANK0 ] enum E16307
 Return value:  Size  Location     Type
		None               void
 Registers used:
		wreg, status,2, status,0
 Tracked objects:
		On entry : 
		On exit  : 
		Unchanged: 
 Data sizes:     COMRAM   BANK0   BANK1   BANK2   BANK3   BANK4   BANK5   BANK6   BANK7   BANK8   BANK9  BANK10  BANK11  BANK12
      Params:         0       0       0       0       0       0       0       0       0       0       0       0       0       0
      Locals:         0       1       0       0       0       0       0       0       0       0       0       0       0       0
      Temps:          0       0       0       0       0       0       0       0       0       0       0       0       0       0
      Totals:         0       1       0       0       0       0       0       0       0       0       0       0       0       0
Total ram usage:        1 bytes
 Hardware stack levels used:    1
 Hardware stack levels required when called:    4
 This function calls:
		Nothing
 This function is called by:
		_CANInitialize
 This function uses a non-reentrant model


 *************** function _can_interpreter *****************
 Defined at:
		line 259 in file "parcheggio.c"
 Parameters:    Size  Location     Type
		None
 Auto vars:     Size  Location     Type
		None
 Return value:  Size  Location     Type
		None               void
 Registers used:
		wreg, status,2, status,0
 Tracked objects:
		On entry : 
		On exit  : 
		Unchanged: 
 Data sizes:     COMRAM   BANK0   BANK1   BANK2   BANK3   BANK4   BANK5   BANK6   BANK7   BANK8   BANK9  BANK10  BANK11  BANK12
      Params:         0       0       0       0       0       0       0       0       0       0       0       0       0       0
      Locals:         0       0       0       0       0       0       0       0       0       0       0       0       0       0
      Temps:          0       4       0       0       0       0       0       0       0       0       0       0       0       0
      Totals:         0       4       0       0       0       0       0       0       0       0       0       0       0       0
Total ram usage:        4 bytes
 Hardware stack levels used:    1
 Hardware stack levels required when called:    4
 This function calls:
		Nothing
 This function is called by:
		_main
 This function uses a non-reentrant model


 *************** function _ISR_Bassa *****************
 Defined at:
		line 90 in file "parcheggio.c"
 Parameters:    Size  Location     Type
		None
 Auto vars:     Size  Location     Type
  i               1   34[COMRAM] unsigned char 
  gigi            1   33[COMRAM] unsigned char 
 Return value:  Size  Location     Type
		None               void
 Registers used:
		wreg, fsr1l, fsr1h, fsr2l, fsr2h, status,2, status,0, prodl, prodh, cstack
 Tracked objects:
		On entry : 
		On exit  : 
		Unchanged: 
 Data sizes:     COMRAM   BANK0   BANK1   BANK2   BANK3   BANK4   BANK5   BANK6   BANK7   BANK8   BANK9  BANK10  BANK11  BANK12
      Params:         0       0       0       0       0       0       0       0       0       0       0       0       0       0
      Locals:         2       0       0       0       0       0       0       0       0       0       0       0       0       0
      Temps:         21       0       0       0       0       0       0       0       0       0       0       0       0       0
      Totals:        23       0       0       0       0       0       0       0       0       0       0       0       0       0
Total ram usage:       23 bytes
 Hardware stack levels used:    1
 Hardware stack levels required when called:    3
 This function calls:
		_CANreceiveMessage
 This function is called by:
		Interrupt level 1
 This function uses a non-reentrant model


 *************** function _CANreceiveMessage *****************
 Defined at:
		line 528 in file "../../Scuola/Triennio/sistemi/4^/PIC/librerie/LaurTec_PIC_libraries_v_3.3.0/inc\CANlib.h"
 Parameters:    Size  Location     Type
  msg             2    0[COMRAM] PTR struct .
		 -> msg(15), 
 Auto vars:     Size  Location     Type
  tamp            1   11[COMRAM] unsigned char 
  error           1   10[COMRAM] unsigned char 
 Return value:  Size  Location     Type
                  1    wreg      unsigned char 
 Registers used:
		wreg, fsr2l, fsr2h, status,2, status,0
 Tracked objects:
		On entry : 
		On exit  : 
		Unchanged: 
 Data sizes:     COMRAM   BANK0   BANK1   BANK2   BANK3   BANK4   BANK5   BANK6   BANK7   BANK8   BANK9  BANK10  BANK11  BANK12
      Params:         2       0       0       0       0       0       0       0       0       0       0       0       0       0
      Locals:         2       0       0       0       0       0       0       0       0       0       0       0       0       0
      Temps:          8       0       0       0       0       0       0       0       0       0       0       0       0       0
      Totals:        12       0       0       0       0       0       0       0       0       0       0       0       0       0
Total ram usage:       12 bytes
 Hardware stack levels used:    1
 Hardware stack levels required when called:    2
 This function calls:
		Nothing
 This function is called by:
		_ISR_Bassa
 This function uses a non-reentrant model


 *************** function _ISR_Alta *****************
 Defined at:
		line 71 in file "parcheggio.c"
 Parameters:    Size  Location     Type
		None
 Auto vars:     Size  Location     Type
		None
 Return value:  Size  Location     Type
		None               void
 Registers used:
		wreg, fsr2l, fsr2h, status,2, status,0, prodl, prodh, cstack
 Tracked objects:
		On entry : 
		On exit  : 
		Unchanged: 
 Data sizes:     COMRAM   BANK0   BANK1   BANK2   BANK3   BANK4   BANK5   BANK6   BANK7   BANK8   BANK9  BANK10  BANK11  BANK12
      Params:         0       0       0       0       0       0       0       0       0       0       0       0       0       0
      Locals:         0       0       0       0       0       0       0       0       0       0       0       0       0       0
      Temps:          0      16       0       0       0       0       0       0       0       0       0       0       0       0
      Totals:         0      16       0       0       0       0       0       0       0       0       0       0       0       0
Total ram usage:       16 bytes
 Hardware stack levels used:    1
 Hardware stack levels required when called:    1
 This function calls:
		___lwdiv
 This function is called by:
		Interrupt level 2
 This function uses a non-reentrant model


 *************** function ___lwdiv *****************
 Defined at:
		line 8 in file "P:\Programmi\Microchip\xc8\v1.35\sources\common\lwdiv.c"
 Parameters:    Size  Location     Type
  dividend        2    0[BANK0 ] unsigned int 
  divisor         2    2[BANK0 ] unsigned int 
 Auto vars:     Size  Location     Type
  quotient        2    5[BANK0 ] unsigned int 
  counter         1    4[BANK0 ] unsigned char 
 Return value:  Size  Location     Type
                  2    0[BANK0 ] unsigned int 
 Registers used:
		wreg, status,2, status,0
 Tracked objects:
		On entry : 
		On exit  : 
		Unchanged: 
 Data sizes:     COMRAM   BANK0   BANK1   BANK2   BANK3   BANK4   BANK5   BANK6   BANK7   BANK8   BANK9  BANK10  BANK11  BANK12
      Params:         0       4       0       0       0       0       0       0       0       0       0       0       0       0
      Locals:         0       3       0       0       0       0       0       0       0       0       0       0       0       0
      Temps:          0       0       0       0       0       0       0       0       0       0       0       0       0       0
      Totals:         0       7       0       0       0       0       0       0       0       0       0       0       0       0
Total ram usage:        7 bytes
 Hardware stack levels used:    1
 This function calls:
		Nothing
 This function is called by:
		_ISR_Alta
 This function uses a non-reentrant model



MODULE INFORMATION

Module		Function		Class		Link	Load	Size
P:\Programmi\Microchip\xc8\v1.35\sources\common\evalpoly.c
		_eval_poly     		CODE           	4754	0000	281

P:\Programmi\Microchip\xc8\v1.35\sources\common\evalpoly.c estimated size: 281

P:\Programmi\Microchip\xc8\v1.35\sources\common\sprcmul.c
		___flmul       		CODE           	2974	0000	1191

P:\Programmi\Microchip\xc8\v1.35\sources\common\sprcmul.c estimated size: 1191

P:\Programmi\Microchip\xc8\v1.35\sources\common\sprcdiv.c
		___fldiv       		CODE           	31E4	0000	961

P:\Programmi\Microchip\xc8\v1.35\sources\common\sprcdiv.c estimated size: 961

../../Scuola/Triennio/sistemi/4^/PIC/librerie/LaurTec_PIC_libraries_v_3.3.0/inc\CANlib.h
		_CANSetFilter  		CODE           	0D2E	0000	2823
		_CANreceiveMessage		CODE           	1FC0	0000	1293
		_CANsendMessage		CODE           	1834	0000	1933
		_CANInitialize 		CODE           	429C	0000	455
		_CANOperationMode		CODE           	4DDE	0000	23
		_CANisTxReady  		CODE           	4D9A	0000	37
		_CANSetMask    		CODE           	35A4	0000	927

../../Scuola/Triennio/sistemi/4^/PIC/librerie/LaurTec_PIC_libraries_v_3.3.0/inc\CANlib.h estimated size: 7491

P:\Programmi\Microchip\xc8\v1.35\sources\common\xxtofl.c
		___xxtofl      		CODE           	40CE	0000	463

P:\Programmi\Microchip\xc8\v1.35\sources\common\xxtofl.c estimated size: 463

P:\Programmi\Microchip\xc8\v1.35\sources\common\asin.c
		_asin          		CODE           	3942	0000	787

P:\Programmi\Microchip\xc8\v1.35\sources\common\asin.c estimated size: 787

P:\Programmi\Microchip\xc8\v1.35\sources\common\sprcsqrt.c
		_sqrt          		CODE           	2E1A	0000	971

P:\Programmi\Microchip\xc8\v1.35\sources\common\sprcsqrt.c estimated size: 971

P:\Programmi\Microchip\xc8\v1.35\sources\common\flge.c
		___flge        		CODE           	4462	0000	401

P:\Programmi\Microchip\xc8\v1.35\sources\common\flge.c estimated size: 401

P:\Programmi\Microchip\xc8\v1.35\sources\common\abs.c
		_abs           		CODE           	4D6E	0000	45

P:\Programmi\Microchip\xc8\v1.35\sources\common\abs.c estimated size: 45

P:\Programmi\Microchip\xc8\v1.35\sources\common\fltol.c
		___fltol       		CODE           	486C	0000	269

P:\Programmi\Microchip\xc8\v1.35\sources\common\fltol.c estimated size: 269

P:\Programmi\Microchip\xc8\v1.35\sources\common\sprcadd.c
		___fladd       		CODE           	24CC	0000	1193

P:\Programmi\Microchip\xc8\v1.35\sources\common\sprcadd.c estimated size: 1193

P:\Programmi\Microchip\xc8\v1.35\sources\common\lwdiv.c
		___lwdiv       		CODE           	4B18	0000	121

P:\Programmi\Microchip\xc8\v1.35\sources\common\lwdiv.c estimated size: 121

P:\Programmi\Microchip\xc8\v1.35\sources\common\fabs.c
		_fabs          		CODE           	4CF8	0000	63

P:\Programmi\Microchip\xc8\v1.35\sources\common\fabs.c estimated size: 63

shared
		atan@coeff_a   		SMALLCONST     	0D01	0000	25
		atan@coeff_b   		SMALLCONST     	0D19	0000	21
		__initialization		CODE           	4BFC	0000	81

shared estimated size: 127

P:\Programmi\Microchip\xc8\v1.35\sources\common\flneg.c
		___flneg       		CODE           	4D36	0000	57

P:\Programmi\Microchip\xc8\v1.35\sources\common\flneg.c estimated size: 57

parcheggio.c
		_ISR_Bassa     		CODE           	0018	0000	545
		_configurazione		CODE           	4B90	0000	109
		_main          		CODE           	4CAA	0000	79
		_can_send      		CODE           	4A58	0000	193
		_can_interpreter		CODE           	4C56	0000	85
		_park_routine  		CODE           	4DBE	0000	33
		_ISR_Alta      		CODE           	0008	0000	239
		_parallelo     		CODE           	3EA6	0000	553
		_park_search   		CODE           	45F2	0000	355

parcheggio.c estimated size: 2191

P:\Programmi\Microchip\xc8\v1.35\sources\common\atan.c
		_atan          		CODE           	3C54	0000	595

P:\Programmi\Microchip\xc8\v1.35\sources\common\atan.c estimated size: 595

