Microchip MPLAB XC8 Compiler V1.34 ()

Linker command line:

--edf=C:\Program Files (x86)\Microchip\xc8\v1.34\dat\en_msgs.txt -cs \
  -h+dist/default/production\parcheggio.X.production.sym \
  --cmf=dist/default/production\parcheggio.X.production.cmf -z -Q18F2685 \
  -oC:\Users\simone\AppData\Local\Temp\s3mo.6 \
  -Mdist/default/production/parcheggio.X.production.map -E1 -ver=XC8 \
  -ASTACK=01F4h-0cffh -pstack=STACK -ACODE=00h-017FFFh -ACONST=00h-017FFFh \
  -ASMALLCONST=0D00h-0DFFhx371 -AMEDIUMCONST=0D00h-0FFFFh,010D00h-017FFFh \
  -ACOMRAM=01h-05Fh -AABS1=00h-0CFFh -ABIGRAM=01h-0CFFh \
  -ARAM=060h-0FFh,0100h-01FFhx12 -ABANK0=060h-0FFh -ABANK1=0100h-01FFh \
  -ABANK2=0200h-02FFh -ABANK3=0300h-03FFh -ABANK4=0400h-04FFh \
  -ABANK5=0500h-05FFh -ABANK6=0600h-06FFh -ABANK7=0700h-07FFh \
  -ABANK8=0800h-08FFh -ABANK9=0900h-09FFh -ABANK10=0A00h-0AFFh \
  -ABANK11=0B00h-0BFFh -ABANK12=0C00h-0CFFh \
  -ASFR=0D00h-0DFFhx2,0F00h-0F5Fh,0F60h-0FFFh \
  -preset_vec=00h,intcode=08h,intcodelo=018h,powerup,init,end_init \
  -pramtop=0D00h -psmallconst=SMALLCONST -pmediumconst=MEDIUMCONST \
  -pconst=CONST -AFARRAM=00h-00h -ACONFIG=0300000h-030000Dh -pconfig=CONFIG \
  -AIDLOC=0200000h-0200007h -pidloc=IDLOC -AEEDATA=0F00000h-0F003FFh \
  -peeprom_data=EEDATA \
  -prdata=COMRAM,nvrram=COMRAM,nvbit=COMRAM,rbss=COMRAM,rbit=COMRAM \
  -pfarbss=FARRAM,fardata=FARRAM,nvFARRAM=FARRAM \
  -pintsave_regs=BIGRAM,bigbss=BIGRAM,bigdata=BIGRAM -pbss=RAM \
  -pidata=CODE,irdata=CODE,ibigdata=CODE,ifardata=CODE -pparam0=BANK0 \
  C:\Users\simone\AppData\Local\Temp\s3mo.obj \
  dist/default/production\parcheggio.X.production.obj 

Object code version is 3.11

Machine type is 18F2685

Call graph: (short form)




                Name                               Link     Load   Length Selector   Space Scale
C:\Users\simone\AppData\Local\Temp\s3mo.obj
                end_init                            33C      33C        4        C       0
                reset_vec                             0        0        4        0       0
                idloc                            200000   200000        8   200000       0
                config                           300000   300000        E   300000       0
dist/default/production\parcheggio.X.production.obj
                intcodelo                            18       18      324        C       0
                intcode                               8        8       10        4       0
                smallconst                          D00      D00       52      680       0
                text44                             592C     592C       82      6A9       0
                intcode_body                       571C     571C       DC      6A9       0
                text42                             2C4A     2C4A      52E      6A9       0
                text41                             201C     201C      6A4      6A9       0
                text40                             5DA2     5DA2       28      6A9       0
                text39                             5CDE     5CDE       38      6A9       0
                text37                             5B52     5B52       54      6A9       0
                text36                             5DF0     5DF0       18      6A9       0
                text35                              D52      D52      B2A      6A9       0
                text34                             35F6     35F6      3AA      6A9       0
                text33                             4926     4926      1CE      6A9       0
                text32                             5A2E     5A2E       6C      6A9       0
                text31                             4CBE     4CBE      180      6A9       0
                text30                             5D16     5D16       32      6A9       0
                text29                             5CA6     5CA6       38      6A9       0
                text28                             5C6C     5C6C       3A      6A9       0
                text27                             5D48     5D48       2E      6A9       0
                text26                             4FA2     4FA2      136      6A9       0
                text25                             553E     553E       F8      6A9       0
                text24                             3FE0     3FE0      26C      6A9       0
                text23                             4E3E     4E3E      164      6A9       0
                text22                             5314     5314      11A      6A9       0
                text21                             5C30     5C30       3C      6A9       0
                text20                             5BF2     5BF2       3E      6A9       0
                text19                             44A8     44A8      256      6A9       0
                text18                             5A9A     5A9A       60      6A9       0
                text17                             46FE     46FE      228      6A9       0
                text16                             39A0     39A0      324      6A9       0
                text15                             5AFA     5AFA       58      6A9       0
                text14                             51FA     51FA      11A      6A9       0
                text13                             5898     5898       94      6A9       0
                text12                             50D8     50D8      122      6A9       0
                text11                             3CC4     3CC4      31C      6A9       0
                text10                             5636     5636       E6      6A9       0
                text9                              26C0     26C0      58A      6A9       0
                text8                              5BA6     5BA6       4C      6A9       0
                text7                              5D76     5D76       2C      6A9       0
                text6                              5DCA     5DCA       26      6A9       0
                text5                              187C     187C      7A0      6A9       0
                text4                              542E     542E      110      6A9       0
                text3                              424C     424C      25C      6A9       0
                text2                              3178     3178      47E      6A9       0
                text1                              4AF4     4AF4      1CA      6A9       0
                text0                              57F8     57F8       A0      6A9       0
                cstackCOMRAM                         2A       2A       29        1       1
                cstackBANK0                          60       60       77       60       1
                cstackBANK1                         18B      18B       61      100       1
                dataBANK1                           1EC      1EC        8      100       1
                bssBANK1                            100      100       8B      100       1
                dataBANK0                            E7       E7        1       60       1
                bssBANK0                             D7       D7       10       60       1
                dataCOMRAM                           55       55        4        1       1
                bssCOMRAM                             1        1       29        1       1
                bitbssCOMRAM                        298       53       10        1       1     8
                cinit                              59AE     59AE       80      6A9       0
                idataBANK1                         5E08     5E08        8      6A9       0
                idataBANK0                         5E14     5E14        1      6A9       0
                idataCOMRAM                        5E10     5E10        4      6A9       0

TOTAL           Name                               Link     Load   Length     Space
        CLASS   STACK          

        CLASS   CODE           
                end_init                            33C      33C        4         0
                intcodelo                            18       18      324         0
                intcode                               8        8       10         0
                reset_vec                             0        0        4         0
                text44                             592C     592C       82         0
                intcode_body                       571C     571C       DC         0
                text42                             2C4A     2C4A      52E         0
                text41                             201C     201C      6A4         0
                text40                             5DA2     5DA2       28         0
                text39                             5CDE     5CDE       38         0
                text37                             5B52     5B52       54         0
                text36                             5DF0     5DF0       18         0
                text35                              D52      D52      B2A         0
                text34                             35F6     35F6      3AA         0
                text33                             4926     4926      1CE         0
                text32                             5A2E     5A2E       6C         0
                text31                             4CBE     4CBE      180         0
                text30                             5D16     5D16       32         0
                text29                             5CA6     5CA6       38         0
                text28                             5C6C     5C6C       3A         0
                text27                             5D48     5D48       2E         0
                text26                             4FA2     4FA2      136         0
                text25                             553E     553E       F8         0
                text24                             3FE0     3FE0      26C         0
                text23                             4E3E     4E3E      164         0
                text22                             5314     5314      11A         0
                text21                             5C30     5C30       3C         0
                text20                             5BF2     5BF2       3E         0
                text19                             44A8     44A8      256         0
                text18                             5A9A     5A9A       60         0
                text17                             46FE     46FE      228         0
                text16                             39A0     39A0      324         0
                text15                             5AFA     5AFA       58         0
                text14                             51FA     51FA      11A         0
                text13                             5898     5898       94         0
                text12                             50D8     50D8      122         0
                text11                             3CC4     3CC4      31C         0
                text10                             5636     5636       E6         0
                text9                              26C0     26C0      58A         0
                text8                              5BA6     5BA6       4C         0
                text7                              5D76     5D76       2C         0
                text6                              5DCA     5DCA       26         0
                text5                              187C     187C      7A0         0
                text4                              542E     542E      110         0
                text3                              424C     424C      25C         0
                text2                              3178     3178      47E         0
                text1                              4AF4     4AF4      1CA         0
                text0                              57F8     57F8       A0         0
                cinit                              59AE     59AE       80         0
                idataBANK1                         5E08     5E08        8         0
                idataBANK0                         5E14     5E14        1         0
                idataCOMRAM                        5E10     5E10        4         0

        CLASS   CONST          

        CLASS   SMALLCONST     
                smallconst                          D00      D00       52         0

        CLASS   MEDIUMCONST    

        CLASS   COMRAM         
                cstackCOMRAM                         2A       2A       29         1
                dataCOMRAM                           55       55        4         1
                bssCOMRAM                             1        1       29         1
                bitbssCOMRAM                        298       53       10         1

        CLASS   ABS1           

        CLASS   BIGRAM         

        CLASS   RAM            

        CLASS   BANK0          
                cstackBANK0                          60       60       77         1
                dataBANK0                            E7       E7        1         1
                bssBANK0                             D7       D7       10         1

        CLASS   BANK1          
                cstackBANK1                         18B      18B       61         1
                dataBANK1                           1EC      1EC        8         1
                bssBANK1                            100      100       8B         1

        CLASS   BANK2          

        CLASS   BANK3          

        CLASS   BANK4          

        CLASS   BANK5          

        CLASS   BANK6          

        CLASS   BANK7          

        CLASS   BANK8          

        CLASS   BANK9          

        CLASS   BANK10         

        CLASS   BANK11         

        CLASS   BANK12         

        CLASS   SFR            

        CLASS   FARRAM         

        CLASS   CONFIG         
                config                           300000   300000        E         0

        CLASS   IDLOC          
                idloc                            200000   200000        8         0

        CLASS   EEDATA         



SEGMENTS        Name                           Load    Length   Top    Selector   Space  Class

                reset_vec                      000000  000004  000004         0       0  CODE    
                bssCOMRAM                      000001  000058  000059         1       1  COMRAM  
                intcode                        000008  000010  000018         4       0  CODE    
                intcodelo                      000018  000328  000340         C       0  CODE    
                cstackBANK0                    000060  000088  0000E8        60       1  BANK0   
                bssBANK1                       000100  0000F4  0001F4       100       1  BANK1   
                smallconst                     000D00  000052  000D52       680       0  SMALLCON
                text35                         000D52  0050C3  005E15       6A9       0  CODE    
                idloc                          200000  000008  200008    200000       0  IDLOC   
                config                         300000  00000E  30000E    300000       0  CONFIG  


UNUSED ADDRESS RANGES

        Name                Unused          Largest block    Delta
        BANK0            0000E8-0000FF               18
        BANK1            0001F4-0001FF                C
        BANK10           000A00-000AFF              100
        BANK11           000B00-000BFF              100
        BANK12           000C00-000CFF              100
        BANK2            000200-0002FF              100
        BANK3            000300-0003FF              100
        BANK4            000400-0004FF              100
        BANK5            000500-0005FF              100
        BANK6            000600-0006FF              100
        BANK7            000700-0007FF              100
        BANK8            000800-0008FF              100
        BANK9            000900-0009FF              100
        BIGRAM           000059-00005F                7
                         0000E8-0000FF               18
                         0001F4-000CFF              B0C
        CODE             000004-000007                4
                         000340-000CFF              9C0
                         005E15-017FFF            121EB
        COMRAM           000059-00005F                7
        CONST            000004-000007                4
                         000340-000CFF              9C0
                         005E15-017FFF            121EB
        EEDATA           F00000-F003FF              400
        MEDIUMCONST      005E15-00FFFF             A1EB
                         010D00-017FFF             7300
        RAM              0000E8-0000FF               18
                         0001F4-000CFF              100
        SFR              000D00-000FFF              100
        SMALLCONST       005E15-017FFF              100
        STACK            0001F4-000CFF              B0C

                                  Symbol Table

?___altofl                    cstackBANK0  0000B9
?___awtofl                    cstackBANK0  000081
?___fladd                     cstackBANK0  00009F
?___fldiv                     cstackBANK0  000081
?___flmul                     cstackBANK0  000090
?___flneg                     cstackBANK0  0000AB
?___flpack                    cstackBANK0  000077
?___flsub                     cstackBANK0  0000C9
?___fltol                     cstackBANK0  0000AF
?___lwdiv                     cstackBANK0  000060
?___lwtofl                    cstackBANK0  000081
?___wmul                      cstackBANK0  000077
?_abs                         cstackBANK0  000077
?_asin                        cstackBANK1  0001A0
?_atan                        cstackBANK0  0000BF
?_cos                         cstackBANK1  0001BC
?_eval_poly                   cstackBANK0  0000AB
?_fabs                        cstackBANK0  0000AF
?_floor                       cstackBANK0  0000BF
?_sin                         cstackBANK0  0000D1
?_sqrt                        cstackBANK0  0000D1
?i1___wmul                    cstackCOMRAM 00002A
CANInitialize@BRP             cstackBANK0  000088
CANInitialize@FilterConfig1   cstackBANK0  00008F
CANInitialize@FilterConfig2   cstackBANK0  000090
CANInitialize@SJW             cstackBANK0  000087
CANInitialize@flags           cstackBANK0  000089
CANInitialize@phaseSeg1       cstackBANK0  000085
CANInitialize@phaseSeg2       cstackBANK0  000086
CANInitialize@propSeg         cstackBANK0  00008E
CANOperationMode@mode         cstackBANK0  000077
CANSetFilter@filter           cstackBANK0  000077
CANSetFilter@numBuffer        cstackBANK0  000080
CANSetFilter@tamp             cstackBANK0  000081
CANSetFilter@type             cstackBANK0  00007B
CANSetMask@mask               cstackBANK0  000077
CANSetMask@numBuffer          cstackBANK0  000080
CANSetMask@tamp               cstackBANK0  000081
CANSetMask@type               cstackBANK0  00007B
CANreceiveMessage@error       cstackCOMRAM 000034
CANreceiveMessage@msg         cstackCOMRAM 00002A
CANreceiveMessage@tamp        cstackCOMRAM 000035
CANsendMessage@data           cstackBANK0  00007B
CANsendMessage@dataLength     cstackBANK0  00007D
CANsendMessage@flags          cstackBANK0  00007E
CANsendMessage@identifier     cstackBANK0  000077
CANsendMessage@tamp           cstackBANK0  000083
ISR_Bassa@F16872              dataCOMRAM   000055
ISR_Bassa@MUX_index_collision cstackCOMRAM 00004F
ISR_Bassa@PORTA_temp          cstackCOMRAM 000051
ISR_Bassa@i                   cstackCOMRAM 000052
_ADCON1                       (abs)        000FC1
_BRGCON1                      (abs)        000F70
_BRGCON2                      (abs)        000F71
_BRGCON2bits                  (abs)        000F71
_BRGCON3                      (abs)        000F72
_BRGCON3bits                  (abs)        000F72
_CANCON                       (abs)        000F6F
_CANCONbits                   (abs)        000F6F
_CANInitialize                text33       004926
_CANOperationMode             text36       005DF0
_CANSTAT                      (abs)        000F6E
_CANSetFilter                 text35       000D52
_CANSetMask                   text34       0035F6
_CANisTxReady                 text6        005DCA
_CANisTxReady$2845            cstackBANK0  000077
_CANreceiveMessage            text42       002C4A
_CANsendMessage               text5        00187C
_COMSTATbits                  (abs)        000F74
_INTCON2bits                  (abs)        000FF1
_INTCONbits                   (abs)        000FF2
_IPR3bits                     (abs)        000FA5
_ISR_Alta                     intcode      000008
_ISR_Bassa                    intcodelo    000018
_J_var                        bssBANK1     000118
_K_var                        bssBANK1     00011C
_LATA                         (abs)        000F89
_LATB                         (abs)        000F8A
_LATBbits                     (abs)        000F8A
_LATC                         (abs)        000F8B
_MUX_index                    bssCOMRAM    000025
_MUX_select                   bssCOMRAM    000011
_MUX_toggle                   bitbssCOMRAM 000298
_PIE3bits                     (abs)        000FA3
_PIR3bits                     (abs)        000FA4
_PORTA                        (abs)        000F80
_PORTBbits                    (abs)        000F81
_Pmin                         bssBANK1     000120
_RCONbits                     (abs)        000FD0
_RXB0CON                      (abs)        000F60
_RXB0CONbits                  (abs)        000F60
_RXB0D0                       (abs)        000F66
_RXB0D1                       (abs)        000F67
_RXB0D2                       (abs)        000F68
_RXB0D3                       (abs)        000F69
_RXB0D4                       (abs)        000F6A
_RXB0D5                       (abs)        000F6B
_RXB0D6                       (abs)        000F6C
_RXB0D7                       (abs)        000F6D
_RXB0DLC                      (abs)        000F65
_RXB0DLCbits                  (abs)        000F65
_RXB0EIDH                     (abs)        000F63
_RXB0EIDL                     (abs)        000F64
_RXB0SIDH                     (abs)        000F61
_RXB0SIDL                     (abs)        000F62
_RXB0SIDLbits                 (abs)        000F62
_RXB1CON                      (abs)        000F50
_RXB1CONbits                  (abs)        000F50
_RXB1D0                       (abs)        000F56
_RXB1D1                       (abs)        000F57
_RXB1D2                       (abs)        000F58
_RXB1D3                       (abs)        000F59
_RXB1D4                       (abs)        000F5A
_RXB1D5                       (abs)        000F5B
_RXB1D6                       (abs)        000F5C
_RXB1D7                       (abs)        000F5D
_RXB1DLC                      (abs)        000F55
_RXB1DLCbits                  (abs)        000F55
_RXB1EIDH                     (abs)        000F53
_RXB1EIDL                     (abs)        000F54
_RXB1SIDH                     (abs)        000F51
_RXB1SIDL                     (abs)        000F52
_RXB1SIDLbits                 (abs)        000F52
_RXERRCNT                     (abs)        000F75
_RXF0EIDH                     (abs)        000F02
_RXF0EIDL                     (abs)        000F03
_RXF0SIDH                     (abs)        000F00
_RXF0SIDL                     (abs)        000F01
_RXF0SIDLbits                 (abs)        000F01
_RXF1EIDH                     (abs)        000F06
_RXF1EIDL                     (abs)        000F07
_RXF1SIDH                     (abs)        000F04
_RXF1SIDL                     (abs)        000F05
_RXF1SIDLbits                 (abs)        000F05
_RXF2EIDH                     (abs)        000F0A
_RXF2EIDL                     (abs)        000F0B
_RXF2SIDH                     (abs)        000F08
_RXF2SIDL                     (abs)        000F09
_RXF2SIDLbits                 (abs)        000F09
_RXF3EIDH                     (abs)        000F0E
_RXF3EIDL                     (abs)        000F0F
_RXF3SIDH                     (abs)        000F0C
_RXF3SIDL                     (abs)        000F0D
_RXF3SIDLbits                 (abs)        000F0D
_RXF4EIDH                     (abs)        000F12
_RXF4EIDL                     (abs)        000F13
_RXF4SIDH                     (abs)        000F10
_RXF4SIDL                     (abs)        000F11
_RXF4SIDLbits                 (abs)        000F11
_RXF5EIDH                     (abs)        000F16
_RXF5EIDL                     (abs)        000F17
_RXF5SIDH                     (abs)        000F14
_RXF5SIDL                     (abs)        000F15
_RXF5SIDLbits                 (abs)        000F15
_RXM0EIDH                     (abs)        000F1A
_RXM0EIDL                     (abs)        000F1B
_RXM0SIDH                     (abs)        000F18
_RXM0SIDL                     (abs)        000F19
_RXM0SIDLbits                 (abs)        000F19
_RXM1EIDH                     (abs)        000F1E
_RXM1EIDL                     (abs)        000F1F
_RXM1SIDH                     (abs)        000F1C
_RXM1SIDL                     (abs)        000F1D
_RXM1SIDLbits                 (abs)        000F1D
_T0CON                        (abs)        000FD5
_T0CONbits                    (abs)        000FD5
_T3CON                        (abs)        000FB1
_TMR0H                        (abs)        000FD7
_TMR0L                        (abs)        000FD6
_TMR3H                        (abs)        000FB3
_TMR3H_temp                   bssCOMRAM    000026
_TMR3L                        (abs)        000FB2
_TMR3L_temp                   bssCOMRAM    000027
_TRISA                        (abs)        000F92
_TRISB                        (abs)        000F93
_TRISBbits                    (abs)        000F93
_TRISC                        (abs)        000F94
_TXB0CONbits                  (abs)        000F40
_TXB0D0                       (abs)        000F46
_TXB0D1                       (abs)        000F47
_TXB0D2                       (abs)        000F48
_TXB0D3                       (abs)        000F49
_TXB0D4                       (abs)        000F4A
_TXB0D5                       (abs)        000F4B
_TXB0D6                       (abs)        000F4C
_TXB0D7                       (abs)        000F4D
_TXB0DLC                      (abs)        000F45
_TXB0DLCbits                  (abs)        000F45
_TXB0EIDH                     (abs)        000F43
_TXB0EIDL                     (abs)        000F44
_TXB0SIDH                     (abs)        000F41
_TXB0SIDL                     (abs)        000F42
_TXB0SIDLbits                 (abs)        000F42
_TXB1CONbits                  (abs)        000F30
_TXB1D0                       (abs)        000F36
_TXB1D1                       (abs)        000F37
_TXB1D2                       (abs)        000F38
_TXB1D3                       (abs)        000F39
_TXB1D4                       (abs)        000F3A
_TXB1D5                       (abs)        000F3B
_TXB1D6                       (abs)        000F3C
_TXB1D7                       (abs)        000F3D
_TXB1DLC                      (abs)        000F35
_TXB1DLCbits                  (abs)        000F35
_TXB1EIDH                     (abs)        000F33
_TXB1EIDL                     (abs)        000F34
_TXB1SIDH                     (abs)        000F31
_TXB1SIDL                     (abs)        000F32
_TXB1SIDLbits                 (abs)        000F32
_TXB2CONbits                  (abs)        000F20
_TXB2D0                       (abs)        000F26
_TXB2D1                       (abs)        000F27
_TXB2D2                       (abs)        000F28
_TXB2D3                       (abs)        000F29
_TXB2D4                       (abs)        000F2A
_TXB2D5                       (abs)        000F2B
_TXB2D6                       (abs)        000F2C
_TXB2D7                       (abs)        000F2D
_TXB2DLC                      (abs)        000F25
_TXB2DLCbits                  (abs)        000F25
_TXB2EIDH                     (abs)        000F23
_TXB2EIDL                     (abs)        000F24
_TXB2SIDH                     (abs)        000F21
_TXB2SIDL                     (abs)        000F22
_TXB2SIDLbits                 (abs)        000F22
_TXERRCNT                     (abs)        000F76
__CFG_BBSIZ$1024              (abs)        000000
__CFG_BOREN$BOHW              (abs)        000000
__CFG_BORV$3                  (abs)        000000
__CFG_CP0$OFF                 (abs)        000000
__CFG_CP1$OFF                 (abs)        000000
__CFG_CP2$OFF                 (abs)        000000
__CFG_CP3$OFF                 (abs)        000000
__CFG_CPB$OFF                 (abs)        000000
__CFG_CPD$OFF                 (abs)        000000
__CFG_EBTR0$OFF               (abs)        000000
__CFG_EBTR1$OFF               (abs)        000000
__CFG_EBTR2$OFF               (abs)        000000
__CFG_EBTR3$OFF               (abs)        000000
__CFG_EBTRB$OFF               (abs)        000000
__CFG_FCMEN$OFF               (abs)        000000
__CFG_IESO$OFF                (abs)        000000
__CFG_LPT1OSC$OFF             (abs)        000000
__CFG_LVP$OFF                 (abs)        000000
__CFG_MCLRE$ON                (abs)        000000
__CFG_OSC$HS                  (abs)        000000
__CFG_PBADEN$OFF              (abs)        000000
__CFG_PWRT$OFF                (abs)        000000
__CFG_STVREN$ON               (abs)        000000
__CFG_WDT$OFF                 (abs)        000000
__CFG_WDTPS$32768             (abs)        000000
__CFG_WRT0$OFF                (abs)        000000
__CFG_WRT1$OFF                (abs)        000000
__CFG_WRT2$OFF                (abs)        000000
__CFG_WRT3$OFF                (abs)        000000
__CFG_WRTB$OFF                (abs)        000000
__CFG_WRTC$OFF                (abs)        000000
__CFG_WRTD$OFF                (abs)        000000
__CFG_XINST$OFF               (abs)        000000
__HRAM                        (abs)        000000
__Habs1                       abs1         000000
__Hbank0                      bank0        000000
__Hbank1                      bank1        000000
__Hbank10                     bank10       000000
__Hbank11                     bank11       000000
__Hbank12                     bank12       000000
__Hbank2                      bank2        000000
__Hbank3                      bank3        000000
__Hbank4                      bank4        000000
__Hbank5                      bank5        000000
__Hbank6                      bank6        000000
__Hbank7                      bank7        000000
__Hbank8                      bank8        000000
__Hbank9                      bank9        000000
__Hbigbss                     bigbss       000000
__Hbigdata                    bigdata      000000
__Hbigram                     bigram       000000
__HbitbssCOMRAM               bitbssCOMRAM 000000
__Hbss                        bss          000000
__HbssBANK0                   bssBANK0     000000
__HbssBANK1                   bssBANK1     000000
__HbssCOMRAM                  bssCOMRAM    000000
__Hcinit                      cinit        000000
__Hclrtext                    clrtext      000000
__Hcomram                     comram       000000
__Hconfig                     config       30000E
__Hconst                      const        000000
__HcstackBANK0                cstackBANK0  000000
__HcstackBANK1                cstackBANK1  000000
__HcstackCOMRAM               cstackCOMRAM 000000
__Hdata                       data         000000
__HdataBANK0                  dataBANK0    000000
__HdataBANK1                  dataBANK1    000000
__HdataCOMRAM                 dataCOMRAM   000000
__Heeprom_data                eeprom_data  000000
__Hend_init                   end_init     000340
__Hfarbss                     farbss       000000
__Hfardata                    fardata      000000
__Hibigdata                   ibigdata     000000
__Hidata                      idata        000000
__HidataBANK0                 idataBANK0   000000
__HidataBANK1                 idataBANK1   000000
__HidataCOMRAM                idataCOMRAM  000000
__Hidloc                      idloc        200008
__Hifardata                   ifardata     000000
__Hinit                       init         00033C
__Hintcode                    intcode      000018
__Hintcode_body               intcode_body 000000
__Hintcodelo                  intcodelo    00033C
__Hintentry                   intentry     000000
__Hintret                     intret       000000
__Hintsave_regs               intsave_regs 000000
__Hirdata                     irdata       000000
__Hmediumconst                mediumconst  000000
__HnvFARRAM                   nvFARRAM     000000
__Hnvbit                      nvbit        000000
__Hnvrram                     nvrram       000000
__Hparam                      param0       000000
__Hparam0                     param0       000000
__Hpowerup                    powerup      00033C
__Hram                        ram          000000
__Hramtop                     ramtop       000D00
__Hrbit                       rbit         000000
__Hrbss                       rbss         000000
__Hrdata                      rdata        000000
__Hreset_vec                  reset_vec    000004
__Hsfr                        sfr          000000
__Hsmallconst                 smallconst   000D52
__Hspace_0                    (abs)        30000E
__Hspace_1                    (abs)        0002A8
__Hspace_2                    (abs)        000000
__Hstack                      stack        000000
__Hstruct                     struct       000000
__Htemp                       temp         000000
__Htext                       text         000000
__Htext0                      text0        000000
__Htext1                      text1        000000
__Htext10                     text10       000000
__Htext11                     text11       000000
__Htext12                     text12       000000
__Htext13                     text13       000000
__Htext14                     text14       000000
__Htext15                     text15       000000
__Htext16                     text16       000000
__Htext17                     text17       000000
__Htext18                     text18       000000
__Htext19                     text19       000000
__Htext2                      text2        000000
__Htext20                     text20       000000
__Htext21                     text21       000000
__Htext22                     text22       000000
__Htext23                     text23       000000
__Htext24                     text24       000000
__Htext25                     text25       000000
__Htext26                     text26       000000
__Htext27                     text27       000000
__Htext28                     text28       000000
__Htext29                     text29       000000
__Htext3                      text3        000000
__Htext30                     text30       000000
__Htext31                     text31       000000
__Htext32                     text32       000000
__Htext33                     text33       000000
__Htext34                     text34       000000
__Htext35                     text35       000000
__Htext36                     text36       000000
__Htext37                     text37       000000
__Htext39                     text39       000000
__Htext4                      text4        000000
__Htext40                     text40       000000
__Htext41                     text41       000000
__Htext42                     text42       000000
__Htext44                     text44       000000
__Htext5                      text5        000000
__Htext6                      text6        000000
__Htext7                      text7        000000
__Htext8                      text8        000000
__Htext9                      text9        000000
__LRAM                        (abs)        000001
__Labs1                       abs1         000000
__Lbank0                      bank0        000000
__Lbank1                      bank1        000000
__Lbank10                     bank10       000000
__Lbank11                     bank11       000000
__Lbank12                     bank12       000000
__Lbank2                      bank2        000000
__Lbank3                      bank3        000000
__Lbank4                      bank4        000000
__Lbank5                      bank5        000000
__Lbank6                      bank6        000000
__Lbank7                      bank7        000000
__Lbank8                      bank8        000000
__Lbank9                      bank9        000000
__Lbigbss                     bigbss       000000
__Lbigdata                    bigdata      000000
__Lbigram                     bigram       000000
__LbitbssCOMRAM               bitbssCOMRAM 000000
__Lbss                        bss          000000
__LbssBANK0                   bssBANK0     000000
__LbssBANK1                   bssBANK1     000000
__LbssCOMRAM                  bssCOMRAM    000000
__Lcinit                      cinit        000000
__Lclrtext                    clrtext      000000
__Lcomram                     comram       000000
__Lconfig                     config       300000
__Lconst                      const        000000
__LcstackBANK0                cstackBANK0  000000
__LcstackBANK1                cstackBANK1  000000
__LcstackCOMRAM               cstackCOMRAM 000000
__Ldata                       data         000000
__LdataBANK0                  dataBANK0    000000
__LdataBANK1                  dataBANK1    000000
__LdataCOMRAM                 dataCOMRAM   000000
__Leeprom_data                eeprom_data  000000
__Lend_init                   end_init     00033C
__Lfarbss                     farbss       000000
__Lfardata                    fardata      000000
__Libigdata                   ibigdata     000000
__Lidata                      idata        000000
__LidataBANK0                 idataBANK0   000000
__LidataBANK1                 idataBANK1   000000
__LidataCOMRAM                idataCOMRAM  000000
__Lidloc                      idloc        200000
__Lifardata                   ifardata     000000
__Linit                       init         00033C
__Lintcode                    intcode      000008
__Lintcode_body               intcode_body 000000
__Lintcodelo                  intcodelo    000018
__Lintentry                   intentry     000000
__Lintret                     intret       000000
__Lintsave_regs               intsave_regs 000000
__Lirdata                     irdata       000000
__Lmediumconst                mediumconst  000000
__LnvFARRAM                   nvFARRAM     000000
__Lnvbit                      nvbit        000000
__Lnvrram                     nvrram       000000
__Lparam                      param0       000000
__Lparam0                     param0       000000
__Lpowerup                    powerup      00033C
__Lram                        ram          000000
__Lramtop                     ramtop       000D00
__Lrbit                       rbit         000000
__Lrbss                       rbss         000000
__Lrdata                      rdata        000000
__Lreset_vec                  reset_vec    000000
__Lsfr                        sfr          000000
__Lsmallconst                 smallconst   000D00
__Lspace_0                    (abs)        000000
__Lspace_1                    (abs)        000000
__Lspace_2                    (abs)        000000
__Lstack                      stack        000000
__Lstruct                     struct       000000
__Ltemp                       temp         000000
__Ltext                       text         000000
__Ltext0                      text0        000000
__Ltext1                      text1        000000
__Ltext10                     text10       000000
__Ltext11                     text11       000000
__Ltext12                     text12       000000
__Ltext13                     text13       000000
__Ltext14                     text14       000000
__Ltext15                     text15       000000
__Ltext16                     text16       000000
__Ltext17                     text17       000000
__Ltext18                     text18       000000
__Ltext19                     text19       000000
__Ltext2                      text2        000000
__Ltext20                     text20       000000
__Ltext21                     text21       000000
__Ltext22                     text22       000000
__Ltext23                     text23       000000
__Ltext24                     text24       000000
__Ltext25                     text25       000000
__Ltext26                     text26       000000
__Ltext27                     text27       000000
__Ltext28                     text28       000000
__Ltext29                     text29       000000
__Ltext3                      text3        000000
__Ltext30                     text30       000000
__Ltext31                     text31       000000
__Ltext32                     text32       000000
__Ltext33                     text33       000000
__Ltext34                     text34       000000
__Ltext35                     text35       000000
__Ltext36                     text36       000000
__Ltext37                     text37       000000
__Ltext39                     text39       000000
__Ltext4                      text4        000000
__Ltext40                     text40       000000
__Ltext41                     text41       000000
__Ltext42                     text42       000000
__Ltext44                     text44       000000
__Ltext5                      text5        000000
__Ltext6                      text6        000000
__Ltext7                      text7        000000
__Ltext8                      text8        000000
__Ltext9                      text9        000000
__S0                          (abs)        30000E
__S1                          (abs)        0001F4
__S2                          (abs)        000000
___altofl                     text15       005AFA
___altofl@c                   cstackBANK0  0000B9
___altofl@sign                cstackBANK0  0000BD
___awtofl                     text8        005BA6
___awtofl@c                   cstackBANK0  000081
___awtofl@sign                cstackBANK0  000085
___fladd                      text24       003FE0
___fladd@exp1                 cstackBANK0  0000AA
___fladd@exp2                 cstackBANK0  0000A9
___fladd@f1                   cstackBANK0  00009F
___fladd@f2                   cstackBANK0  0000A3
___fladd@sign                 cstackBANK0  0000A8
___fldiv                      text26       004FA2
___fldiv@cntr                 cstackBANK0  00008D
___fldiv@exp                  cstackBANK0  00008E
___fldiv@f1                   cstackBANK0  000081
___fldiv@f2                   cstackBANK0  000085
___fldiv@f3                   cstackBANK0  000089
___fldiv@sign                 cstackBANK0  00008F
___flge                       text25       00553E
___flge@ff1                   cstackBANK0  0000B3
___flge@ff2                   cstackBANK0  0000B7
___flmul                      text23       004E3E
___flmul@cntr                 cstackBANK0  00009D
___flmul@exp                  cstackBANK0  000098
___flmul@f1                   cstackBANK0  000090
___flmul@f2                   cstackBANK0  000094
___flmul@f3_as_product        cstackBANK0  000099
___flmul@sign                 cstackBANK0  00009E
___flneg                      text21       005C30
___flneg@f1                   cstackBANK0  0000AB
___flpack                     text31       004CBE
___flpack@arg                 cstackBANK0  000077
___flpack@exp                 cstackBANK0  00007B
___flpack@sign                cstackBANK0  00007C
___flsub                      text18       005A9A
___flsub@f1                   cstackBANK0  0000C9
___flsub@f2                   cstackBANK0  0000CD
___fltol                      text14       0051FA
___fltol@exp1                 cstackBANK0  0000B8
___fltol@f1                   cstackBANK0  0000AF
___fltol@sign1                cstackBANK0  0000B7
___inthi_sp                   stack        000000
___intlo_sp                   stack        000000
___lwdiv                      text44       00592C
___lwdiv@counter              cstackBANK0  000064
___lwdiv@dividend             cstackBANK0  000060
___lwdiv@divisor              cstackBANK0  000062
___lwdiv@quotient             cstackBANK0  000065
___lwtofl                     text30       005D16
___lwtofl@c                   cstackBANK0  000081
___param_bank                 (abs)        000000
___rparam_used                (abs)        000000
___sp                         stack        000000
___wmul                       text29       005CA6
___wmul@multiplicand          cstackBANK0  000079
___wmul@multiplier            cstackBANK0  000077
___wmul@product               cstackBANK0  00007B
__accesstop                   (abs)        000060
__activetblptr                (abs)        000003
__end_of_CANInitialize        text33       004AF4
__end_of_CANOperationMode     text36       005E08
__end_of_CANSetFilter         text35       00187C
__end_of_CANSetMask           text34       0039A0
__end_of_CANisTxReady         text6        005DF0
__end_of_CANreceiveMessage    text42       003178
__end_of_CANsendMessage       text5        00201C
__end_of_ISR_Alta             intcode_body 0057F8
__end_of_ISR_Bassa            intcodelo    00033C
__end_of___altofl             text15       005B52
__end_of___awtofl             text8        005BF2
__end_of___fladd              text24       00424C
__end_of___fldiv              text26       0050D8
__end_of___flge               text25       005636
__end_of___flmul              text23       004FA2
__end_of___flneg              text21       005C6C
__end_of___flpack             text31       004E3E
__end_of___flsub              text18       005AFA
__end_of___fltol              text14       005314
__end_of___lwdiv              text44       0059AE
__end_of___lwtofl             text30       005D48
__end_of___wmul               text29       005CDE
__end_of__initialization      cinit        005A28
__end_of_abs                  text7        005DA2
__end_of_asin                 text16       003CC4
__end_of_atan                 text19       0046FE
__end_of_can_interpreter      text37       005BA6
__end_of_can_send             text4        00553E
__end_of_configurations       text32       005A9A
__end_of_cos                  text10       00571C
__end_of_delay_ms             text28       005CA6
__end_of_delay_s              text27       005D76
__end_of_eval_poly            text22       00542E
__end_of_fabs                 text20       005C30
__end_of_floor                text12       0051FA
__end_of_frexp                text13       00592C
__end_of_main                 text0        005898
__end_of_matematica           text9        002C4A
__end_of_parallelo            text3        0044A8
__end_of_park_routine         text2        0035F6
__end_of_park_search          text1        004CBE
__end_of_sin                  text11       003FE0
__end_of_sqrt                 text17       004926
__end_ofatan@coeff_a          smallconst   000D19
__end_ofatan@coeff_b          smallconst   000D2D
__end_ofi1_CANsendMessage     text41       0026C0
__end_ofi1___wmul             text40       005DCA
__end_ofi1_delay_ms           text39       005D16
__end_ofsin@coeff_a           smallconst   000D41
__end_ofsin@coeff_b           smallconst   000D51
__initialization              cinit        0059AE
__mediumconst                 mediumconst  000000
__pbitbssCOMRAM               bitbssCOMRAM 000298
__pbssBANK0                   bssBANK0     0000D7
__pbssBANK1                   bssBANK1     000100
__pbssCOMRAM                  bssCOMRAM    000001
__pcinit                      cinit        0059AE
__pcstackBANK0                cstackBANK0  000060
__pcstackBANK1                cstackBANK1  00018B
__pcstackCOMRAM               cstackCOMRAM 00002A
__pdataBANK0                  dataBANK0    0000E7
__pdataBANK1                  dataBANK1    0001EC
__pdataCOMRAM                 dataCOMRAM   000055
__pidataBANK0                 idataBANK0   005E14
__pidataBANK1                 idataBANK1   005E08
__pidataCOMRAM                idataCOMRAM  005E10
__pintcode                    intcode      000008
__pintcode_body               intcode_body 00571C
__pintcodelo                  intcodelo    000018
__psmallconst                 smallconst   000D00
__ptext0                      text0        0057F8
__ptext1                      text1        004AF4
__ptext10                     text10       005636
__ptext11                     text11       003CC4
__ptext12                     text12       0050D8
__ptext13                     text13       005898
__ptext14                     text14       0051FA
__ptext15                     text15       005AFA
__ptext16                     text16       0039A0
__ptext17                     text17       0046FE
__ptext18                     text18       005A9A
__ptext19                     text19       0044A8
__ptext2                      text2        003178
__ptext20                     text20       005BF2
__ptext21                     text21       005C30
__ptext22                     text22       005314
__ptext23                     text23       004E3E
__ptext24                     text24       003FE0
__ptext25                     text25       00553E
__ptext26                     text26       004FA2
__ptext27                     text27       005D48
__ptext28                     text28       005C6C
__ptext29                     text29       005CA6
__ptext3                      text3        00424C
__ptext30                     text30       005D16
__ptext31                     text31       004CBE
__ptext32                     text32       005A2E
__ptext33                     text33       004926
__ptext34                     text34       0035F6
__ptext35                     text35       000D52
__ptext36                     text36       005DF0
__ptext37                     text37       005B52
__ptext39                     text39       005CDE
__ptext4                      text4        00542E
__ptext40                     text40       005DA2
__ptext41                     text41       00201C
__ptext42                     text42       002C4A
__ptext44                     text44       00592C
__ptext5                      text5        00187C
__ptext6                      text6        005DCA
__ptext7                      text7        005D76
__ptext8                      text8        005BA6
__ptext9                      text9        0026C0
__ramtop                      ramtop       000D00
__size_of_CANInitialize       (abs)        000000
__size_of_CANOperationMode    (abs)        000000
__size_of_CANSetFilter        (abs)        000000
__size_of_CANSetMask          (abs)        000000
__size_of_CANisTxReady        (abs)        000000
__size_of_CANreceiveMessage   (abs)        000000
__size_of_CANsendMessage      (abs)        000000
__size_of_ISR_Alta            (abs)        000000
__size_of_ISR_Bassa           (abs)        000000
__size_of___altofl            (abs)        000000
__size_of___awtofl            (abs)        000000
__size_of___fladd             (abs)        000000
__size_of___fldiv             (abs)        000000
__size_of___flge              (abs)        000000
__size_of___flmul             (abs)        000000
__size_of___flneg             (abs)        000000
__size_of___flpack            (abs)        000000
__size_of___flsub             (abs)        000000
__size_of___fltol             (abs)        000000
__size_of___lwdiv             (abs)        000000
__size_of___lwtofl            (abs)        000000
__size_of___wmul              (abs)        000000
__size_of_abs                 (abs)        000000
__size_of_asin                (abs)        000000
__size_of_atan                (abs)        000000
__size_of_can_interpreter     (abs)        000000
__size_of_can_send            (abs)        000000
__size_of_configurations      (abs)        000000
__size_of_cos                 (abs)        000000
__size_of_delay_ms            (abs)        000000
__size_of_delay_s             (abs)        000000
__size_of_eval_poly           (abs)        000000
__size_of_fabs                (abs)        000000
__size_of_floor               (abs)        000000
__size_of_frexp               (abs)        000000
__size_of_main                (abs)        000000
__size_of_matematica          (abs)        000000
__size_of_parallelo           (abs)        000000
__size_of_park_routine        (abs)        000000
__size_of_park_search         (abs)        000000
__size_of_sin                 (abs)        000000
__size_of_sqrt                (abs)        000000
__size_ofi1_CANsendMessage    (abs)        000000
__size_ofi1___wmul            (abs)        000000
__size_ofi1_delay_ms          (abs)        000000
__smallconst                  smallconst   000D00
_abs                          text7        005D76
_activation                   bitbssCOMRAM 000299
_actual_speed                 bssBANK0     0000DF
_alfa                         bssBANK1     000124
_alignment_gap                bssBANK0     0000D7
_asd                          bitbssCOMRAM 00029A
_asin                         text16       0039A0
_asin$3681                    cstackBANK1  0001A8
_asin$3682                    cstackBANK1  0001B8
_asin$3683                    cstackBANK1  0001B0
_asin$3684                    cstackBANK1  0001AC
_atan                         text19       0044A8
_avvicinamento                bitbssCOMRAM 00029B
_beta                         bssBANK1     000128
_bordo                        bssBANK1     00012C
_can_interpreter              text37       005B52
_can_send                     text4        00542E
_clock_counter_reference      bssBANK0     0000E1
_configurations               text32       005A2E
_cos                          text10       005636
_cos$3685                     cstackBANK1  0001C0
_counter                      bssCOMRAM    000028
_data                         bssBANK1     000153
_data_brake                   bssBANK1     00015B
_data_correction              bssBANK1     000163
_data_speed                   bssBANK1     00016B
_data_speed_rx                bssBANK1     000100
_data_steering                bssBANK1     000173
_data_test                    bssBANK1     00017B
_delay_ms                     text28       005C6C
_delay_quartz_frequency_value dataBANK0    0000E7
_delay_s                      text27       005D48
_dir                          bitbssCOMRAM 00029C
_distance                     bssBANK1     000140
_distance_average             bssBANK0     0000E3
_distance_dx                  bssCOMRAM    000019
_distance_error               bitbssCOMRAM 00029D
_distance_received            bitbssCOMRAM 00029E
_distance_received1           bitbssCOMRAM 00029F
_distance_set                 bssBANK1     000108
_distance_sx                  bssCOMRAM    00001B
_distance_wait                bitbssCOMRAM 0002A0
_errno                        bssBANK1     000142
_eval_poly                    text22       005314
_fabs                         text20       005BF2
_first                        bitbssCOMRAM 0002A1
_floor                        text12       0050D8
_frexp                        text13       005898
_larghezza                    dataBANK1    0001EC
_left_speed                   bssCOMRAM    00001D
_main                         text0        0057F8
_matematica                   text9        0026C0
_matematica$3674              cstackBANK1  0001C4
_matematica$3675              cstackBANK1  0001C8
_matematica$3676              cstackBANK1  0001CC
_matematica$3677              cstackBANK1  0001D0
_matematica$3678              cstackBANK1  0001DC
_matematica$3679              cstackBANK1  0001D4
_matematica$3680              cstackBANK1  0001D8
_msg                          bssBANK1     000144
_n                            bssBANK1     000130
_new_distance                 bitbssCOMRAM 0002A2
_old_alignment_gap            bssBANK1     000134
_old_dir_correction           bitbssCOMRAM 0002A3
_parallelo                    text3        00424C
_park_routine                 text2        003178
_park_routine$3672            cstackBANK1  0001E4
_park_routine$3673            cstackBANK1  0001E8
_park_search                  text1        004AF4
_prima_sterzata               bssBANK1     000138
_pulse_time                   bssCOMRAM    00001F
_raggio                       dataBANK1    0001F0
_request_sent                 bitbssCOMRAM 0002A4
_request_sent1                bitbssCOMRAM 0002A5
_right_speed                  bssCOMRAM    000021
_sensor_distance              bssCOMRAM    000001
_sensor_distance_old          bssBANK1     000110
_sensor_distance_short        bssBANK1     000183
_set_speed                    bssBANK0     0000E5
_sin                          text11       003CC4
_sin$3686                     cstackBANK1  00018F
_spazio_parcheggio            dataCOMRAM   000057
_sqrt                         text17       0046FE
_start_operation              bitbssCOMRAM 0002A6
_steering_correction          bssCOMRAM    000029
_steering_correction_dir      bitbssCOMRAM 0002A7
_timerValue2                  bssCOMRAM    000023
_x                            bssBANK1     00013C
_z                            bssBANK0     0000DB
abs@a                         cstackBANK0  000077
asin@sgn                      cstackBANK1  0001A4
asin@x                        cstackBANK1  0001A0
asin@y                        cstackBANK1  0001B4
atan@coeff_a                  smallconst   000D01
atan@coeff_b                  smallconst   000D19
atan@f                        cstackBANK0  0000BF
atan@recip                    cstackBANK0  0000CB
atan@val                      cstackBANK0  0000D0
atan@val_squared              cstackBANK0  0000CC
atan@x                        cstackBANK0  0000C7
atan@y                        cstackBANK0  0000C3
cos@f                         cstackBANK1  0001BC
delay_ms@value_ms             cstackBANK0  00007D
delay_s@repeat_loop           cstackBANK0  000080
delay_s@value_s               cstackBANK0  00007F
end_of_initialization         cinit        005A28
eval_poly@d                   cstackBANK0  0000AF
eval_poly@n                   cstackBANK0  0000B1
eval_poly@res                 cstackBANK0  0000B7
eval_poly@x                   cstackBANK0  0000AB
fabs@d                        cstackBANK0  0000AF
floor@expon                   cstackBANK0  0000C7
floor@i                       cstackBANK0  0000C3
floor@x                       cstackBANK0  0000BF
frexp@eptr                    cstackBANK0  00007B
frexp@value                   cstackBANK0  000077
i1CANsendMessage@data         cstackCOMRAM 00002E
i1CANsendMessage@dataLength   cstackCOMRAM 000030
i1CANsendMessage@flags        cstackCOMRAM 000031
i1CANsendMessage@identifier   cstackCOMRAM 00002A
i1CANsendMessage@tamp         cstackCOMRAM 000036
i1_CANsendMessage             text41       00201C
i1___wmul                     text40       005DA2
i1___wmul@multiplicand        cstackCOMRAM 00002C
i1___wmul@multiplier          cstackCOMRAM 00002A
i1___wmul@product             cstackCOMRAM 00002E
i1_delay_ms                   text39       005CDE
i1delay_ms@value_ms           cstackCOMRAM 000030
int_func                      intcode_body 00571C
intlevel0                     text         000000
intlevel1                     text         000000
intlevel2                     text         000000
intlevel3                     text         000000
sin@coeff_a                   smallconst   000D2D
sin@coeff_b                   smallconst   000D41
sin@f                         cstackBANK0  0000D1
sin@sgn                       cstackBANK1  000197
sin@x2                        cstackBANK1  000193
sin@y                         cstackBANK1  00018B
sqrt@i                        cstackBANK1  000197
sqrt@og                       cstackBANK1  00018F
sqrt@q                        cstackBANK1  000198
sqrt@x                        cstackBANK1  00019C
sqrt@y                        cstackBANK0  0000D1
sqrt@z                        cstackBANK1  000193
stackhi                       (abs)        000CFF
stacklo                       (abs)        0001F4
start                         init         00033C
start_initialization          cinit        0059AE


FUNCTION INFORMATION:

 *************** function _main *****************
 Defined at:
		line 234 in file "parcheggio.c"
 Parameters:    Size  Location     Type
		None
 Auto vars:     Size  Location     Type
		None
 Return value:  Size  Location     Type
		None               void
 Registers used:
		wreg, fsr2l, fsr2h, status,2, status,0, tblptrl, tblptrh, tblptru, prodl, prodh, cstack
 Tracked objects:
		On entry : 
		On exit  : 
		Unchanged: 
 Data sizes:     COMRAM   BANK0   BANK1   BANK2   BANK3   BANK4   BANK5   BANK6   BANK7   BANK8   BANK9  BANK10  BANK11  BANK12
      Params:         0       0       0       0       0       0       0       0       0       0       0       0       0       0
      Locals:         0       0       0       0       0       0       0       0       0       0       0       0       0       0
      Temps:          0       0       0       0       0       0       0       0       0       0       0       0       0       0
      Totals:         0       0       0       0       0       0       0       0       0       0       0       0       0       0
Total ram usage:        0 bytes
 Hardware stack levels required when called:   12
 This function calls:
		_CANisTxReady
		_CANsendMessage
		_can_interpreter
		_configurations
		_delay_ms
		_park_routine
		_park_search
 This function is called by:
		Startup code after reset
 This function uses a non-reentrant model


 *************** function _park_search *****************
 Defined at:
		line 267 in file "parcheggio.c"
 Parameters:    Size  Location     Type
		None
 Auto vars:     Size  Location     Type
		None
 Return value:  Size  Location     Type
		None               void
 Registers used:
		wreg, fsr2l, fsr2h, status,2, status,0, tblptrl, tblptrh, tblptru, cstack
 Tracked objects:
		On entry : 
		On exit  : 
		Unchanged: 
 Data sizes:     COMRAM   BANK0   BANK1   BANK2   BANK3   BANK4   BANK5   BANK6   BANK7   BANK8   BANK9  BANK10  BANK11  BANK12
      Params:         0       0       0       0       0       0       0       0       0       0       0       0       0       0
      Locals:         0       0       0       0       0       0       0       0       0       0       0       0       0       0
      Temps:          0       0       2       0       0       0       0       0       0       0       0       0       0       0
      Totals:         0       0       2       0       0       0       0       0       0       0       0       0       0       0
Total ram usage:        2 bytes
 Hardware stack levels used:    1
 Hardware stack levels required when called:   11
 This function calls:
		_CANisTxReady
		_CANsendMessage
		___awtofl
		_abs
		_parallelo
 This function is called by:
		_main
 This function uses a non-reentrant model


 *************** function _park_routine *****************
 Defined at:
		line 312 in file "parcheggio.c"
 Parameters:    Size  Location     Type
		None
 Auto vars:     Size  Location     Type
		None
 Return value:  Size  Location     Type
		None               void
 Registers used:
		wreg, fsr2l, fsr2h, status,2, status,0, tblptrl, tblptrh, tblptru, prodl, prodh, cstack
 Tracked objects:
		On entry : 
		On exit  : 
		Unchanged: 
 Data sizes:     COMRAM   BANK0   BANK1   BANK2   BANK3   BANK4   BANK5   BANK6   BANK7   BANK8   BANK9  BANK10  BANK11  BANK12
      Params:         0       0       0       0       0       0       0       0       0       0       0       0       0       0
      Locals:         0       0       8       0       0       0       0       0       0       0       0       0       0       0
      Temps:          0       0       4       0       0       0       0       0       0       0       0       0       0       0
      Totals:         0       0      12       0       0       0       0       0       0       0       0       0       0       0
Total ram usage:       12 bytes
 Hardware stack levels used:    1
 Hardware stack levels required when called:   11
 This function calls:
		_CANisTxReady
		_CANsendMessage
		___fladd
		___flneg
		___fltol
		___lwtofl
		_can_send
		_delay_ms
		_delay_s
		_matematica
		_parallelo
 This function is called by:
		_main
 This function uses a non-reentrant model


 *************** function _parallelo *****************
 Defined at:
		line 447 in file "parcheggio.c"
 Parameters:    Size  Location     Type
		None
 Auto vars:     Size  Location     Type
		None
 Return value:  Size  Location     Type
		None               void
 Registers used:
		wreg, fsr2l, fsr2h, status,2, status,0, tblptrl, tblptrh, tblptru, cstack
 Tracked objects:
		On entry : 
		On exit  : 
		Unchanged: 
 Data sizes:     COMRAM   BANK0   BANK1   BANK2   BANK3   BANK4   BANK5   BANK6   BANK7   BANK8   BANK9  BANK10  BANK11  BANK12
      Params:         0       0       0       0       0       0       0       0       0       0       0       0       0       0
      Locals:         0       0       0       0       0       0       0       0       0       0       0       0       0       0
      Temps:          0       2       0       0       0       0       0       0       0       0       0       0       0       0
      Totals:         0       2       0       0       0       0       0       0       0       0       0       0       0       0
Total ram usage:        2 bytes
 Hardware stack levels used:    1
 Hardware stack levels required when called:   10
 This function calls:
		___awtofl
		___fladd
		___fldiv
		___flge
		___flmul
		___fltol
		_abs
		_asin
		_can_send
		_sqrt
 This function is called by:
		_park_search
		_park_routine
 This function uses a non-reentrant model


 *************** function _can_send *****************
 Defined at:
		line 424 in file "parcheggio.c"
 Parameters:    Size  Location     Type
		None
 Auto vars:     Size  Location     Type
		None
 Return value:  Size  Location     Type
		None               void
 Registers used:
		wreg, fsr2l, fsr2h, status,2, status,0, cstack
 Tracked objects:
		On entry : 
		On exit  : 
		Unchanged: 
 Data sizes:     COMRAM   BANK0   BANK1   BANK2   BANK3   BANK4   BANK5   BANK6   BANK7   BANK8   BANK9  BANK10  BANK11  BANK12
      Params:         0       0       0       0       0       0       0       0       0       0       0       0       0       0
      Locals:         0       0       0       0       0       0       0       0       0       0       0       0       0       0
      Temps:          0       0       0       0       0       0       0       0       0       0       0       0       0       0
      Totals:         0       0       0       0       0       0       0       0       0       0       0       0       0       0
Total ram usage:        0 bytes
 Hardware stack levels used:    1
 Hardware stack levels required when called:    6
 This function calls:
		_CANisTxReady
		_CANsendMessage
 This function is called by:
		_park_routine
		_parallelo
 This function uses a non-reentrant model


 *************** function _CANsendMessage *****************
 Defined at:
		line 294 in file "../../../Desktop/LaurTec_PIC_libraries_v_3.3.1/inc\CANlib.h"
 Parameters:    Size  Location     Type
  identifier      4   23[BANK0 ] unsigned long 
  data            2   27[BANK0 ] PTR unsigned char 
		 -> data_speed(8), data_brake(8), data_steering(8), data_correction(8), 
		 -> data_test(8), data(8), sensor_distance_short(8), 
  dataLength      1   29[BANK0 ] unsigned char 
  flags           1   30[BANK0 ] enum E16376
 Auto vars:     Size  Location     Type
  tamp            4   35[BANK0 ] unsigned long 
 Return value:  Size  Location     Type
		None               void
 Registers used:
		wreg, fsr2l, fsr2h, status,2, status,0
 Tracked objects:
		On entry : 
		On exit  : 
		Unchanged: 
 Data sizes:     COMRAM   BANK0   BANK1   BANK2   BANK3   BANK4   BANK5   BANK6   BANK7   BANK8   BANK9  BANK10  BANK11  BANK12
      Params:         0       8       0       0       0       0       0       0       0       0       0       0       0       0
      Locals:         0       4       0       0       0       0       0       0       0       0       0       0       0       0
      Temps:          0       4       0       0       0       0       0       0       0       0       0       0       0       0
      Totals:         0      16       0       0       0       0       0       0       0       0       0       0       0       0
Total ram usage:       16 bytes
 Hardware stack levels used:    1
 Hardware stack levels required when called:    5
 This function calls:
		Nothing
 This function is called by:
		_main
		_park_search
		_park_routine
		_can_send
 This function uses a non-reentrant model


 *************** function _CANisTxReady *****************
 Defined at:
		line 1154 in file "../../../Desktop/LaurTec_PIC_libraries_v_3.3.1/inc\CANlib.h"
 Parameters:    Size  Location     Type
		None
 Auto vars:     Size  Location     Type
		None
 Return value:  Size  Location     Type
                  1    wreg      unsigned char 
 Registers used:
		wreg, status,2
 Tracked objects:
		On entry : 
		On exit  : 
		Unchanged: 
 Data sizes:     COMRAM   BANK0   BANK1   BANK2   BANK3   BANK4   BANK5   BANK6   BANK7   BANK8   BANK9  BANK10  BANK11  BANK12
      Params:         0       0       0       0       0       0       0       0       0       0       0       0       0       0
      Locals:         0       1       0       0       0       0       0       0       0       0       0       0       0       0
      Temps:          0       0       0       0       0       0       0       0       0       0       0       0       0       0
      Totals:         0       1       0       0       0       0       0       0       0       0       0       0       0       0
Total ram usage:        1 bytes
 Hardware stack levels used:    1
 Hardware stack levels required when called:    5
 This function calls:
		Nothing
 This function is called by:
		_main
		_park_search
		_park_routine
		_can_send
 This function uses a non-reentrant model


 *************** function _abs *****************
 Defined at:
		line 4 in file "C:\Program Files (x86)\Microchip\xc8\v1.34\sources\common\abs.c"
 Parameters:    Size  Location     Type
  a               2   23[BANK0 ] int 
 Auto vars:     Size  Location     Type
		None
 Return value:  Size  Location     Type
                  2   23[BANK0 ] int 
 Registers used:
		wreg, status,2, status,0
 Tracked objects:
		On entry : 
		On exit  : 
		Unchanged: 
 Data sizes:     COMRAM   BANK0   BANK1   BANK2   BANK3   BANK4   BANK5   BANK6   BANK7   BANK8   BANK9  BANK10  BANK11  BANK12
      Params:         0       2       0       0       0       0       0       0       0       0       0       0       0       0
      Locals:         0       0       0       0       0       0       0       0       0       0       0       0       0       0
      Temps:          0       2       0       0       0       0       0       0       0       0       0       0       0       0
      Totals:         0       4       0       0       0       0       0       0       0       0       0       0       0       0
Total ram usage:        4 bytes
 Hardware stack levels used:    1
 Hardware stack levels required when called:    5
 This function calls:
		Nothing
 This function is called by:
		_park_search
		_parallelo
 This function uses a non-reentrant model


 *************** function ___awtofl *****************
 Defined at:
		line 31 in file "C:\Program Files (x86)\Microchip\xc8\v1.34\sources\common\awtofl.c"
 Parameters:    Size  Location     Type
  c               2   33[BANK0 ] int 
 Auto vars:     Size  Location     Type
  f1              4    0        int 
  sign            1   37[BANK0 ] unsigned char 
 Return value:  Size  Location     Type
                  4   33[BANK0 ] unsigned char 
 Registers used:
		wreg, status,2, status,0, cstack
 Tracked objects:
		On entry : 
		On exit  : 
		Unchanged: 
 Data sizes:     COMRAM   BANK0   BANK1   BANK2   BANK3   BANK4   BANK5   BANK6   BANK7   BANK8   BANK9  BANK10  BANK11  BANK12
      Params:         0       4       0       0       0       0       0       0       0       0       0       0       0       0
      Locals:         0       1       0       0       0       0       0       0       0       0       0       0       0       0
      Temps:          0       0       0       0       0       0       0       0       0       0       0       0       0       0
      Totals:         0       5       0       0       0       0       0       0       0       0       0       0       0       0
Total ram usage:        5 bytes
 Hardware stack levels used:    1
 Hardware stack levels required when called:    6
 This function calls:
		___flpack
 This function is called by:
		_park_search
		_parallelo
 This function uses a non-reentrant model


 *************** function _matematica *****************
 Defined at:
		line 475 in file "parcheggio.c"
 Parameters:    Size  Location     Type
		None
 Auto vars:     Size  Location     Type
		None
 Return value:  Size  Location     Type
		None               void
 Registers used:
		wreg, fsr2l, fsr2h, status,2, status,0, tblptrl, tblptrh, tblptru, cstack
 Tracked objects:
		On entry : 
		On exit  : 
		Unchanged: 
 Data sizes:     COMRAM   BANK0   BANK1   BANK2   BANK3   BANK4   BANK5   BANK6   BANK7   BANK8   BANK9  BANK10  BANK11  BANK12
      Params:         0       0       0       0       0       0       0       0       0       0       0       0       0       0
      Locals:         0       0      28       0       0       0       0       0       0       0       0       0       0       0
      Temps:          0       0       0       0       0       0       0       0       0       0       0       0       0       0
      Totals:         0       0      28       0       0       0       0       0       0       0       0       0       0       0
Total ram usage:       28 bytes
 Hardware stack levels used:    1
 Hardware stack levels required when called:   10
 This function calls:
		___fladd
		___fldiv
		___flmul
		___flneg
		_asin
		_cos
 This function is called by:
		_park_routine
 This function uses a non-reentrant model


 *************** function _cos *****************
 Defined at:
		line 13 in file "C:\Program Files (x86)\Microchip\xc8\v1.34\sources\common\cos.c"
 Parameters:    Size  Location     Type
  f               4   49[BANK1 ] unsigned char 
 Auto vars:     Size  Location     Type
		None
 Return value:  Size  Location     Type
                  4   49[BANK1 ] unsigned char 
 Registers used:
		wreg, fsr2l, fsr2h, status,2, status,0, tblptrl, tblptrh, tblptru, cstack
 Tracked objects:
		On entry : 
		On exit  : 
		Unchanged: 
 Data sizes:     COMRAM   BANK0   BANK1   BANK2   BANK3   BANK4   BANK5   BANK6   BANK7   BANK8   BANK9  BANK10  BANK11  BANK12
      Params:         0       0       4       0       0       0       0       0       0       0       0       0       0       0
      Locals:         0       0       4       0       0       0       0       0       0       0       0       0       0       0
      Temps:          0       0       0       0       0       0       0       0       0       0       0       0       0       0
      Totals:         0       0       8       0       0       0       0       0       0       0       0       0       0       0
Total ram usage:        8 bytes
 Hardware stack levels used:    1
 Hardware stack levels required when called:    9
 This function calls:
		___fladd
		___flge
		_sin
 This function is called by:
		_matematica
 This function uses a non-reentrant model


 *************** function _sin *****************
 Defined at:
		line 13 in file "C:\Program Files (x86)\Microchip\xc8\v1.34\sources\common\sin.c"
 Parameters:    Size  Location     Type
  f               4  113[BANK0 ] unsigned char 
 Auto vars:     Size  Location     Type
  x2              4    8[BANK1 ] unsigned char 
  y               4    0[BANK1 ] unsigned char 
  sgn             1   12[BANK1 ] unsigned char 
 Return value:  Size  Location     Type
                  4  113[BANK0 ] unsigned char 
 Registers used:
		wreg, fsr2l, fsr2h, status,2, status,0, tblptrl, tblptrh, tblptru, cstack
 Tracked objects:
		On entry : 
		On exit  : 
		Unchanged: 
 Data sizes:     COMRAM   BANK0   BANK1   BANK2   BANK3   BANK4   BANK5   BANK6   BANK7   BANK8   BANK9  BANK10  BANK11  BANK12
      Params:         0       4       0       0       0       0       0       0       0       0       0       0       0       0
      Locals:         0       0      13       0       0       0       0       0       0       0       0       0       0       0
      Temps:          0       0       0       0       0       0       0       0       0       0       0       0       0       0
      Totals:         0       4      13       0       0       0       0       0       0       0       0       0       0       0
Total ram usage:       17 bytes
 Hardware stack levels used:    1
 Hardware stack levels required when called:    8
 This function calls:
		___fladd
		___fldiv
		___flge
		___flmul
		___flneg
		___flsub
		_eval_poly
		_floor
 This function is called by:
		_cos
 This function uses a non-reentrant model


 *************** function _floor *****************
 Defined at:
		line 13 in file "C:\Program Files (x86)\Microchip\xc8\v1.34\sources\common\floor.c"
 Parameters:    Size  Location     Type
  x               4   95[BANK0 ] unsigned char 
 Auto vars:     Size  Location     Type
  i               4   99[BANK0 ] unsigned char 
  expon           2  103[BANK0 ] int 
 Return value:  Size  Location     Type
                  4   95[BANK0 ] int 
 Registers used:
		wreg, fsr2l, fsr2h, status,2, status,0, cstack
 Tracked objects:
		On entry : 
		On exit  : 
		Unchanged: 
[...]
      Totals:         0      14       0       0       0       0       0       0       0       0       0       0       0       0
Total ram usage:       14 bytes
 Hardware stack levels used:    1
 Hardware stack levels required when called:    5
 This function calls:
		Nothing
 This function is called by:
		_CANInitialize
 This function uses a non-reentrant model


 *************** function _CANOperationMode *****************
 Defined at:
		line 206 in file "../../../Desktop/LaurTec_PIC_libraries_v_3.3.1/inc\CANlib.h"
 Parameters:    Size  Location     Type
  mode            1    wreg     enum E16348
 Auto vars:     Size  Location     Type
  mode            1   23[BANK0 ] enum E16348
 Return value:  Size  Location     Type
		None               void
 Registers used:
		wreg, status,2, status,0
 Tracked objects:
		On entry : 
		On exit  : 
		Unchanged: 
 Data sizes:     COMRAM   BANK0   BANK1   BANK2   BANK3   BANK4   BANK5   BANK6   BANK7   BANK8   BANK9  BANK10  BANK11  BANK12
      Params:         0       0       0       0       0       0       0       0       0       0       0       0       0       0
      Locals:         0       1       0       0       0       0       0       0       0       0       0       0       0       0
      Temps:          0       0       0       0       0       0       0       0       0       0       0       0       0       0
      Totals:         0       1       0       0       0       0       0       0       0       0       0       0       0       0
Total ram usage:        1 bytes
 Hardware stack levels used:    1
 Hardware stack levels required when called:    5
 This function calls:
		Nothing
 This function is called by:
		_CANInitialize
 This function uses a non-reentrant model


 *************** function _can_interpreter *****************
 Defined at:
		line 488 in file "parcheggio.c"
 Parameters:    Size  Location     Type
		None
 Auto vars:     Size  Location     Type
		None
 Return value:  Size  Location     Type
		None               void
 Registers used:
		wreg, status,2, status,0
 Tracked objects:
		On entry : 
		On exit  : 
		Unchanged: 
 Data sizes:     COMRAM   BANK0   BANK1   BANK2   BANK3   BANK4   BANK5   BANK6   BANK7   BANK8   BANK9  BANK10  BANK11  BANK12
      Params:         0       0       0       0       0       0       0       0       0       0       0       0       0       0
      Locals:         0       0       0       0       0       0       0       0       0       0       0       0       0       0
      Temps:          0       4       0       0       0       0       0       0       0       0       0       0       0       0
      Totals:         0       4       0       0       0       0       0       0       0       0       0       0       0       0
Total ram usage:        4 bytes
 Hardware stack levels used:    1
 Hardware stack levels required when called:    5
 This function calls:
		Nothing
 This function is called by:
		_main
 This function uses a non-reentrant model


 *************** function _ISR_Bassa *****************
 Defined at:
		line 124 in file "parcheggio.c"
 Parameters:    Size  Location     Type
		None
 Auto vars:     Size  Location     Type
  i               1   40[COMRAM] unsigned char 
  MUX_index_co    2   37[COMRAM] unsigned char [2]
  PORTA_temp      1   39[COMRAM] unsigned char 
 Return value:  Size  Location     Type
		None               void
 Registers used:
		wreg, fsr1l, fsr1h, fsr2l, fsr2h, status,2, status,0, prodl, prodh, cstack
 Tracked objects:
		On entry : 
		On exit  : 
		Unchanged: 
 Data sizes:     COMRAM   BANK0   BANK1   BANK2   BANK3   BANK4   BANK5   BANK6   BANK7   BANK8   BANK9  BANK10  BANK11  BANK12
      Params:         0       0       0       0       0       0       0       0       0       0       0       0       0       0
      Locals:         4       0       0       0       0       0       0       0       0       0       0       0       0       0
      Temps:         21       0       0       0       0       0       0       0       0       0       0       0       0       0
      Totals:        25       0       0       0       0       0       0       0       0       0       0       0       0       0
Total ram usage:       25 bytes
 Hardware stack levels used:    1
 Hardware stack levels required when called:    4
 This function calls:
		_CANreceiveMessage
		i1_CANsendMessage
		i1_delay_ms
 This function is called by:
		Interrupt level 1
 This function uses a non-reentrant model


 *************** function i1_delay_ms *****************
 Defined at:
		line 61 in file "../../../Desktop/LaurTec_PIC_libraries_v_3.3.1/src\delay.c"
 Parameters:    Size  Location     Type
  value_ms        2    6[COMRAM] unsigned int 
 Auto vars:     Size  Location     Type
		None
 Return value:  Size  Location     Type
		None               void
 Registers used:
		wreg, status,2, status,0, prodl, prodh, cstack
 Tracked objects:
		On entry : 
		On exit  : 
		Unchanged: 
 Data sizes:     COMRAM   BANK0   BANK1   BANK2   BANK3   BANK4   BANK5   BANK6   BANK7   BANK8   BANK9  BANK10  BANK11  BANK12
      Params:         2       0       0       0       0       0       0       0       0       0       0       0       0       0
      Locals:         0       0       0       0       0       0       0       0       0       0       0       0       0       0
      Temps:          0       0       0       0       0       0       0       0       0       0       0       0       0       0
      Totals:         2       0       0       0       0       0       0       0       0       0       0       0       0       0
Total ram usage:        2 bytes
 Hardware stack levels used:    1
 Hardware stack levels required when called:    3
 This function calls:
		i1___wmul
 This function is called by:
		_ISR_Bassa
 This function uses a non-reentrant model


 *************** function i1___wmul *****************
 Defined at:
		line 15 in file "C:\Program Files (x86)\Microchip\xc8\v1.34\sources\common\Umul16.c"
 Parameters:    Size  Location     Type
  multiplier      2    0[COMRAM] unsigned int 
  multiplicand    2    2[COMRAM] unsigned int 
 Auto vars:     Size  Location     Type
  __wmul          2    4[COMRAM] unsigned int 
 Return value:  Size  Location     Type
                  2    0[COMRAM] unsigned int 
 Registers used:
		wreg, status,2, status,0, prodl, prodh
 Tracked objects:
		On entry : 
		On exit  : 
		Unchanged: 
 Data sizes:     COMRAM   BANK0   BANK1   BANK2   BANK3   BANK4   BANK5   BANK6   BANK7   BANK8   BANK9  BANK10  BANK11  BANK12
      Params:         4       0       0       0       0       0       0       0       0       0       0       0       0       0
      Locals:         2       0       0       0       0       0       0       0       0       0       0       0       0       0
      Temps:          0       0       0       0       0       0       0       0       0       0       0       0       0       0
      Totals:         6       0       0       0       0       0       0       0       0       0       0       0       0       0
Total ram usage:        6 bytes
 Hardware stack levels used:    1
 Hardware stack levels required when called:    2
 This function calls:
		Nothing
 This function is called by:
		i1_delay_ms
 This function uses a non-reentrant model


 *************** function i1_CANsendMessage *****************
 Defined at:
		line 294 in file "../../../Desktop/LaurTec_PIC_libraries_v_3.3.1/inc\CANlib.h"
 Parameters:    Size  Location     Type
  identifier      4    0[COMRAM] unsigned long 
  data            2    4[COMRAM] PTR unsigned char 
		 -> data_speed(8), data_brake(8), data_steering(8), data_correction(8), 
		 -> data_test(8), data(8), sensor_distance_short(8), 
  dataLength      1    6[COMRAM] unsigned char 
  flags           1    7[COMRAM] enum E16376
 Auto vars:     Size  Location     Type
  CANsendMessa    4   12[COMRAM] unsigned long 
 Return value:  Size  Location     Type
		None               void
 Registers used:
		wreg, fsr2l, fsr2h, status,2, status,0
 Tracked objects:
		On entry : 
		On exit  : 
		Unchanged: 
 Data sizes:     COMRAM   BANK0   BANK1   BANK2   BANK3   BANK4   BANK5   BANK6   BANK7   BANK8   BANK9  BANK10  BANK11  BANK12
      Params:         8       0       0       0       0       0       0       0       0       0       0       0       0       0
      Locals:         4       0       0       0       0       0       0       0       0       0       0       0       0       0
      Temps:          4       0       0       0       0       0       0       0       0       0       0       0       0       0
      Totals:        16       0       0       0       0       0       0       0       0       0       0       0       0       0
Total ram usage:       16 bytes
 Hardware stack levels used:    1
 Hardware stack levels required when called:    2
 This function calls:
		Nothing
 This function is called by:
		_ISR_Bassa
 This function uses a non-reentrant model


 *************** function _CANreceiveMessage *****************
 Defined at:
		line 528 in file "../../../Desktop/LaurTec_PIC_libraries_v_3.3.1/inc\CANlib.h"
 Parameters:    Size  Location     Type
  msg             2    0[COMRAM] PTR struct .
		 -> msg(15), 
 Auto vars:     Size  Location     Type
  tamp            1   11[COMRAM] unsigned char 
  error           1   10[COMRAM] unsigned char 
 Return value:  Size  Location     Type
                  1    wreg      unsigned char 
 Registers used:
		wreg, fsr2l, fsr2h, status,2, status,0
 Tracked objects:
		On entry : 
		On exit  : 
		Unchanged: 
 Data sizes:     COMRAM   BANK0   BANK1   BANK2   BANK3   BANK4   BANK5   BANK6   BANK7   BANK8   BANK9  BANK10  BANK11  BANK12
      Params:         2       0       0       0       0       0       0       0       0       0       0       0       0       0
      Locals:         2       0       0       0       0       0       0       0       0       0       0       0       0       0
      Temps:          8       0       0       0       0       0       0       0       0       0       0       0       0       0
      Totals:        12       0       0       0       0       0       0       0       0       0       0       0       0       0
Total ram usage:       12 bytes
 Hardware stack levels used:    1
 Hardware stack levels required when called:    2
 This function calls:
		Nothing
 This function is called by:
		_ISR_Bassa
 This function uses a non-reentrant model


 *************** function _ISR_Alta *****************
 Defined at:
		line 106 in file "parcheggio.c"
 Parameters:    Size  Location     Type
		None
 Auto vars:     Size  Location     Type
		None
 Return value:  Size  Location     Type
		None               void
 Registers used:
		wreg, fsr2l, fsr2h, status,2, status,0, prodl, prodh, cstack
 Tracked objects:
		On entry : 
		On exit  : 
		Unchanged: 
 Data sizes:     COMRAM   BANK0   BANK1   BANK2   BANK3   BANK4   BANK5   BANK6   BANK7   BANK8   BANK9  BANK10  BANK11  BANK12
      Params:         0       0       0       0       0       0       0       0       0       0       0       0       0       0
      Locals:         0       0       0       0       0       0       0       0       0       0       0       0       0       0
      Temps:          0      16       0       0       0       0       0       0       0       0       0       0       0       0
      Totals:         0      16       0       0       0       0       0       0       0       0       0       0       0       0
Total ram usage:       16 bytes
 Hardware stack levels used:    1
 Hardware stack levels required when called:    1
 This function calls:
		___lwdiv
 This function is called by:
		Interrupt level 2
 This function uses a non-reentrant model


 *************** function ___lwdiv *****************
 Defined at:
		line 8 in file "C:\Program Files (x86)\Microchip\xc8\v1.34\sources\common\lwdiv.c"
 Parameters:    Size  Location     Type
  dividend        2    0[BANK0 ] unsigned int 
  divisor         2    2[BANK0 ] unsigned int 
 Auto vars:     Size  Location     Type
  quotient        2    5[BANK0 ] unsigned int 
  counter         1    4[BANK0 ] unsigned char 
 Return value:  Size  Location     Type
                  2    0[BANK0 ] unsigned int 
 Registers used:
		wreg, status,2, status,0
 Tracked objects:
		On entry : 
		On exit  : 
		Unchanged: 
 Data sizes:     COMRAM   BANK0   BANK1   BANK2   BANK3   BANK4   BANK5   BANK6   BANK7   BANK8   BANK9  BANK10  BANK11  BANK12
      Params:         0       4       0       0       0       0       0       0       0       0       0       0       0       0
      Locals:         0       3       0       0       0       0       0       0       0       0       0       0       0       0
      Temps:          0       0       0       0       0       0       0       0       0       0       0       0       0       0
      Totals:         0       7       0       0       0       0       0       0       0       0       0       0       0       0
Total ram usage:        7 bytes
 Hardware stack levels used:    1
 This function calls:
		Nothing
 This function is called by:
		_ISR_Alta
 This function uses a non-reentrant model



MODULE INFORMATION

Module		Function		Class		Link	Load	Size
../../../Desktop/LaurTec_PIC_libraries_v_3.3.1/inc\CANlib.h
		_CANSetFilter  		CODE           	0D52	0000	2859
		_CANreceiveMess		CODE           	2C4A	0000	1327
		_CANsendMessage		CODE           	187C	0000	1953
		_CANInitialize 		CODE           	4926	0000	463
		_CANOperationMo		CODE           	5DF0	0000	25
		_CANisTxReady  		CODE           	5DCA	0000	39
		_CANSetMask    		CODE           	35F6	0000	939

../../../Desktop/LaurTec_PIC_libraries_v_3.3.1/inc\CANlib.h estimated size: 7605

C:\Program Files (x86)\Microchip\xc8\v1.34\sources\common\fabs.c
		_fabs          		CODE           	5BF2	0000	63

C:\Program Files (x86)\Microchip\xc8\v1.34\sources\common\fabs.c estimated size: 63

C:\Program Files (x86)\Microchip\xc8\v1.34\sources\common\flneg.c
		___flneg       		CODE           	5C30	0000	61

C:\Program Files (x86)\Microchip\xc8\v1.34\sources\common\flneg.c estimated size: 61

C:\Program Files (x86)\Microchip\xc8\v1.34\sources\common\flsub.c
		___flsub       		CODE           	5A9A	0000	97

C:\Program Files (x86)\Microchip\xc8\v1.34\sources\common\flsub.c estimated size: 97

C:\Program Files (x86)\Microchip\xc8\v1.34\sources\common\sin.c
		_sin           		CODE           	3CC4	0000	797

C:\Program Files (x86)\Microchip\xc8\v1.34\sources\common\sin.c estimated size: 797

C:\Program Files (x86)\Microchip\xc8\v1.34\sources\common\abs.c
		_abs           		CODE           	5D76	0000	45

C:\Program Files (x86)\Microchip\xc8\v1.34\sources\common\abs.c estimated size: 45

C:\Program Files (x86)\Microchip\xc8\v1.34\sources\common\evalpoly.c
		_eval_poly     		CODE           	5314	0000	283

C:\Program Files (x86)\Microchip\xc8\v1.34\sources\common\evalpoly.c estimated size: 283

C:\Program Files (x86)\Microchip\xc8\v1.34\sources\common\atan.c
		_atan          		CODE           	44A8	0000	599

C:\Program Files (x86)\Microchip\xc8\v1.34\sources\common\atan.c estimated size: 599

C:\Program Files (x86)\Microchip\xc8\v1.34\sources\common\flmul.c
		___flmul       		CODE           	4E3E	0000	357

C:\Program Files (x86)\Microchip\xc8\v1.34\sources\common\flmul.c estimated size: 357

C:\Program Files (x86)\Microchip\xc8\v1.34\sources\common\double.c
		___flpack      		CODE           	4CBE	0000	385

C:\Program Files (x86)\Microchip\xc8\v1.34\sources\common\double.c estimated size: 385

C:\Program Files (x86)\Microchip\xc8\v1.34\sources\common\frexp.c
		_frexp         		CODE           	5898	0000	149

C:\Program Files (x86)\Microchip\xc8\v1.34\sources\common\frexp.c estimated size: 149

C:\Program Files (x86)\Microchip\xc8\v1.34\sources\common\fldiv.c
		___fldiv       		CODE           	4FA2	0000	311

C:\Program Files (x86)\Microchip\xc8\v1.34\sources\common\fldiv.c estimated size: 311

C:\Program Files (x86)\Microchip\xc8\v1.34\sources\common\floor.c
		_floor         		CODE           	50D8	0000	291

C:\Program Files (x86)\Microchip\xc8\v1.34\sources\common\floor.c estimated size: 291

../../../Desktop/LaurTec_PIC_libraries_v_3.3.1/src\delay.c
		_delay_ms      		CODE           	5C6C	0000	59
		_delay_s       		CODE           	5D48	0000	47

../../../Desktop/LaurTec_PIC_libraries_v_3.3.1/src\delay.c estimated size: 106

shared
		atan@coeff_a   		SMALLCONST     	0D01	0000	25
		atan@coeff_b   		SMALLCONST     	0D19	0000	21
		i1___wmul      		CODE           	5DA2	0000	41
		__initializatio		CODE           	59AE	0000	123
		i1_CANsendMessa		CODE           	201C	0000	1701
		i1_delay_ms    		CODE           	5CDE	0000	57
		sin@coeff_a    		SMALLCONST     	0D2D	0000	21
		sin@coeff_b    		SMALLCONST     	0D41	0000	17

shared estimated size: 2006

C:\Program Files (x86)\Microchip\xc8\v1.34\sources\common\awtofl.c
		___awtofl      		CODE           	5BA6	0000	77

C:\Program Files (x86)\Microchip\xc8\v1.34\sources\common\awtofl.c estimated size: 77

C:\Program Files (x86)\Microchip\xc8\v1.34\sources\common\cos.c
		_cos           		CODE           	5636	0000	231

C:\Program Files (x86)\Microchip\xc8\v1.34\sources\common\cos.c estimated size: 231

C:\Program Files (x86)\Microchip\xc8\v1.34\sources\common\lwdiv.c
		___lwdiv       		CODE           	592C	0000	131

C:\Program Files (x86)\Microchip\xc8\v1.34\sources\common\lwdiv.c estimated size: 131

C:\Program Files (x86)\Microchip\xc8\v1.34\sources\common\asin.c
		_asin          		CODE           	39A0	0000	805

C:\Program Files (x86)\Microchip\xc8\v1.34\sources\common\asin.c estimated size: 805

C:\Program Files (x86)\Microchip\xc8\v1.34\sources\common\fltol.c
		___fltol       		CODE           	51FA	0000	283

C:\Program Files (x86)\Microchip\xc8\v1.34\sources\common\fltol.c estimated size: 283

C:\Program Files (x86)\Microchip\xc8\v1.34\sources\common\flge.c
		___flge        		CODE           	553E	0000	249

C:\Program Files (x86)\Microchip\xc8\v1.34\sources\common\flge.c estimated size: 249

C:\Program Files (x86)\Microchip\xc8\v1.34\sources\common\sqrt.c
		_sqrt          		CODE           	46FE	0000	553

C:\Program Files (x86)\Microchip\xc8\v1.34\sources\common\sqrt.c estimated size: 553

C:\Program Files (x86)\Microchip\xc8\v1.34\sources\common\lwtofl.c
		___lwtofl      		CODE           	5D16	0000	51

C:\Program Files (x86)\Microchip\xc8\v1.34\sources\common\lwtofl.c estimated size: 51

C:\Program Files (x86)\Microchip\xc8\v1.34\sources\common\fladd.c
		___fladd       		CODE           	3FE0	0000	621

C:\Program Files (x86)\Microchip\xc8\v1.34\sources\common\fladd.c estimated size: 621

C:\Program Files (x86)\Microchip\xc8\v1.34\sources\common\altofl.c
		___altofl      		CODE           	5AFA	0000	89

C:\Program Files (x86)\Microchip\xc8\v1.34\sources\common\altofl.c estimated size: 89

parcheggio.c
		_ISR_Bassa     		CODE           	0018	0000	805
		_main          		CODE           	57F8	0000	161
		_configurations		CODE           	5A2E	0000	109
		_can_send      		CODE           	542E	0000	273
		_can_interprete		CODE           	5B52	0000	85
		_park_routine  		CODE           	3178	0000	1151
		_ISR_Alta      		CODE           	0008	0000	237
		_parallelo     		CODE           	424C	0000	605
		_park_search   		CODE           	4AF4	0000	459
		_matematica    		CODE           	26C0	0000	1419

parcheggio.c estimated size: 5304

C:\Program Files (x86)\Microchip\xc8\v1.34\sources\common\Umul16.c
		___wmul        		CODE           	5CA6	0000	57

C:\Program Files (x86)\Microchip\xc8\v1.34\sources\common\Umul16.c estimated size: 57

