Microchip MPLAB XC8 Compiler V1.37 ()

Linker command line:

--edf=C:\Program Files (x86)\Microchip\xc8\v1.37\dat\en_msgs.txt -cs \
  -h+dist/default/production\parcheggio.X.production.sym \
  --cmf=dist/default/production\parcheggio.X.production.cmf -z -Q18F2685 \
  -oC:\Users\Massimo\AppData\Local\Temp\scsg.2 \
  -Mdist/default/production/parcheggio.X.production.map -E1 -ver=XC8 \
  --acfsm=1493 -ASTACK=020Ch-0cffh -pstack=STACK -ACODE=00h-017FFFh \
  -ACONST=00h-017FFFh -ASMALLCONST=0D00h-0DFFhx371 \
  -AMEDIUMCONST=0D00h-0FFFFh,010D00h-017FFFh -ACOMRAM=01h-05Fh \
  -AABS1=00h-0CFFh -ABIGRAM=01h-0CFFh -ARAM=060h-0FFh,0100h-01FFhx12 \
  -ABANK0=060h-0FFh -ABANK1=0100h-01FFh -ABANK2=0200h-02FFh \
  -ABANK3=0300h-03FFh -ABANK4=0400h-04FFh -ABANK5=0500h-05FFh \
  -ABANK6=0600h-06FFh -ABANK7=0700h-07FFh -ABANK8=0800h-08FFh \
  -ABANK9=0900h-09FFh -ABANK10=0A00h-0AFFh -ABANK11=0B00h-0BFFh \
  -ABANK12=0C00h-0CFFh -ASFR=0D00h-0DFFhx2,0F00h-0F5Fh,0F60h-0FFFh \
  -preset_vec=00h,intcode=08h,intcodelo=018h,powerup,init,end_init \
  -pramtop=0D00h -psmallconst=SMALLCONST -pmediumconst=MEDIUMCONST \
  -pconst=CONST -AFARRAM=00h-00h -ACONFIG=0300000h-030000Dh -pconfig=CONFIG \
  -AIDLOC=0200000h-0200007h -pidloc=IDLOC -AEEDATA=0F00000h-0F003FFh \
  -peeprom_data=EEDATA \
  -prdata=COMRAM,nvrram=COMRAM,nvbit=COMRAM,rbss=COMRAM,rbit=COMRAM \
  -pfarbss=FARRAM,fardata=FARRAM,nvFARRAM=FARRAM \
  -pintsave_regs=BIGRAM,bigbss=BIGRAM,bigdata=BIGRAM -pbss=RAM \
  -pidata=CODE,irdata=CODE,ibigdata=CODE,ifardata=CODE -prparam=COMRAM \
  C:\Users\Massimo\AppData\Local\Temp\scsg.obj \
  dist/default/production\parcheggio.X.production.obj 

Object code version is 3.11

Machine type is 18F2685

Call graph: (short form)




                Name                               Link     Load   Length Selector   Space Scale
C:\Users\Massimo\AppData\Local\Temp\scsg.obj
                end_init                            350      350        4        C       0
                reset_vec                             0        0        4        0       0
                idloc                            200000   200000        8   200000       0
                config                           300000   300000        E   300000       0
dist/default/production\parcheggio.X.production.obj
                intcodelo                            18       18      338        C       0
                intcode                               8        8        E        4       0
                temp                                 45       45        1        1       1
                smallconst                          D00      D00       52      680       0
                text40                             6492     6492       52      6A9       0
                intcode_body                       6262     6262       D8      6A9       0
                text38                             2BFE     2BFE      50C      6A9       0
                text37                             1FE4     1FE4      690      6A9       0
                text36                             6696     6696       26      6A9       0
                text35                             660C     660C       32      6A9       0
                text33                             66E0     66E0       16      6A9       0
                text32                              D52      D52      B06      6A9       0
                text31                             4682     4682      39E      6A9       0
                text30                             58B4     58B4      1C6      6A9       0
                text29                             63CE     63CE       6C      6A9       0
                text28                             65A2     65A2       36      6A9       0
                text27                             65D8     65D8       34      6A9       0
                text26                             666A     666A       2C      6A9       0
                text25                             42C2     42C2      3C0      6A9       0
                text24                             5A7A     5A7A      190      6A9       0
                text23                             310A     310A      4A8      6A9       0
                text22                             35B2     35B2      4A6      6A9       0
                text21                             5E56     5E56      118      6A9       0
                text20                             656A     656A       38      6A9       0
                text19                             652C     652C       3E      6A9       0
                text18                             52C0     52C0      252      6A9       0
                text17                             3EF8     3EF8      3CA      6A9       0
                text16                             4D38     4D38      312      6A9       0
                text15                             64E4     64E4       48      6A9       0
                text14                             5F6E     5F6E      10C      6A9       0
                text13                             56E6     56E6      1CE      6A9       0
                text12                             633A     633A       94      6A9       0
                text11                             5D32     5D32      124      6A9       0
                text10                             4A20     4A20      318      6A9       0
                text9                              617E     617E       E4      6A9       0
                text8                              2674     2674      58A      6A9       0
                text7                              663E     663E       2C      6A9       0
                text6                              66BC     66BC       24      6A9       0
                text5                              1858     1858      78C      6A9       0
                text4                              607A     607A      104      6A9       0
                text3                              504A     504A      276      6A9       0
                text2                              3A58     3A58      4A0      6A9       0
                text1                              5512     5512      1D4      6A9       0
                text0                              5C0A     5C0A      128      6A9       0
                cstackCOMRAM                          1        1       27        1       1
                cstackBANK0                          60       60       86       60       1
                cstackBANK1                         1A9      1A9       4D      100       1
                cstackBANK2                         200      200        C      200       1
                dataBANK1                           1F6      1F6        A      100       1
                bssBANK1                            100      100       A9      100       1
                dataBANK0                            E6       E6        1       60       1
                bssCOMRAM                            28       28       1B        1       1
                bitbssCOMRAM                        218       43       10        1       1     8
                cinit                              643A     643A       58      6A9       0
                idataBANK1                         66F6     66F6        A      6A9       0
                idataBANK0                         6700     6700        1      6A9       0

TOTAL           Name                               Link     Load   Length     Space
        CLASS   STACK          

        CLASS   CODE           
                end_init                            350      350        4         0
                intcodelo                            18       18      338         0
                intcode                               8        8        E         0
                reset_vec                             0        0        4         0
                text40                             6492     6492       52         0
                intcode_body                       6262     6262       D8         0
                text38                             2BFE     2BFE      50C         0
                text37                             1FE4     1FE4      690         0
                text36                             6696     6696       26         0
                text35                             660C     660C       32         0
                text33                             66E0     66E0       16         0
                text32                              D52      D52      B06         0
                text31                             4682     4682      39E         0
                text30                             58B4     58B4      1C6         0
                text29                             63CE     63CE       6C         0
                text28                             65A2     65A2       36         0
                text27                             65D8     65D8       34         0
                text26                             666A     666A       2C         0
                text25                             42C2     42C2      3C0         0
                text24                             5A7A     5A7A      190         0
                text23                             310A     310A      4A8         0
                text22                             35B2     35B2      4A6         0
                text21                             5E56     5E56      118         0
                text20                             656A     656A       38         0
                text19                             652C     652C       3E         0
                text18                             52C0     52C0      252         0
                text17                             3EF8     3EF8      3CA         0
                text16                             4D38     4D38      312         0
                text15                             64E4     64E4       48         0
                text14                             5F6E     5F6E      10C         0
                text13                             56E6     56E6      1CE         0
                text12                             633A     633A       94         0
                text11                             5D32     5D32      124         0
                text10                             4A20     4A20      318         0
                text9                              617E     617E       E4         0
                text8                              2674     2674      58A         0
                text7                              663E     663E       2C         0
                text6                              66BC     66BC       24         0
                text5                              1858     1858      78C         0
                text4                              607A     607A      104         0
                text3                              504A     504A      276         0
                text2                              3A58     3A58      4A0         0
                text1                              5512     5512      1D4         0
                text0                              5C0A     5C0A      128         0
                cinit                              643A     643A       58         0
                idataBANK1                         66F6     66F6        A         0
                idataBANK0                         6700     6700        1         0

        CLASS   CONST          

        CLASS   SMALLCONST     
                smallconst                          D00      D00       52         0

        CLASS   MEDIUMCONST    

        CLASS   COMRAM         
                temp                                 45       45        1         1
                cstackCOMRAM                          1        1       27         1
                bssCOMRAM                            28       28       1B         1
                bitbssCOMRAM                        218       43       10         1

        CLASS   ABS1           

        CLASS   BIGRAM         

        CLASS   RAM            

        CLASS   BANK0          
                cstackBANK0                          60       60       86         1
                dataBANK0                            E6       E6        1         1

        CLASS   BANK1          
                cstackBANK1                         1A9      1A9       4D         1
                dataBANK1                           1F6      1F6        A         1
                bssBANK1                            100      100       A9         1

        CLASS   BANK2          
                cstackBANK2                         200      200        C         1

        CLASS   BANK3          

        CLASS   BANK4          

        CLASS   BANK5          

        CLASS   BANK6          

        CLASS   BANK7          

        CLASS   BANK8          

        CLASS   BANK9          

        CLASS   BANK10         

        CLASS   BANK11         

        CLASS   BANK12         

        CLASS   SFR            

        CLASS   FARRAM         

        CLASS   CONFIG         
                config                           300000   300000        E         0

        CLASS   IDLOC          
                idloc                            200000   200000        8         0

        CLASS   EEDATA         



SEGMENTS        Name                           Load    Length   Top    Selector   Space  Class

                reset_vec                      000000  000004  000004         0       0  CODE    
                cstackCOMRAM                   000001  000045  000046         1       1  COMRAM  
                intcode                        000008  00000E  000016         4       0  CODE    
                intcodelo                      000018  00033C  000354         C       0  CODE    
                cstackBANK0                    000060  000087  0000E7        60       1  BANK0   
                bssBANK1                       000100  000100  000200       100       1  BANK1   
                cstackBANK2                    000200  00000C  00020C       200       1  BANK2   
                smallconst                     000D00  000052  000D52       680       0  SMALLCON
                text32                         000D52  0059AF  006701       6A9       0  CODE    
                idloc                          200000  000008  200008    200000       0  IDLOC   
                config                         300000  00000E  30000E    300000       0  CONFIG  


UNUSED ADDRESS RANGES

        Name                Unused          Largest block    Delta
        BANK0            0000E7-0000FF               19
        BANK10           000A00-000AFF              100
        BANK11           000B00-000BFF              100
        BANK12           000C00-000CFF              100
        BANK2            00020C-0002FF               F4
        BANK3            000300-0003FF              100
        BANK4            000400-0004FF              100
        BANK5            000500-0005FF              100
        BANK6            000600-0006FF              100
        BANK7            000700-0007FF              100
        BANK8            000800-0008FF              100
        BANK9            000900-0009FF              100
        BIGRAM           000046-00005F               1A
                         0000E7-0000FF               19
                         00020C-000CFF              AF4
        CODE             000004-000007                4
                         000016-000017                2
                         000354-000CFF              9AC
                         006701-017FFF            118FF
        COMRAM           000046-00005F               1A
        CONST            000004-000007                4
                         000016-000017                2
                         000354-000CFF              9AC
                         006701-017FFF            118FF
        EEDATA           F00000-F003FF              400
        MEDIUMCONST      006701-00FFFF             98FF
                         010D00-017FFF             7300
        RAM              0000E7-0000FF               19
                         00020C-000CFF              100
        SFR              000D00-000FFF              100
        SMALLCONST       006701-017FFF              100
        STACK            00020C-000CFF              AF4

                                  Symbol Table

?___fladd                     cstackBANK0  0000AB
?___fldiv                     cstackBANK0  000079
?___flmul                     cstackBANK0  000092
?___flneg                     cstackBANK0  0000BF
?___flsub                     cstackBANK1  0001A9
?___fltol                     cstackBANK0  0000C3
?___lwdiv                     cstackCOMRAM 000001
?___wmul                      cstackBANK0  000079
?___xxtofl                    cstackBANK0  0000CD
?_abs                         cstackBANK0  000079
?_asin                        cstackBANK0  0000E0
?_atan                        cstackBANK0  0000D3
?_cos                         cstackBANK1  0001CE
?_eval_poly                   cstackBANK0  0000BF
?_fabs                        cstackBANK0  0000C3
?_floor                       cstackBANK0  0000DB
?_sin                         cstackBANK1  0001B1
?_sqrt                        cstackBANK0  0000C3
?i1___wmul                    cstackCOMRAM 000018
CANInitialize@BRP             cstackBANK0  00008A
CANInitialize@FilterConfig1   cstackBANK0  000091
CANInitialize@FilterConfig2   cstackBANK0  000092
CANInitialize@SJW             cstackBANK0  000089
CANInitialize@flags           cstackBANK0  00008B
CANInitialize@phaseSeg1       cstackBANK0  000087
CANInitialize@phaseSeg2       cstackBANK0  000088
CANInitialize@propSeg         cstackBANK0  000090
CANOperationMode@mode         cstackBANK0  000079
CANSetFilter@filter           cstackBANK0  000079
CANSetFilter@numBuffer        cstackBANK0  000082
CANSetFilter@tamp             cstackBANK0  000083
CANSetFilter@type             cstackBANK0  00007D
CANSetMask@mask               cstackBANK0  000079
CANSetMask@numBuffer          cstackBANK0  000082
CANSetMask@tamp               cstackBANK0  000083
CANSetMask@type               cstackBANK0  00007D
CANreceiveMessage@error       cstackCOMRAM 000022
CANreceiveMessage@msg         cstackCOMRAM 000018
CANreceiveMessage@tamp        cstackCOMRAM 000023
CANsendMessage@data           cstackBANK0  00007D
CANsendMessage@dataLength     cstackBANK0  00007F
CANsendMessage@flags          cstackBANK0  000080
CANsendMessage@identifier     cstackBANK0  000079
CANsendMessage@tamp           cstackBANK0  000085
ISR_Bassa@F15917              dataBANK1    0001FA
ISR_Bassa@MUX_index_collision cstackBANK0  000075
ISR_Bassa@PORTA_temp          cstackBANK0  000077
ISR_Bassa@i                   cstackBANK0  000078
_ADCON1                       (abs)        000FC1
_BRGCON1                      (abs)        000F70
_BRGCON2                      (abs)        000F71
_BRGCON2bits                  (abs)        000F71
_BRGCON3                      (abs)        000F72
_BRGCON3bits                  (abs)        000F72
_CANCON                       (abs)        000F6F
_CANCONbits                   (abs)        000F6F
_CANInitialize                text30       0058B4
_CANOperationMode             text33       0066E0
_CANSTAT                      (abs)        000F6E
_CANSetFilter                 text32       000D52
_CANSetMask                   text31       004682
_CANisTxReady                 text6        0066BC
_CANisTxReady$2796            cstackBANK0  000079
_CANreceiveMessage            text38       002BFE
_CANsendMessage               text5        001858
_COMSTATbits                  (abs)        000F74
_INTCON2bits                  (abs)        000FF1
_INTCONbits                   (abs)        000FF2
_IPR3bits                     (abs)        000FA5
_ISR_Alta                     intcode      000008
_ISR_Bassa                    intcodelo    000018
_J_var                        bssBANK1     000130
_K_var                        bssBANK1     000134
_LATA                         (abs)        000F89
_LATB                         (abs)        000F8A
_LATBbits                     (abs)        000F8A
_LATC                         (abs)        000F8B
_MUX_index                    bssCOMRAM    00003E
_MUX_select                   bssBANK1     000110
_MUX_toggle                   bitbssCOMRAM 000218
_PIE3bits                     (abs)        000FA3
_PIR3bits                     (abs)        000FA4
_PORTA                        (abs)        000F80
_PORTBbits                    (abs)        000F81
_Pmin                         bssBANK1     000138
_RCONbits                     (abs)        000FD0
_RXB0CON                      (abs)        000F60
_RXB0CONbits                  (abs)        000F60
_RXB0D0                       (abs)        000F66
_RXB0D1                       (abs)        000F67
_RXB0D2                       (abs)        000F68
_RXB0D3                       (abs)        000F69
_RXB0D4                       (abs)        000F6A
_RXB0D5                       (abs)        000F6B
_RXB0D6                       (abs)        000F6C
_RXB0D7                       (abs)        000F6D
_RXB0DLC                      (abs)        000F65
_RXB0DLCbits                  (abs)        000F65
_RXB0EIDH                     (abs)        000F63
_RXB0EIDL                     (abs)        000F64
_RXB0SIDH                     (abs)        000F61
_RXB0SIDL                     (abs)        000F62
_RXB0SIDLbits                 (abs)        000F62
_RXB1CON                      (abs)        000F50
_RXB1CONbits                  (abs)        000F50
_RXB1D0                       (abs)        000F56
_RXB1D1                       (abs)        000F57
_RXB1D2                       (abs)        000F58
_RXB1D3                       (abs)        000F59
_RXB1D4                       (abs)        000F5A
_RXB1D5                       (abs)        000F5B
_RXB1D6                       (abs)        000F5C
_RXB1D7                       (abs)        000F5D
_RXB1DLC                      (abs)        000F55
_RXB1DLCbits                  (abs)        000F55
_RXB1EIDH                     (abs)        000F53
_RXB1EIDL                     (abs)        000F54
_RXB1SIDH                     (abs)        000F51
_RXB1SIDL                     (abs)        000F52
_RXB1SIDLbits                 (abs)        000F52
_RXERRCNT                     (abs)        000F75
_RXF0EIDH                     (abs)        000F02
_RXF0EIDL                     (abs)        000F03
_RXF0SIDH                     (abs)        000F00
_RXF0SIDL                     (abs)        000F01
_RXF0SIDLbits                 (abs)        000F01
_RXF1EIDH                     (abs)        000F06
_RXF1EIDL                     (abs)        000F07
_RXF1SIDH                     (abs)        000F04
_RXF1SIDL                     (abs)        000F05
_RXF1SIDLbits                 (abs)        000F05
_RXF2EIDH                     (abs)        000F0A
_RXF2EIDL                     (abs)        000F0B
_RXF2SIDH                     (abs)        000F08
_RXF2SIDL                     (abs)        000F09
_RXF2SIDLbits                 (abs)        000F09
_RXF3EIDH                     (abs)        000F0E
_RXF3EIDL                     (abs)        000F0F
_RXF3SIDH                     (abs)        000F0C
_RXF3SIDL                     (abs)        000F0D
_RXF3SIDLbits                 (abs)        000F0D
_RXF4EIDH                     (abs)        000F12
_RXF4EIDL                     (abs)        000F13
_RXF4SIDH                     (abs)        000F10
_RXF4SIDL                     (abs)        000F11
_RXF4SIDLbits                 (abs)        000F11
_RXF5EIDH                     (abs)        000F16
_RXF5EIDL                     (abs)        000F17
_RXF5SIDH                     (abs)        000F14
_RXF5SIDL                     (abs)        000F15
_RXF5SIDLbits                 (abs)        000F15
_RXM0EIDH                     (abs)        000F1A
_RXM0EIDL                     (abs)        000F1B
_RXM0SIDH                     (abs)        000F18
_RXM0SIDL                     (abs)        000F19
_RXM0SIDLbits                 (abs)        000F19
_RXM1EIDH                     (abs)        000F1E
_RXM1EIDL                     (abs)        000F1F
_RXM1SIDH                     (abs)        000F1C
_RXM1SIDL                     (abs)        000F1D
_RXM1SIDLbits                 (abs)        000F1D
_T0CON                        (abs)        000FD5
_T0CONbits                    (abs)        000FD5
_T3CON                        (abs)        000FB1
_TMR0H                        (abs)        000FD7
_TMR0L                        (abs)        000FD6
_TMR3H                        (abs)        000FB3
_TMR3H_temp                   bssCOMRAM    00003F
_TMR3L                        (abs)        000FB2
_TMR3L_temp                   bssCOMRAM    000040
_TRISA                        (abs)        000F92
_TRISB                        (abs)        000F93
_TRISBbits                    (abs)        000F93
_TRISC                        (abs)        000F94
_TXB0CONbits                  (abs)        000F40
_TXB0D0                       (abs)        000F46
_TXB0D1                       (abs)        000F47
_TXB0D2                       (abs)        000F48
_TXB0D3                       (abs)        000F49
_TXB0D4                       (abs)        000F4A
_TXB0D5                       (abs)        000F4B
_TXB0D6                       (abs)        000F4C
_TXB0D7                       (abs)        000F4D
_TXB0DLC                      (abs)        000F45
_TXB0DLCbits                  (abs)        000F45
_TXB0EIDH                     (abs)        000F43
_TXB0EIDL                     (abs)        000F44
_TXB0SIDH                     (abs)        000F41
_TXB0SIDL                     (abs)        000F42
_TXB0SIDLbits                 (abs)        000F42
_TXB1CONbits                  (abs)        000F30
_TXB1D0                       (abs)        000F36
_TXB1D1                       (abs)        000F37
_TXB1D2                       (abs)        000F38
_TXB1D3                       (abs)        000F39
_TXB1D4                       (abs)        000F3A
_TXB1D5                       (abs)        000F3B
_TXB1D6                       (abs)        000F3C
_TXB1D7                       (abs)        000F3D
_TXB1DLC                      (abs)        000F35
_TXB1DLCbits                  (abs)        000F35
_TXB1EIDH                     (abs)        000F33
_TXB1EIDL                     (abs)        000F34
_TXB1SIDH                     (abs)        000F31
_TXB1SIDL                     (abs)        000F32
_TXB1SIDLbits                 (abs)        000F32
_TXB2CONbits                  (abs)        000F20
_TXB2D0                       (abs)        000F26
_TXB2D1                       (abs)        000F27
_TXB2D2                       (abs)        000F28
_TXB2D3                       (abs)        000F29
_TXB2D4                       (abs)        000F2A
_TXB2D5                       (abs)        000F2B
_TXB2D6                       (abs)        000F2C
_TXB2D7                       (abs)        000F2D
_TXB2DLC                      (abs)        000F25
_TXB2DLCbits                  (abs)        000F25
_TXB2EIDH                     (abs)        000F23
_TXB2EIDL                     (abs)        000F24
_TXB2SIDH                     (abs)        000F21
_TXB2SIDL                     (abs)        000F22
_TXB2SIDLbits                 (abs)        000F22
_TXERRCNT                     (abs)        000F76
__CFG_BBSIZ$1024              (abs)        000000
__CFG_BOREN$BOHW              (abs)        000000
__CFG_BORV$3                  (abs)        000000
__CFG_CP0$OFF                 (abs)        000000
__CFG_CP1$OFF                 (abs)        000000
__CFG_CP2$OFF                 (abs)        000000
__CFG_CP3$OFF                 (abs)        000000
__CFG_CPB$OFF                 (abs)        000000
__CFG_CPD$OFF                 (abs)        000000
__CFG_EBTR0$OFF               (abs)        000000
__CFG_EBTR1$OFF               (abs)        000000
__CFG_EBTR2$OFF               (abs)        000000
__CFG_EBTR3$OFF               (abs)        000000
__CFG_EBTRB$OFF               (abs)        000000
__CFG_FCMEN$OFF               (abs)        000000
__CFG_IESO$OFF                (abs)        000000
__CFG_LPT1OSC$OFF             (abs)        000000
__CFG_LVP$OFF                 (abs)        000000
__CFG_MCLRE$ON                (abs)        000000
__CFG_OSC$HS                  (abs)        000000
__CFG_PBADEN$OFF              (abs)        000000
__CFG_PWRT$OFF                (abs)        000000
__CFG_STVREN$ON               (abs)        000000
__CFG_WDT$OFF                 (abs)        000000
__CFG_WDTPS$32768             (abs)        000000
__CFG_WRT0$OFF                (abs)        000000
__CFG_WRT1$OFF                (abs)        000000
__CFG_WRT2$OFF                (abs)        000000
__CFG_WRT3$OFF                (abs)        000000
__CFG_WRTB$OFF                (abs)        000000
__CFG_WRTC$OFF                (abs)        000000
__CFG_WRTD$OFF                (abs)        000000
__CFG_XINST$OFF               (abs)        000000
__HRAM                        (abs)        000000
__Habs1                       abs1         000000
__Hbank0                      bank0        000000
__Hbank1                      bank1        000000
__Hbank10                     bank10       000000
__Hbank11                     bank11       000000
__Hbank12                     bank12       000000
__Hbank2                      bank2        000000
__Hbank3                      bank3        000000
__Hbank4                      bank4        000000
__Hbank5                      bank5        000000
__Hbank6                      bank6        000000
__Hbank7                      bank7        000000
__Hbank8                      bank8        000000
__Hbank9                      bank9        000000
__Hbigbss                     bigbss       000000
__Hbigdata                    bigdata      000000
__Hbigram                     bigram       000000
__HbitbssCOMRAM               bitbssCOMRAM 000000
__Hbss                        bss          000000
__HbssBANK1                   bssBANK1     000000
__HbssCOMRAM                  bssCOMRAM    000000
__Hcinit                      cinit        000000
__Hclrtext                    clrtext      000000
__Hcomram                     comram       000000
__Hconfig                     config       30000E
__Hconst                      const        000000
__HcstackBANK0                cstackBANK0  000000
__HcstackBANK1                cstackBANK1  000000
__HcstackBANK2                cstackBANK2  000000
__HcstackCOMRAM               cstackCOMRAM 000000
__Hdata                       data         000000
__HdataBANK0                  dataBANK0    000000
__HdataBANK1                  dataBANK1    000000
__Heeprom_data                eeprom_data  000000
__Hend_init                   end_init     000354
__Hfarbss                     farbss       000000
__Hfardata                    fardata      000000
__Hibigdata                   ibigdata     000000
__Hidata                      idata        000000
__HidataBANK0                 idataBANK0   000000
__HidataBANK1                 idataBANK1   000000
__Hidloc                      idloc        200008
__Hifardata                   ifardata     000000
__Hinit                       init         000350
__Hintcode                    intcode      000016
__Hintcode_body               intcode_body 000000
__Hintcodelo                  intcodelo    000350
__Hintentry                   intentry     000000
__Hintret                     intret       000000
__Hintsave_regs               intsave_regs 000000
__Hirdata                     irdata       000000
__Hmediumconst                mediumconst  000000
__HnvFARRAM                   nvFARRAM     000000
__Hnvbit                      nvbit        000000
__Hnvrram                     nvrram       000000
__Hparam                      rparam       000000
__Hpowerup                    powerup      000350
__Hram                        ram          000000
__Hramtop                     ramtop       000D00
__Hrbit                       rbit         000000
__Hrbss                       rbss         000000
__Hrdata                      rdata        000000
__Hreset_vec                  reset_vec    000004
__Hrparam                     rparam       000000
__Hsfr                        sfr          000000
__Hsmallconst                 smallconst   000D52
__Hspace_0                    (abs)        30000E
__Hspace_1                    (abs)        000228
__Hspace_2                    (abs)        000000
__Hstack                      stack        000000
__Hstruct                     struct       000000
__Htemp                       temp         000046
__Htext                       text         000000
__Htext0                      text0        000000
__Htext1                      text1        000000
__Htext10                     text10       000000
__Htext11                     text11       000000
__Htext12                     text12       000000
__Htext13                     text13       000000
__Htext14                     text14       000000
__Htext15                     text15       000000
__Htext16                     text16       000000
__Htext17                     text17       000000
__Htext18                     text18       000000
__Htext19                     text19       000000
__Htext2                      text2        000000
__Htext20                     text20       000000
__Htext21                     text21       000000
__Htext22                     text22       000000
__Htext23                     text23       000000
__Htext24                     text24       000000
__Htext25                     text25       000000
__Htext26                     text26       000000
__Htext27                     text27       000000
__Htext28                     text28       000000
__Htext29                     text29       000000
__Htext3                      text3        000000
__Htext30                     text30       000000
__Htext31                     text31       000000
__Htext32                     text32       000000
__Htext33                     text33       000000
__Htext35                     text35       000000
__Htext36                     text36       000000
__Htext37                     text37       000000
__Htext38                     text38       000000
__Htext4                      text4        000000
__Htext40                     text40       000000
__Htext5                      text5        000000
__Htext6                      text6        000000
__Htext7                      text7        000000
__Htext8                      text8        000000
__Htext9                      text9        000000
__LRAM                        (abs)        000001
__Labs1                       abs1         000000
__Lbank0                      bank0        000000
__Lbank1                      bank1        000000
__Lbank10                     bank10       000000
__Lbank11                     bank11       000000
__Lbank12                     bank12       000000
__Lbank2                      bank2        000000
__Lbank3                      bank3        000000
__Lbank4                      bank4        000000
__Lbank5                      bank5        000000
__Lbank6                      bank6        000000
__Lbank7                      bank7        000000
__Lbank8                      bank8        000000
__Lbank9                      bank9        000000
__Lbigbss                     bigbss       000000
__Lbigdata                    bigdata      000000
__Lbigram                     bigram       000000
__LbitbssCOMRAM               bitbssCOMRAM 000000
__Lbss                        bss          000000
__LbssBANK1                   bssBANK1     000000
__LbssCOMRAM                  bssCOMRAM    000000
__Lcinit                      cinit        000000
__Lclrtext                    clrtext      000000
__Lcomram                     comram       000000
__Lconfig                     config       300000
__Lconst                      const        000000
__LcstackBANK0                cstackBANK0  000000
__LcstackBANK1                cstackBANK1  000000
__LcstackBANK2                cstackBANK2  000000
__LcstackCOMRAM               cstackCOMRAM 000000
__Ldata                       data         000000
__LdataBANK0                  dataBANK0    000000
__LdataBANK1                  dataBANK1    000000
__Leeprom_data                eeprom_data  000000
__Lend_init                   end_init     000350
__Lfarbss                     farbss       000000
__Lfardata                    fardata      000000
__Libigdata                   ibigdata     000000
__Lidata                      idata        000000
__LidataBANK0                 idataBANK0   000000
__LidataBANK1                 idataBANK1   000000
__Lidloc                      idloc        200000
__Lifardata                   ifardata     000000
__Linit                       init         000350
__Lintcode                    intcode      000008
__Lintcode_body               intcode_body 000000
__Lintcodelo                  intcodelo    000018
__Lintentry                   intentry     000000
__Lintret                     intret       000000
__Lintsave_regs               intsave_regs 000000
__Lirdata                     irdata       000000
__Lmediumconst                mediumconst  000000
__LnvFARRAM                   nvFARRAM     000000
__Lnvbit                      nvbit        000000
__Lnvrram                     nvrram       000000
__Lparam                      rparam       000000
__Lpowerup                    powerup      000350
__Lram                        ram          000000
__Lramtop                     ramtop       000D00
__Lrbit                       rbit         000000
__Lrbss                       rbss         000000
__Lrdata                      rdata        000000
__Lreset_vec                  reset_vec    000000
__Lrparam                     rparam       000000
__Lsfr                        sfr          000000
__Lsmallconst                 smallconst   000D00
__Lspace_0                    (abs)        000000
__Lspace_1                    (abs)        000000
__Lspace_2                    (abs)        000000
__Lstack                      stack        000000
__Lstruct                     struct       000000
__Ltemp                       temp         000045
__Ltext                       text         000000
__Ltext0                      text0        000000
__Ltext1                      text1        000000
__Ltext10                     text10       000000
__Ltext11                     text11       000000
__Ltext12                     text12       000000
__Ltext13                     text13       000000
__Ltext14                     text14       000000
__Ltext15                     text15       000000
__Ltext16                     text16       000000
__Ltext17                     text17       000000
__Ltext18                     text18       000000
__Ltext19                     text19       000000
__Ltext2                      text2        000000
__Ltext20                     text20       000000
__Ltext21                     text21       000000
__Ltext22                     text22       000000
__Ltext23                     text23       000000
__Ltext24                     text24       000000
__Ltext25                     text25       000000
__Ltext26                     text26       000000
__Ltext27                     text27       000000
__Ltext28                     text28       000000
__Ltext29                     text29       000000
__Ltext3                      text3        000000
__Ltext30                     text30       000000
__Ltext31                     text31       000000
__Ltext32                     text32       000000
__Ltext33                     text33       000000
__Ltext35                     text35       000000
__Ltext36                     text36       000000
__Ltext37                     text37       000000
__Ltext38                     text38       000000
__Ltext4                      text4        000000
__Ltext40                     text40       000000
__Ltext5                      text5        000000
__Ltext6                      text6        000000
__Ltext7                      text7        000000
__Ltext8                      text8        000000
__Ltext9                      text9        000000
__S0                          (abs)        30000E
__S1                          (abs)        00020C
__S2                          (abs)        000000
___fladd                      text23       00310A
___fladd@a                    cstackBANK0  0000AF
___fladd@aexp                 cstackBANK0  0000BC
___fladd@b                    cstackBANK0  0000AB
___fladd@bexp                 cstackBANK0  0000BD
___fladd@grs                  cstackBANK0  0000BE
___fladd@signs                cstackBANK0  0000BB
___fldiv                      text25       0042C2
___fldiv@a                    cstackBANK0  00007D
___fldiv@aexp                 cstackBANK0  000091
___fldiv@b                    cstackBANK0  000079
___fldiv@bexp                 cstackBANK0  000090
___fldiv@grs                  cstackBANK0  00008C
___fldiv@new_exp              cstackBANK0  00008A
___fldiv@rem                  cstackBANK0  000086
___fldiv@sign                 cstackBANK0  000085
___flge                       text24       005A7A
___flge@ff1                   cstackBANK0  0000C7
___flge@ff2                   cstackBANK0  0000CB
___flmul                      text22       0035B2
___flmul@a                    cstackBANK0  000096
___flmul@aexp                 cstackBANK0  00009F
___flmul@b                    cstackBANK0  000092
___flmul@bexp                 cstackBANK0  0000A4
___flmul@grs                  cstackBANK0  0000A0
___flmul@prod                 cstackBANK0  0000A5
___flmul@sign                 cstackBANK0  00009E
___flmul@temp                 cstackBANK0  0000A9
___flneg                      text20       00656A
___flneg@f1                   cstackBANK0  0000BF
___flsub                      text15       0064E4
___flsub@a                    cstackBANK1  0001AD
___flsub@b                    cstackBANK1  0001A9
___fltol                      text14       005F6E
___fltol@exp1                 cstackBANK0  0000CC
___fltol@f1                   cstackBANK0  0000C3
___fltol@sign1                cstackBANK0  0000CB
___inthi_sp                   stack        000000
___intlo_sp                   stack        000000
___lwdiv                      text40       006492
___lwdiv@counter              cstackCOMRAM 000007
___lwdiv@dividend             cstackCOMRAM 000001
___lwdiv@divisor              cstackCOMRAM 000003
___lwdiv@quotient             cstackCOMRAM 000005
___param_bank                 (abs)        000010
___rparam_used                (abs)        000001
___sp                         stack        000000
___wmul                       text28       0065A2
___wmul@multiplicand          cstackBANK0  00007B
___wmul@multiplier            cstackBANK0  000079
___wmul@product               cstackBANK0  00007D
___xxtofl                     text13       0056E6
___xxtofl@arg                 cstackBANK0  0000D7
___xxtofl@exp                 cstackBANK0  0000D6
___xxtofl@sign                cstackBANK0  0000D5
___xxtofl@val                 cstackBANK0  0000CD
__accesstop                   (abs)        000060
__activetblptr                (abs)        000003
__end_of_CANInitialize        text30       005A7A
__end_of_CANOperationMode     text33       0066F6
__end_of_CANSetFilter         text32       001858
__end_of_CANSetMask           text31       004A20
__end_of_CANisTxReady         text6        0066E0
__end_of_CANreceiveMessage    text38       00310A
__end_of_CANsendMessage       text5        001FE4
__end_of_ISR_Alta             intcode_body 00633A
__end_of_ISR_Bassa            intcodelo    000350
__end_of___fladd              text23       0035B2
__end_of___fldiv              text25       004682
__end_of___flge               text24       005C0A
__end_of___flmul              text22       003A58
__end_of___flneg              text20       0065A2
__end_of___flsub              text15       00652C
__end_of___fltol              text14       00607A
__end_of___lwdiv              text40       0064E4
__end_of___wmul               text28       0065D8
__end_of___xxtofl             text13       0058B4
__end_of__initialization      cinit        006488
__end_of_abs                  text7        00666A
__end_of_asin                 text16       00504A
__end_of_atan                 text18       005512
__end_of_can_send             text4        00617E
__end_of_configurations       text29       00643A
__end_of_cos                  text9        006262
__end_of_delay_ms             text27       00660C
__end_of_delay_s              text26       006696
__end_of_eval_poly            text21       005F6E
__end_of_fabs                 text19       00656A
__end_of_floor                text11       005E56
__end_of_frexp                text12       0063CE
__end_of_main                 text0        005D32
__end_of_matematica           text8        002BFE
__end_of_parallelo            text3        0052C0
__end_of_park_routine         text2        003EF8
__end_of_park_search          text1        0056E6
__end_of_sin                  text10       004D38
__end_of_sqrt                 text17       0042C2
__end_ofatan@coeff_a          smallconst   000D19
__end_ofatan@coeff_b          smallconst   000D2D
__end_ofi1_CANsendMessage     text37       002674
__end_ofi1___wmul             text36       0066BC
__end_ofi1_delay_ms           text35       00663E
__end_ofsin@coeff_a           smallconst   000D41
__end_ofsin@coeff_b           smallconst   000D51
__initialization              cinit        00643A
__mediumconst                 mediumconst  000000
__pbitbssCOMRAM               bitbssCOMRAM 000218
__pbssBANK1                   bssBANK1     000100
__pbssCOMRAM                  bssCOMRAM    000028
__pcinit                      cinit        00643A
__pcstackBANK0                cstackBANK0  000060
__pcstackBANK1                cstackBANK1  0001A9
__pcstackBANK2                cstackBANK2  000200
__pcstackCOMRAM               cstackCOMRAM 000001
__pdataBANK0                  dataBANK0    0000E6
__pdataBANK1                  dataBANK1    0001F6
__pidataBANK0                 idataBANK0   006700
__pidataBANK1                 idataBANK1   0066F6
__pintcode                    intcode      000008
__pintcode_body               intcode_body 006262
__pintcodelo                  intcodelo    000018
__psmallconst                 smallconst   000D00
__ptext0                      text0        005C0A
__ptext1                      text1        005512
__ptext10                     text10       004A20
__ptext11                     text11       005D32
__ptext12                     text12       00633A
__ptext13                     text13       0056E6
__ptext14                     text14       005F6E
__ptext15                     text15       0064E4
__ptext16                     text16       004D38
__ptext17                     text17       003EF8
__ptext18                     text18       0052C0
__ptext19                     text19       00652C
__ptext2                      text2        003A58
__ptext20                     text20       00656A
__ptext21                     text21       005E56
__ptext22                     text22       0035B2
__ptext23                     text23       00310A
__ptext24                     text24       005A7A
__ptext25                     text25       0042C2
__ptext26                     text26       00666A
__ptext27                     text27       0065D8
__ptext28                     text28       0065A2
__ptext29                     text29       0063CE
__ptext3                      text3        00504A
__ptext30                     text30       0058B4
__ptext31                     text31       004682
__ptext32                     text32       000D52
__ptext33                     text33       0066E0
__ptext35                     text35       00660C
__ptext36                     text36       006696
__ptext37                     text37       001FE4
__ptext38                     text38       002BFE
__ptext4                      text4        00607A
__ptext40                     text40       006492
__ptext5                      text5        001858
__ptext6                      text6        0066BC
__ptext7                      text7        00663E
__ptext8                      text8        002674
__ptext9                      text9        00617E
__ramtop                      ramtop       000D00
__size_of_CANInitialize       (abs)        000000
__size_of_CANOperationMode    (abs)        000000
__size_of_CANSetFilter        (abs)        000000
__size_of_CANSetMask          (abs)        000000
__size_of_CANisTxReady        (abs)        000000
__size_of_CANreceiveMessage   (abs)        000000
__size_of_CANsendMessage      (abs)        000000
__size_of_ISR_Alta            (abs)        000000
__size_of_ISR_Bassa           (abs)        000000
__size_of___fladd             (abs)        000000
__size_of___fldiv             (abs)        000000
__size_of___flge              (abs)        000000
__size_of___flmul             (abs)        000000
__size_of___flneg             (abs)        000000
__size_of___flsub             (abs)        000000
__size_of___fltol             (abs)        000000
__size_of___lwdiv             (abs)        000000
__size_of___wmul              (abs)        000000
__size_of___xxtofl            (abs)        000000
__size_of_abs                 (abs)        000000
__size_of_asin                (abs)        000000
__size_of_atan                (abs)        000000
__size_of_can_send            (abs)        000000
__size_of_configurations      (abs)        000000
__size_of_cos                 (abs)        000000
__size_of_delay_ms            (abs)        000000
__size_of_delay_s             (abs)        000000
__size_of_eval_poly           (abs)        000000
__size_of_fabs                (abs)        000000
__size_of_floor               (abs)        000000
__size_of_frexp               (abs)        000000
__size_of_main                (abs)        000000
__size_of_matematica          (abs)        000000
__size_of_parallelo           (abs)        000000
__size_of_park_routine        (abs)        000000
__size_of_park_search         (abs)        000000
__size_of_sin                 (abs)        000000
__size_of_sqrt                (abs)        000000
__size_ofi1_CANsendMessage    (abs)        000000
__size_ofi1___wmul            (abs)        000000
__size_ofi1_delay_ms          (abs)        000000
__smallconst                  smallconst   000D00
_abs                          text7        00663E
_activation                   bitbssCOMRAM 000219
_actual_speed                 bssBANK1     000154
_alfa                         bssBANK1     00013C
_alignment_gap                bssCOMRAM    000028
_asd                          bitbssCOMRAM 00021A
_asin                         text16       004D38
_asin$3699                    cstackBANK1  0001CA
_asin$3700                    cstackBANK1  0001C2
_asin$3701                    cstackBANK1  0001BE
_atan                         text18       0052C0
_avvicinamento                bitbssCOMRAM 00021B
_beta                         bssBANK1     000140
_bordo                        bssBANK1     000144
_can_send                     text4        00607A
_clock_counter_reference      bssCOMRAM    000034
_configurations               text29       0063CE
_cos                          text9        00617E
_cos$3702                     cstackBANK1  0001D2
_counter                      bssCOMRAM    000041
_data                         bssBANK1     000171
_data_brake                   bssBANK1     000179
_data_correction              bssBANK1     000181
_data_speed                   bssBANK1     000189
_data_speed_rx                bssBANK1     000118
_data_steering                bssBANK1     000191
_data_test                    bssBANK1     000199
_delay_ms                     text27       0065D8
_delay_quartz_frequency_value dataBANK0    0000E6
_delay_s                      text26       00666A
_dir                          bitbssCOMRAM 00021C
_distance                     bssBANK1     000156
_distance_average             bssCOMRAM    000036
_distance_dx                  bssCOMRAM    000038
_distance_error               bitbssCOMRAM 00021D
_distance_received            bitbssCOMRAM 00021E
_distance_received1           bitbssCOMRAM 00021F
_distance_set                 bssBANK1     000120
_distance_sx                  bssCOMRAM    00003A
_distance_wait                bitbssCOMRAM 000220
_errno                        bssBANK1     000158
_eval_poly                    text21       005E56
_fabs                         text19       00652C
_first                        bitbssCOMRAM 000221
_floor                        text11       005D32
_frexp                        text12       00633A
_larghezza                    dataBANK1    0001F6
_left_speed                   bssBANK1     00015A
_main                         text0        005C0A
_matematica                   text8        002674
_matematica$3692              cstackBANK1  0001D6
_matematica$3693              cstackBANK1  0001DA
_matematica$3694              cstackBANK1  0001DE
_matematica$3695              cstackBANK1  0001E2
_matematica$3696              cstackBANK1  0001EE
_matematica$3697              cstackBANK1  0001E6
_matematica$3698              cstackBANK1  0001EA
_msg                          bssBANK1     000162
_n                            bssBANK1     000148
_new_distance                 bitbssCOMRAM 000222
_old_alignment_gap            bssBANK1     00014C
_old_dir_correction           bitbssCOMRAM 000223
_parallelo                    text3        00504A
_park_routine                 text2        003A58
_park_routine$3690            cstackBANK2  000200
_park_routine$3691            cstackBANK2  000204
_park_search                  text1        005512
_prima_sterzata               bssBANK1     000150
_pulse_time                   bssBANK1     00015C
_raggio                       dataBANK1    0001FC
_request_sent                 bitbssCOMRAM 000224
_request_sent1                bitbssCOMRAM 000225
_right_speed                  bssBANK1     00015E
_sensor_distance              bssBANK1     000100
_sensor_distance_old          bssBANK1     000128
_sensor_distance_short        bssBANK1     0001A1
_set_speed                    bssBANK1     000160
_sin                          text10       004A20
_sin$3703                     cstackBANK1  0001B9
_sqrt                         text17       003EF8
_start_operation              bitbssCOMRAM 000226
_steering_correction          bssCOMRAM    000042
_steering_correction_dir      bitbssCOMRAM 000227
_timerValue2                  bssCOMRAM    00003C
_x                            bssCOMRAM    00002C
_z                            bssCOMRAM    000030
abs@a                         cstackBANK0  000079
asin@sgn                      cstackBANK1  0001BA
asin@x                        cstackBANK0  0000E0
asin@y                        cstackBANK1  0001C6
atan@coeff_a                  smallconst   000D01
atan@coeff_b                  smallconst   000D19
atan@f                        cstackBANK0  0000D3
atan@recip                    cstackBANK1  0001B1
atan@val                      cstackBANK1  0001B6
atan@val_squared              cstackBANK1  0001B2
atan@x                        cstackBANK1  0001AD
atan@y                        cstackBANK1  0001A9
btemp                         temp         000045
cos@f                         cstackBANK1  0001CE
delay_ms@value_ms             cstackBANK0  00007F
delay_s@repeat_loop           cstackBANK0  000082
delay_s@value_s               cstackBANK0  000081
end_of_initialization         cinit        006488
eval_poly@d                   cstackBANK0  0000C3
eval_poly@n                   cstackBANK0  0000C5
eval_poly@res                 cstackBANK0  0000CB
eval_poly@x                   cstackBANK0  0000BF
fabs@d                        cstackBANK0  0000C3
floor@expon                   cstackBANK0  0000E3
floor@i                       cstackBANK0  0000DF
floor@x                       cstackBANK0  0000DB
frexp@eptr                    cstackBANK0  00007D
frexp@value                   cstackBANK0  000079
i1CANsendMessage@data         cstackCOMRAM 00001C
i1CANsendMessage@dataLength   cstackCOMRAM 00001E
i1CANsendMessage@flags        cstackCOMRAM 00001F
i1CANsendMessage@identifier   cstackCOMRAM 000018
i1CANsendMessage@tamp         cstackCOMRAM 000024
i1_CANsendMessage             text37       001FE4
i1___wmul                     text36       006696
i1___wmul@multiplicand        cstackCOMRAM 00001A
i1___wmul@multiplier          cstackCOMRAM 000018
i1___wmul@product             cstackCOMRAM 00001C
i1_delay_ms                   text35       00660C
i1delay_ms@value_ms           cstackCOMRAM 00001E
int$flags                     temp         000045
int_func                      intcode_body 006262
intlevel0                     text         000000
intlevel1                     text         000000
intlevel2                     text         000000
intlevel3                     text         000000
sin@coeff_a                   smallconst   000D2D
sin@coeff_b                   smallconst   000D41
sin@f                         cstackBANK1  0001B1
sin@sgn                       cstackBANK1  0001C1
sin@x2                        cstackBANK1  0001BD
sin@y                         cstackBANK1  0001B5
sqrt@a                        cstackBANK0  0000C3
sqrt@exp                      cstackBANK0  0000D6
sqrt@frac                     cstackBANK0  0000DC
sqrt@grs                      cstackBANK0  0000D2
sqrt@i                        cstackBANK0  0000CC
sqrt@p                        cstackBANK0  0000D1
sqrt@root                     cstackBANK0  0000D8
sqrt@sign                     cstackBANK0  0000CB
sqrt@tfrac                    cstackBANK0  0000CD
stackhi                       (abs)        000CFF
stacklo                       (abs)        00020C
start                         init         000350
start_initialization          cinit        00643A


FUNCTION INFORMATION:

 *************** function _main *****************
 Defined at:
		line 232 in file "parcheggio.c"
 Parameters:    Size  Location     Type
		None
 Auto vars:     Size  Location     Type
		None
 Return value:  Size  Location     Type
                  1    wreg      void 
 Registers used:
		wreg, fsr2l, fsr2h, status,2, status,0, tblptrl, tblptrh, tblptru, prodl, prodh, cstack
 Tracked objects:
		On entry : 
		On exit  : 
		Unchanged: 
 Data sizes:     COMRAM   BANK0   BANK1   BANK2   BANK3   BANK4   BANK5   BANK6   BANK7   BANK8   BANK9  BANK10  BANK11  BANK12
      Params:         0       0       0       0       0       0       0       0       0       0       0       0       0       0
      Locals:         0       0       0       0       0       0       0       0       0       0       0       0       0       0
      Temps:          0       0       0       4       0       0       0       0       0       0       0       0       0       0
      Totals:         0       0       0       4       0       0       0       0       0       0       0       0       0       0
Total ram usage:        4 bytes
 Hardware stack levels required when called:   11
 This function calls:
		_CANisTxReady
		_CANsendMessage
		_configurations
		_delay_ms
		_park_routine
		_park_search
 This function is called by:
		Startup code after reset
 This function uses a non-reentrant model


 *************** function _park_search *****************
 Defined at:
		line 272 in file "parcheggio.c"
 Parameters:    Size  Location     Type
		None
 Auto vars:     Size  Location     Type
		None
 Return value:  Size  Location     Type
                  1    wreg      void 
 Registers used:
		wreg, fsr2l, fsr2h, status,2, status,0, tblptrl, tblptrh, tblptru, prodl, prodh, cstack
 Tracked objects:
		On entry : 
		On exit  : 
		Unchanged: 
 Data sizes:     COMRAM   BANK0   BANK1   BANK2   BANK3   BANK4   BANK5   BANK6   BANK7   BANK8   BANK9  BANK10  BANK11  BANK12
      Params:         0       0       0       0       0       0       0       0       0       0       0       0       0       0
      Locals:         0       0       0       0       0       0       0       0       0       0       0       0       0       0
      Temps:          0       0       2       0       0       0       0       0       0       0       0       0       0       0
      Totals:         0       0       2       0       0       0       0       0       0       0       0       0       0       0
Total ram usage:        2 bytes
 Hardware stack levels used:    1
 Hardware stack levels required when called:   10
 This function calls:
		_CANisTxReady
		_CANsendMessage
		___xxtofl
		_abs
		_parallelo
 This function is called by:
		_main
 This function uses a non-reentrant model


 *************** function _park_routine *****************
 Defined at:
		line 317 in file "parcheggio.c"
 Parameters:    Size  Location     Type
		None
 Auto vars:     Size  Location     Type
		None
 Return value:  Size  Location     Type
                  1    wreg      void 
 Registers used:
		wreg, fsr2l, fsr2h, status,2, status,0, tblptrl, tblptrh, tblptru, prodl, prodh, cstack
 Tracked objects:
		On entry : 
		On exit  : 
		Unchanged: 
 Data sizes:     COMRAM   BANK0   BANK1   BANK2   BANK3   BANK4   BANK5   BANK6   BANK7   BANK8   BANK9  BANK10  BANK11  BANK12
      Params:         0       0       0       0       0       0       0       0       0       0       0       0       0       0
      Locals:         0       0       0       8       0       0       0       0       0       0       0       0       0       0
      Temps:          0       0       4       0       0       0       0       0       0       0       0       0       0       0
      Totals:         0       0       4       8       0       0       0       0       0       0       0       0       0       0
Total ram usage:       12 bytes
 Hardware stack levels used:    1
 Hardware stack levels required when called:   10
 This function calls:
		_CANisTxReady
		_CANsendMessage
		___fladd
		___flneg
		___fltol
		___xxtofl
		_can_send
		_delay_ms
		_delay_s
		_matematica
		_parallelo
 This function is called by:
		_main
 This function uses a non-reentrant model


 *************** function _parallelo *****************
 Defined at:
		line 452 in file "parcheggio.c"
 Parameters:    Size  Location     Type
		None
 Auto vars:     Size  Location     Type
		None
 Return value:  Size  Location     Type
                  1    wreg      void 
 Registers used:
		wreg, fsr2l, fsr2h, status,2, status,0, tblptrl, tblptrh, tblptru, prodl, prodh, cstack
 Tracked objects:
		On entry : 
		On exit  : 
		Unchanged: 
 Data sizes:     COMRAM   BANK0   BANK1   BANK2   BANK3   BANK4   BANK5   BANK6   BANK7   BANK8   BANK9  BANK10  BANK11  BANK12
      Params:         0       0       0       0       0       0       0       0       0       0       0       0       0       0
      Locals:         0       0       0       0       0       0       0       0       0       0       0       0       0       0
      Temps:          0       2       0       0       0       0       0       0       0       0       0       0       0       0
      Totals:         0       2       0       0       0       0       0       0       0       0       0       0       0       0
Total ram usage:        2 bytes
 Hardware stack levels used:    1
 Hardware stack levels required when called:    9
 This function calls:
		___fladd
		___fldiv
		___flge
		___flmul
		___fltol
		___xxtofl
		_abs
		_asin
		_can_send
		_sqrt
 This function is called by:
		_park_search
		_park_routine
 This function uses a non-reentrant model


 *************** function _can_send *****************
 Defined at:
		line 429 in file "parcheggio.c"
 Parameters:    Size  Location     Type
		None
 Auto vars:     Size  Location     Type
		None
 Return value:  Size  Location     Type
                  1    wreg      void 
 Registers used:
		wreg, fsr2l, fsr2h, status,2, status,0, cstack
 Tracked objects:
		On entry : 
		On exit  : 
		Unchanged: 
 Data sizes:     COMRAM   BANK0   BANK1   BANK2   BANK3   BANK4   BANK5   BANK6   BANK7   BANK8   BANK9  BANK10  BANK11  BANK12
      Params:         0       0       0       0       0       0       0       0       0       0       0       0       0       0
      Locals:         0       0       0       0       0       0       0       0       0       0       0       0       0       0
      Temps:          0       0       0       0       0       0       0       0       0       0       0       0       0       0
      Totals:         0       0       0       0       0       0       0       0       0       0       0       0       0       0
Total ram usage:        0 bytes
 Hardware stack levels used:    1
 Hardware stack levels required when called:    6
 This function calls:
		_CANisTxReady
		_CANsendMessage
 This function is called by:
		_park_routine
		_parallelo
 This function uses a non-reentrant model


 *************** function _CANsendMessage *****************
 Defined at:
		line 294 in file "../LaurTec_PIC_libraries_v_3.3.0/inc\CANlib.h"
 Parameters:    Size  Location     Type
  identifier      4   25[BANK0 ] unsigned long 
  data            2   29[BANK0 ] PTR unsigned char 
		 -> data_speed(8), data_brake(8), data_steering(8), data_correction(8), 
		 -> data_test(8), data(8), sensor_distance_short(8), 
  dataLength      1   31[BANK0 ] unsigned char 
  flags           1   32[BANK0 ] enum E15421
 Auto vars:     Size  Location     Type
  tamp            4   37[BANK0 ] unsigned long 
 Return value:  Size  Location     Type
                  1    wreg      void 
 Registers used:
		wreg, fsr2l, fsr2h, status,2, status,0
 Tracked objects:
		On entry : 
		On exit  : 
		Unchanged: 
 Data sizes:     COMRAM   BANK0   BANK1   BANK2   BANK3   BANK4   BANK5   BANK6   BANK7   BANK8   BANK9  BANK10  BANK11  BANK12
      Params:         0       8       0       0       0       0       0       0       0       0       0       0       0       0
      Locals:         0       4       0       0       0       0       0       0       0       0       0       0       0       0
      Temps:          0       4       0       0       0       0       0       0       0       0       0       0       0       0
      Totals:         0      16       0       0       0       0       0       0       0       0       0       0       0       0
Total ram usage:       16 bytes
 Hardware stack levels used:    1
 Hardware stack levels required when called:    5
 This function calls:
		Nothing
 This function is called by:
		_main
		_park_search
		_park_routine
		_can_send
 This function uses a non-reentrant model


 *************** function _CANisTxReady *****************
 Defined at:
		line 1154 in file "../LaurTec_PIC_libraries_v_3.3.0/inc\CANlib.h"
 Parameters:    Size  Location     Type
		None
 Auto vars:     Size  Location     Type
		None
 Return value:  Size  Location     Type
                  1    wreg      unsigned char 
 Registers used:
		wreg, status,2
 Tracked objects:
		On entry : 
		On exit  : 
		Unchanged: 
 Data sizes:     COMRAM   BANK0   BANK1   BANK2   BANK3   BANK4   BANK5   BANK6   BANK7   BANK8   BANK9  BANK10  BANK11  BANK12
      Params:         0       0       0       0       0       0       0       0       0       0       0       0       0       0
      Locals:         0       1       0       0       0       0       0       0       0       0       0       0       0       0
      Temps:          0       0       0       0       0       0       0       0       0       0       0       0       0       0
      Totals:         0       1       0       0       0       0       0       0       0       0       0       0       0       0
Total ram usage:        1 bytes
 Hardware stack levels used:    1
 Hardware stack levels required when called:    5
 This function calls:
		Nothing
 This function is called by:
		_main
		_park_search
		_park_routine
		_can_send
 This function uses a non-reentrant model


 *************** function _abs *****************
 Defined at:
		line 4 in file "C:\Program Files (x86)\Microchip\xc8\v1.37\sources\common\abs.c"
 Parameters:    Size  Location     Type
  a               2   25[BANK0 ] int 
 Auto vars:     Size  Location     Type
		None
 Return value:  Size  Location     Type
                  2   25[BANK0 ] int 
 Registers used:
		wreg, status,2, status,0
 Tracked objects:
		On entry : 
		On exit  : 
		Unchanged: 
 Data sizes:     COMRAM   BANK0   BANK1   BANK2   BANK3   BANK4   BANK5   BANK6   BANK7   BANK8   BANK9  BANK10  BANK11  BANK12
      Params:         0       2       0       0       0       0       0       0       0       0       0       0       0       0
      Locals:         0       0       0       0       0       0       0       0       0       0       0       0       0       0
      Temps:          0       2       0       0       0       0       0       0       0       0       0       0       0       0
      Totals:         0       4       0       0       0       0       0       0       0       0       0       0       0       0
Total ram usage:        4 bytes
 Hardware stack levels used:    1
 Hardware stack levels required when called:    5
 This function calls:
		Nothing
 This function is called by:
		_park_search
		_parallelo
 This function uses a non-reentrant model


 *************** function _matematica *****************
 Defined at:
		line 480 in file "parcheggio.c"
 Parameters:    Size  Location     Type
		None
 Auto vars:     Size  Location     Type
		None
 Return value:  Size  Location     Type
                  1    wreg      void 
 Registers used:
		wreg, fsr2l, fsr2h, status,2, status,0, tblptrl, tblptrh, tblptru, prodl, prodh, cstack
 Tracked objects:
		On entry : 
		On exit  : 
		Unchanged: 
 Data sizes:     COMRAM   BANK0   BANK1   BANK2   BANK3   BANK4   BANK5   BANK6   BANK7   BANK8   BANK9  BANK10  BANK11  BANK12
      Params:         0       0       0       0       0       0       0       0       0       0       0       0       0       0
      Locals:         0       0      28       0       0       0       0       0       0       0       0       0       0       0
      Temps:          0       0       0       0       0       0       0       0       0       0       0       0       0       0
      Totals:         0       0      28       0       0       0       0       0       0       0       0       0       0       0
Total ram usage:       28 bytes
 Hardware stack levels used:    1
 Hardware stack levels required when called:    9
 This function calls:
		___fladd
		___fldiv
		___flmul
		___flneg
		_asin
		_cos
 This function is called by:
		_park_routine
 This function uses a non-reentrant model


 *************** function _cos *****************
 Defined at:
		line 13 in file "C:\Program Files (x86)\Microchip\xc8\v1.37\sources\common\cos.c"
 Parameters:    Size  Location     Type
  f               4   37[BANK1 ] void 
 Auto vars:     Size  Location     Type
		None
 Return value:  Size  Location     Type
                  4   37[BANK1 ] void 
 Registers used:
		wreg, fsr2l, fsr2h, status,2, status,0, tblptrl, tblptrh, tblptru, prodl, prodh, cstack
 Tracked objects:
		On entry : 
		On exit  : 
		Unchanged: 
 Data sizes:     COMRAM   BANK0   BANK1   BANK2   BANK3   BANK4   BANK5   BANK6   BANK7   BANK8   BANK9  BANK10  BANK11  BANK12
      Params:         0       0       4       0       0       0       0       0       0       0       0       0       0       0
      Locals:         0       0       4       0       0       0       0       0       0       0       0       0       0       0
      Temps:          0       0       0       0       0       0       0       0       0       0       0       0       0       0
      Totals:         0       0       8       0       0       0       0       0       0       0       0       0       0       0
Total ram usage:        8 bytes
 Hardware stack levels used:    1
 Hardware stack levels required when called:    8
 This function calls:
		___fladd
		___flge
		_sin
 This function is called by:
		_matematica
 This function uses a non-reentrant model


 *************** function _sin *****************
 Defined at:
		line 13 in file "C:\Program Files (x86)\Microchip\xc8\v1.37\sources\common\sin.c"
 Parameters:    Size  Location     Type
  f               4    8[BANK1 ] void 
 Auto vars:     Size  Location     Type
  x2              4   20[BANK1 ] void 
  y               4   12[BANK1 ] void 
  sgn             1   24[BANK1 ] unsigned char 
 Return value:  Size  Location     Type
                  4    8[BANK1 ] unsigned char 
 Registers used:
		wreg, fsr2l, fsr2h, status,2, status,0, tblptrl, tblptrh, tblptru, prodl, prodh, cstack
 Tracked objects:
		On entry : 
		On exit  : 
		Unchanged: 
 Data sizes:     COMRAM   BANK0   BANK1   BANK2   BANK3   BANK4   BANK5   BANK6   BANK7   BANK8   BANK9  BANK10  BANK11  BANK12
      Params:         0       0       4       0       0       0       0       0       0       0       0       0       0       0
      Locals:         0       0      13       0       0       0       0       0       0       0       0       0       0       0
      Temps:          0       0       0       0       0       0       0       0       0       0       0       0       0       0
      Totals:         0       0      17       0       0       0       0       0       0       0       0       0       0       0
Total ram usage:       17 bytes
 Hardware stack levels used:    1
 Hardware stack levels required when called:    7
 This function calls:
		___fladd
		___fldiv
		___flge
		___flmul
		___flneg
		___flsub
		_eval_poly
		_floor
 This function is called by:
		_cos
 This function uses a non-reentrant model


 *************** function _floor *****************
 Defined at:
		line 13 in file "C:\Program Files (x86)\Microchip\xc8\v1.37\sources\common\floor.c"
 Parameters:    Size  Location     Type
  x               4  123[BANK0 ] unsigned char 
 Auto vars:     Size  Location     Type
  i               4  127[BANK0 ] unsigned char 
  expon           2  131[BANK0 ] int 
 Return value:  Size  Location     Type
                  4  123[BANK0 ] int 
 Registers used:
		wreg, fsr2l, fsr2h, status,2, status,0, cstack
 Tracked objects:
		On entry : 
		On exit  : 
		Unchanged: 
 Data sizes:     COMRAM   BANK0   BANK1   BANK2   BANK3   BANK4   BANK5   BANK6   BANK7   BANK8   BANK9  BANK10  BANK11  BANK12
      Params:         0       4       0       0       0       0       0       0       0       0       0       0       0       0
      Locals:         0       6       0       0       0       0       0       0       0       0       0       0       0       0
      Temps:          0       0       0       0       0       0       0       0       0       0       0       0       0       0
      Totals:         0      10       0       0       0       0       0       0       0       0       0       0       0       0
Total ram usage:       10 bytes
 Hardware stack levels used:    1
 Hardware stack levels required when called:    6
 This function calls:
		___fladd
		___flge
		___fltol
		___xxtofl
		_frexp
 This function is called by:
		_sin
 This function uses a non-reentrant model


 *************** function _frexp *****************
 Defined at:
		line 254 in file "C:\Program Files (x86)\Microchip\xc8\v1.37\sources\common\frexp.c"
 Parameters:    Size  Location     Type
  value           4   25[BANK0 ] int 
  eptr            2   29[BANK0 ] PTR int 
		 -> floor@expon(2), 
 Auto vars:     Size  Location     Type
		None
 Return value:  Size  Location     Type
                  4   25[BANK0 ] PTR int 
 Registers used:
		wreg, fsr2l, fsr2h, status,2, status,0
 Tracked objects:
		On entry : 
		On exit  : 
		Unchanged: 
 Data sizes:     COMRAM   BANK0   BANK1   BANK2   BANK3   BANK4   BANK5   BANK6   BANK7   BANK8   BANK9  BANK10  BANK11  BANK12
      Params:         0       6       0       0       0       0       0       0       0       0       0       0       0       0
      Locals:         0       0       0       0       0       0       0       0       0       0       0       0       0       0
      Temps:          0       2       0       0       0       0       0       0       0       0       0       0       0       0
      Totals:         0       8       0       0       0       0       0       0       0       0       0       0       0       0
Total ram usage:        8 bytes
 Hardware stack levels used:    1
 Hardware stack levels required when called:    5
 This function calls:
		Nothing
 This function is called by:
		_floor
 This function uses a non-reentrant model


 *************** function ___xxtofl *****************
 Defined at:
		line 10 in file "C:\Program Files (x86)\Microchip\xc8\v1.37\sources\common\xxtofl.c"
 Parameters:    Size  Location     Type
  sign            1    wreg     unsigned char 
  val             4  109[BANK0 ] long 
 Auto vars:     Size  Location     Type
  sign            1  117[BANK0 ] unsigned char 
  arg             4  119[BANK0 ] unsigned long 
  exp             1  118[BANK0 ] unsigned char 
 Return value:  Size  Location     Type
                  4  109[BANK0 ] unsigned char 
 Registers used:
		wreg, status,2, status,0
 Tracked objects:
		On entry : 
		On exit  : 
		Unchanged: 
 Data sizes:     COMRAM   BANK0   BANK1   BANK2   BANK3   BANK4   BANK5   BANK6   BANK7   BANK8   BANK9  BANK10  BANK11  BANK12
      Params:         0       4       0       0       0       0       0       0       0       0       0       0       0       0
      Locals:         0       6       0       0       0       0       0       0       0       0       0       0       0       0
      Temps:          0       4       0       0       0       0       0       0       0       0       0       0       0       0
      Totals:         0      14       0       0       0       0       0       0       0       0       0       0       0       0
[...]
 Tracked objects:
		On entry : 
		On exit  : 
		Unchanged: 
 Data sizes:     COMRAM   BANK0   BANK1   BANK2   BANK3   BANK4   BANK5   BANK6   BANK7   BANK8   BANK9  BANK10  BANK11  BANK12
      Params:         0       5       0       0       0       0       0       0       0       0       0       0       0       0
      Locals:         0       5       0       0       0       0       0       0       0       0       0       0       0       0
      Temps:          0       4       0       0       0       0       0       0       0       0       0       0       0       0
      Totals:         0      14       0       0       0       0       0       0       0       0       0       0       0       0
Total ram usage:       14 bytes
 Hardware stack levels used:    1
 Hardware stack levels required when called:    5
 This function calls:
		Nothing
 This function is called by:
		_CANInitialize
 This function uses a non-reentrant model


 *************** function _CANSetFilter *****************
 Defined at:
		line 748 in file "../LaurTec_PIC_libraries_v_3.3.0/inc\CANlib.h"
 Parameters:    Size  Location     Type
  numBuffer       1    wreg     enum E15436
  filter          4   25[BANK0 ] unsigned long 
  type            1   29[BANK0 ] enum E15399
 Auto vars:     Size  Location     Type
  numBuffer       1   34[BANK0 ] enum E15436
  tamp            4   35[BANK0 ] unsigned long 
 Return value:  Size  Location     Type
                  1    wreg      void 
 Registers used:
		wreg, status,2, status,0
 Tracked objects:
		On entry : 
		On exit  : 
		Unchanged: 
 Data sizes:     COMRAM   BANK0   BANK1   BANK2   BANK3   BANK4   BANK5   BANK6   BANK7   BANK8   BANK9  BANK10  BANK11  BANK12
      Params:         0       5       0       0       0       0       0       0       0       0       0       0       0       0
      Locals:         0       5       0       0       0       0       0       0       0       0       0       0       0       0
      Temps:          0       4       0       0       0       0       0       0       0       0       0       0       0       0
      Totals:         0      14       0       0       0       0       0       0       0       0       0       0       0       0
Total ram usage:       14 bytes
 Hardware stack levels used:    1
 Hardware stack levels required when called:    5
 This function calls:
		Nothing
 This function is called by:
		_CANInitialize
 This function uses a non-reentrant model


 *************** function _CANOperationMode *****************
 Defined at:
		line 206 in file "../LaurTec_PIC_libraries_v_3.3.0/inc\CANlib.h"
 Parameters:    Size  Location     Type
  mode            1    wreg     enum E15393
 Auto vars:     Size  Location     Type
  mode            1   25[BANK0 ] enum E15393
 Return value:  Size  Location     Type
                  1    wreg      void 
 Registers used:
		wreg, status,2, status,0
 Tracked objects:
		On entry : 
		On exit  : 
		Unchanged: 
 Data sizes:     COMRAM   BANK0   BANK1   BANK2   BANK3   BANK4   BANK5   BANK6   BANK7   BANK8   BANK9  BANK10  BANK11  BANK12
      Params:         0       0       0       0       0       0       0       0       0       0       0       0       0       0
      Locals:         0       1       0       0       0       0       0       0       0       0       0       0       0       0
      Temps:          0       0       0       0       0       0       0       0       0       0       0       0       0       0
      Totals:         0       1       0       0       0       0       0       0       0       0       0       0       0       0
Total ram usage:        1 bytes
 Hardware stack levels used:    1
 Hardware stack levels required when called:    5
 This function calls:
		Nothing
 This function is called by:
		_CANInitialize
 This function uses a non-reentrant model


 *************** function _ISR_Bassa *****************
 Defined at:
		line 122 in file "parcheggio.c"
 Parameters:    Size  Location     Type
		None
 Auto vars:     Size  Location     Type
  i               1   24[BANK0 ] unsigned char 
  MUX_index_co    2   21[BANK0 ] unsigned char [2]
  PORTA_temp      1   23[BANK0 ] unsigned char 
 Return value:  Size  Location     Type
                  1    wreg      void 
 Registers used:
		wreg, fsr1l, fsr1h, fsr2l, fsr2h, status,2, status,0, prodl, prodh, cstack
 Tracked objects:
		On entry : 
		On exit  : 
		Unchanged: 
 Data sizes:     COMRAM   BANK0   BANK1   BANK2   BANK3   BANK4   BANK5   BANK6   BANK7   BANK8   BANK9  BANK10  BANK11  BANK12
      Params:         0       0       0       0       0       0       0       0       0       0       0       0       0       0
      Locals:         0       4       0       0       0       0       0       0       0       0       0       0       0       0
      Temps:          0      21       0       0       0       0       0       0       0       0       0       0       0       0
      Totals:         0      25       0       0       0       0       0       0       0       0       0       0       0       0
Total ram usage:       25 bytes
 Hardware stack levels used:    1
 Hardware stack levels required when called:    4
 This function calls:
		_CANreceiveMessage
		i1_CANsendMessage
		i1_delay_ms
 This function is called by:
		Interrupt level 1
 This function uses a non-reentrant model


 *************** function i1_delay_ms *****************
 Defined at:
		line 61 in file "../LaurTec_PIC_libraries_v_3.3.0/src\delay.c"
 Parameters:    Size  Location     Type
  value_ms        2   29[COMRAM] unsigned int 
 Auto vars:     Size  Location     Type
		None
 Return value:  Size  Location     Type
                  1    wreg      void 
 Registers used:
		wreg, status,2, status,0, prodl, prodh, cstack
 Tracked objects:
		On entry : 
		On exit  : 
		Unchanged: 
 Data sizes:     COMRAM   BANK0   BANK1   BANK2   BANK3   BANK4   BANK5   BANK6   BANK7   BANK8   BANK9  BANK10  BANK11  BANK12
      Params:         2       0       0       0       0       0       0       0       0       0       0       0       0       0
      Locals:         0       0       0       0       0       0       0       0       0       0       0       0       0       0
      Temps:          0       0       0       0       0       0       0       0       0       0       0       0       0       0
      Totals:         2       0       0       0       0       0       0       0       0       0       0       0       0       0
Total ram usage:        2 bytes
 Hardware stack levels used:    1
 Hardware stack levels required when called:    3
 This function calls:
		i1___wmul
 This function is called by:
		_ISR_Bassa
 This function uses a non-reentrant model


 *************** function i1___wmul *****************
 Defined at:
		line 15 in file "C:\Program Files (x86)\Microchip\xc8\v1.37\sources\common\Umul16.c"
 Parameters:    Size  Location     Type
  multiplier      2   23[COMRAM] unsigned int 
  multiplicand    2   25[COMRAM] unsigned int 
 Auto vars:     Size  Location     Type
  __wmul          2   27[COMRAM] unsigned int 
 Return value:  Size  Location     Type
                  2   23[COMRAM] unsigned int 
 Registers used:
		wreg, status,2, status,0, prodl, prodh
 Tracked objects:
		On entry : 
		On exit  : 
		Unchanged: 
 Data sizes:     COMRAM   BANK0   BANK1   BANK2   BANK3   BANK4   BANK5   BANK6   BANK7   BANK8   BANK9  BANK10  BANK11  BANK12
      Params:         4       0       0       0       0       0       0       0       0       0       0       0       0       0
      Locals:         2       0       0       0       0       0       0       0       0       0       0       0       0       0
      Temps:          0       0       0       0       0       0       0       0       0       0       0       0       0       0
      Totals:         6       0       0       0       0       0       0       0       0       0       0       0       0       0
Total ram usage:        6 bytes
 Hardware stack levels used:    1
 Hardware stack levels required when called:    2
 This function calls:
		Nothing
 This function is called by:
		i1_delay_ms
 This function uses a non-reentrant model


 *************** function i1_CANsendMessage *****************
 Defined at:
		line 294 in file "../LaurTec_PIC_libraries_v_3.3.0/inc\CANlib.h"
 Parameters:    Size  Location     Type
  identifier      4   23[COMRAM] unsigned long 
  data            2   27[COMRAM] PTR unsigned char 
		 -> data_speed(8), data_brake(8), data_steering(8), data_correction(8), 
		 -> data_test(8), data(8), sensor_distance_short(8), 
  dataLength      1   29[COMRAM] unsigned char 
  flags           1   30[COMRAM] enum E15421
 Auto vars:     Size  Location     Type
  CANsendMessa    4   35[COMRAM] unsigned long 
 Return value:  Size  Location     Type
                  1    wreg      void 
 Registers used:
		wreg, fsr2l, fsr2h, status,2, status,0
 Tracked objects:
		On entry : 
		On exit  : 
		Unchanged: 
 Data sizes:     COMRAM   BANK0   BANK1   BANK2   BANK3   BANK4   BANK5   BANK6   BANK7   BANK8   BANK9  BANK10  BANK11  BANK12
      Params:         8       0       0       0       0       0       0       0       0       0       0       0       0       0
      Locals:         4       0       0       0       0       0       0       0       0       0       0       0       0       0
      Temps:          4       0       0       0       0       0       0       0       0       0       0       0       0       0
      Totals:        16       0       0       0       0       0       0       0       0       0       0       0       0       0
Total ram usage:       16 bytes
 Hardware stack levels used:    1
 Hardware stack levels required when called:    2
 This function calls:
		Nothing
 This function is called by:
		_ISR_Bassa
 This function uses a non-reentrant model


 *************** function _CANreceiveMessage *****************
 Defined at:
		line 528 in file "../LaurTec_PIC_libraries_v_3.3.0/inc\CANlib.h"
 Parameters:    Size  Location     Type
  msg             2   23[COMRAM] PTR struct .
		 -> msg(15), 
 Auto vars:     Size  Location     Type
  tamp            1   34[COMRAM] unsigned char 
  error           1   33[COMRAM] unsigned char 
 Return value:  Size  Location     Type
                  1    wreg      unsigned char 
 Registers used:
		wreg, fsr2l, fsr2h, status,2, status,0
 Tracked objects:
		On entry : 
		On exit  : 
		Unchanged: 
 Data sizes:     COMRAM   BANK0   BANK1   BANK2   BANK3   BANK4   BANK5   BANK6   BANK7   BANK8   BANK9  BANK10  BANK11  BANK12
      Params:         2       0       0       0       0       0       0       0       0       0       0       0       0       0
      Locals:         2       0       0       0       0       0       0       0       0       0       0       0       0       0
      Temps:          8       0       0       0       0       0       0       0       0       0       0       0       0       0
      Totals:        12       0       0       0       0       0       0       0       0       0       0       0       0       0
Total ram usage:       12 bytes
 Hardware stack levels used:    1
 Hardware stack levels required when called:    2
 This function calls:
		Nothing
 This function is called by:
		_ISR_Bassa
 This function uses a non-reentrant model


 *************** function _ISR_Alta *****************
 Defined at:
		line 104 in file "parcheggio.c"
 Parameters:    Size  Location     Type
		None
 Auto vars:     Size  Location     Type
		None
 Return value:  Size  Location     Type
                  1    wreg      void 
 Registers used:
		wreg, fsr2l, fsr2h, status,2, status,0, prodl, prodh, cstack
 Tracked objects:
		On entry : 
		On exit  : 
		Unchanged: 
 Data sizes:     COMRAM   BANK0   BANK1   BANK2   BANK3   BANK4   BANK5   BANK6   BANK7   BANK8   BANK9  BANK10  BANK11  BANK12
      Params:         0       0       0       0       0       0       0       0       0       0       0       0       0       0
      Locals:         0       0       0       0       0       0       0       0       0       0       0       0       0       0
      Temps:         16       0       0       0       0       0       0       0       0       0       0       0       0       0
      Totals:        16       0       0       0       0       0       0       0       0       0       0       0       0       0
Total ram usage:       16 bytes
 Hardware stack levels used:    1
 Hardware stack levels required when called:    1
 This function calls:
		___lwdiv
 This function is called by:
		Interrupt level 2
 This function uses a non-reentrant model


 *************** function ___lwdiv *****************
 Defined at:
		line 8 in file "C:\Program Files (x86)\Microchip\xc8\v1.37\sources\common\lwdiv.c"
 Parameters:    Size  Location     Type
  dividend        2    0[COMRAM] unsigned int 
  divisor         2    2[COMRAM] unsigned int 
 Auto vars:     Size  Location     Type
  quotient        2    4[COMRAM] unsigned int 
  counter         1    6[COMRAM] unsigned char 
 Return value:  Size  Location     Type
                  2    0[COMRAM] unsigned int 
 Registers used:
		wreg, status,2, status,0
 Tracked objects:
		On entry : 
		On exit  : 
		Unchanged: 
 Data sizes:     COMRAM   BANK0   BANK1   BANK2   BANK3   BANK4   BANK5   BANK6   BANK7   BANK8   BANK9  BANK10  BANK11  BANK12
      Params:         4       0       0       0       0       0       0       0       0       0       0       0       0       0
      Locals:         3       0       0       0       0       0       0       0       0       0       0       0       0       0
      Temps:          0       0       0       0       0       0       0       0       0       0       0       0       0       0
      Totals:         7       0       0       0       0       0       0       0       0       0       0       0       0       0
Total ram usage:        7 bytes
 Hardware stack levels used:    1
 This function calls:
		Nothing
 This function is called by:
		_ISR_Alta
 This function uses a non-reentrant model



MODULE INFORMATION

Module		Function		Class		Link	Load	Size
C:\Program Files (x86)\Microchip\xc8\v1.37\sources\common\sprcdiv.c
		___fldiv       		CODE           	42C2	0000	961

C:\Program Files (x86)\Microchip\xc8\v1.37\sources\common\sprcdiv.c estimated size: 961

C:\Program Files (x86)\Microchip\xc8\v1.37\sources\common\fabs.c
		_fabs          		CODE           	652C	0000	63

C:\Program Files (x86)\Microchip\xc8\v1.37\sources\common\fabs.c estimated size: 63

C:\Program Files (x86)\Microchip\xc8\v1.37\sources\common\floor.c
		_floor         		CODE           	5D32	0000	293

C:\Program Files (x86)\Microchip\xc8\v1.37\sources\common\floor.c estimated size: 293

C:\Program Files (x86)\Microchip\xc8\v1.37\sources\common\Umul16.c
		___wmul        		CODE           	65A2	0000	55

C:\Program Files (x86)\Microchip\xc8\v1.37\sources\common\Umul16.c estimated size: 55

C:\Program Files (x86)\Microchip\xc8\v1.37\sources\common\lwdiv.c
		___lwdiv       		CODE           	6492	0000	83

C:\Program Files (x86)\Microchip\xc8\v1.37\sources\common\lwdiv.c estimated size: 83

C:\Program Files (x86)\Microchip\xc8\v1.37\sources\common\fltol.c
		___fltol       		CODE           	5F6E	0000	269

C:\Program Files (x86)\Microchip\xc8\v1.37\sources\common\fltol.c estimated size: 269

C:\Program Files (x86)\Microchip\xc8\v1.37\sources\common\sprcadd.c
		___flsub       		CODE           	64E4	0000	73
		___fladd       		CODE           	310A	0000	1193

C:\Program Files (x86)\Microchip\xc8\v1.37\sources\common\sprcadd.c estimated size: 1266

C:\Program Files (x86)\Microchip\xc8\v1.37\sources\common\cos.c
		_cos           		CODE           	617E	0000	229

C:\Program Files (x86)\Microchip\xc8\v1.37\sources\common\cos.c estimated size: 229

C:\Program Files (x86)\Microchip\xc8\v1.37\sources\common\atan.c
		_atan          		CODE           	52C0	0000	595

C:\Program Files (x86)\Microchip\xc8\v1.37\sources\common\atan.c estimated size: 595

../LaurTec_PIC_libraries_v_3.3.0/inc\CANlib.h
		_CANSetFilter  		CODE           	0D52	0000	2823
		_CANreceiveMessage		CODE           	2BFE	0000	1293
		_CANsendMessage		CODE           	1858	0000	1933
		_CANInitialize 		CODE           	58B4	0000	455
		_CANOperationMode		CODE           	66E0	0000	23
		_CANisTxReady  		CODE           	66BC	0000	37
		_CANSetMask    		CODE           	4682	0000	927

../LaurTec_PIC_libraries_v_3.3.0/inc\CANlib.h estimated size: 7491

shared
		atan@coeff_a   		SMALLCONST     	0D01	0000	25
		atan@coeff_b   		SMALLCONST     	0D19	0000	21
		i1___wmul      		CODE           	6696	0000	39
		__initialization		CODE           	643A	0000	79
		i1_CANsendMessage		CODE           	1FE4	0000	1681
		i1_delay_ms    		CODE           	660C	0000	51
		sin@coeff_a    		SMALLCONST     	0D2D	0000	21
		sin@coeff_b    		SMALLCONST     	0D41	0000	17

shared estimated size: 1934

C:\Program Files (x86)\Microchip\xc8\v1.37\sources\common\flneg.c
		___flneg       		CODE           	656A	0000	57

C:\Program Files (x86)\Microchip\xc8\v1.37\sources\common\flneg.c estimated size: 57

C:\Program Files (x86)\Microchip\xc8\v1.37\sources\common\asin.c
		_asin          		CODE           	4D38	0000	787

C:\Program Files (x86)\Microchip\xc8\v1.37\sources\common\asin.c estimated size: 787

../LaurTec_PIC_libraries_v_3.3.0/src\delay.c
		_delay_ms      		CODE           	65D8	0000	53
		_delay_s       		CODE           	666A	0000	45

../LaurTec_PIC_libraries_v_3.3.0/src\delay.c estimated size: 98

C:\Program Files (x86)\Microchip\xc8\v1.37\sources\common\flge.c
		___flge        		CODE           	5A7A	0000	401

C:\Program Files (x86)\Microchip\xc8\v1.37\sources\common\flge.c estimated size: 401

C:\Program Files (x86)\Microchip\xc8\v1.37\sources\common\frexp.c
		_frexp         		CODE           	633A	0000	149

C:\Program Files (x86)\Microchip\xc8\v1.37\sources\common\frexp.c estimated size: 149

C:\Program Files (x86)\Microchip\xc8\v1.37\sources\common\xxtofl.c
		___xxtofl      		CODE           	56E6	0000	463

C:\Program Files (x86)\Microchip\xc8\v1.37\sources\common\xxtofl.c estimated size: 463

C:\Program Files (x86)\Microchip\xc8\v1.37\sources\common\evalpoly.c
		_eval_poly     		CODE           	5E56	0000	281

C:\Program Files (x86)\Microchip\xc8\v1.37\sources\common\evalpoly.c estimated size: 281

parcheggio.c
		_ISR_Bassa     		CODE           	0018	0000	825
		_main          		CODE           	5C0A	0000	297
		_configurations		CODE           	63CE	0000	109
		_can_send      		CODE           	607A	0000	261
		_park_routine  		CODE           	3A58	0000	1185
		_ISR_Alta      		CODE           	0008	0000	231
		_parallelo     		CODE           	504A	0000	631
		_park_search   		CODE           	5512	0000	469
		_matematica    		CODE           	2674	0000	1419

parcheggio.c estimated size: 5427

C:\Program Files (x86)\Microchip\xc8\v1.37\sources\common\sprcsqrt.c
		_sqrt          		CODE           	3EF8	0000	971

C:\Program Files (x86)\Microchip\xc8\v1.37\sources\common\sprcsqrt.c estimated size: 971

C:\Program Files (x86)\Microchip\xc8\v1.37\sources\common\sin.c
		_sin           		CODE           	4A20	0000	793

C:\Program Files (x86)\Microchip\xc8\v1.37\sources\common\sin.c estimated size: 793

C:\Program Files (x86)\Microchip\xc8\v1.37\sources\common\abs.c
		_abs           		CODE           	663E	0000	45

C:\Program Files (x86)\Microchip\xc8\v1.37\sources\common\abs.c estimated size: 45

C:\Program Files (x86)\Microchip\xc8\v1.37\sources\common\sprcmul.c
		___flmul       		CODE           	35B2	0000	1191

C:\Program Files (x86)\Microchip\xc8\v1.37\sources\common\sprcmul.c estimated size: 1191

