Microchip MPLAB XC8 Compiler V1.35 ()

Linker command line:

--edf=C:\Program Files (x86)\Microchip\xc8\v1.35\dat\en_msgs.txt -cs \
  -h+dist/default/production\parcheggio.X.production.sym \
  --cmf=dist/default/production\parcheggio.X.production.cmf -z -Q18F2680 \
  -oC:\Users\simon\AppData\Local\Temp\sagc.2 \
  -Mdist/default/production/parcheggio.X.production.map -E1 -ver=XC8 \
  --acfsm=1493 -ASTACK=07Ah-0cffh -pstack=STACK -ACODE=00h-0FFFFh \
  -ACONST=00h-0FFFFh -ASMALLCONST=0D00h-0DFFhx243 \
  -AMEDIUMCONST=0D00h-0FFFFh -ACOMRAM=01h-05Fh -AABS1=00h-0CFFh \
  -ABIGRAM=01h-0CFFh -ARAM=060h-0FFh,0100h-01FFhx12 -ABANK0=060h-0FFh \
  -ABANK1=0100h-01FFh -ABANK2=0200h-02FFh -ABANK3=0300h-03FFh \
  -ABANK4=0400h-04FFh -ABANK5=0500h-05FFh -ABANK6=0600h-06FFh \
  -ABANK7=0700h-07FFh -ABANK8=0800h-08FFh -ABANK9=0900h-09FFh \
  -ABANK10=0A00h-0AFFh -ABANK11=0B00h-0BFFh -ABANK12=0C00h-0CFFh \
  -ASFR=0D00h-0DFFhx2,0F00h-0F5Fh,0F60h-0FFFh \
  -preset_vec=00h,intcode,intcodelo=018h,powerup,init,end_init \
  -pramtop=0D00h -psmallconst=SMALLCONST -pmediumconst=MEDIUMCONST \
  -pconst=CONST -AFARRAM=00h-00h -ACONFIG=0300000h-030000Dh -pconfig=CONFIG \
  -AIDLOC=0200000h-0200007h -pidloc=IDLOC -AEEDATA=0F00000h-0F003FFh \
  -peeprom_data=EEDATA \
  -prdata=COMRAM,nvrram=COMRAM,nvbit=COMRAM,rbss=COMRAM,rbit=COMRAM \
  -pfarbss=FARRAM,fardata=FARRAM,nvFARRAM=FARRAM \
  -pintsave_regs=BIGRAM,bigbss=BIGRAM,bigdata=BIGRAM -pbss=RAM \
  -pidata=CODE,irdata=CODE,ibigdata=CODE,ifardata=CODE -prparam=COMRAM \
  C:\Users\simon\AppData\Local\Temp\sagc.obj \
  dist/default/production\parcheggio.X.production.obj 

Object code version is 3.11

Machine type is 18F2680

Call graph: (short form)




                Name                               Link     Load   Length Selector   Space Scale
C:\Users\simon\AppData\Local\Temp\sagc.obj
                end_init                            114      114        4        C       0
                reset_vec                             0        0        4        0       0
                idloc                            200000   200000        8   200000       0
                config                           300000   300000        E   300000       0
dist/default/production\parcheggio.X.production.obj
                intcodelo                            18       18       FC        C       0
                temp                                 41       41        1        1       1
                text10                             1F26     1F26       16        C       0
                text9                              13AA     13AA      50C        C       0
                text7                              1EEC     1EEC       24        C       0
                text6                               C1E      C1E      78C        C       0
                text5                              1F10     1F10       16        C       0
                text4                               118      118      B06        C       0
                text3                              18B6     18B6      39E        C       0
                text2                              1C54     1C54      1C6        C       0
                text1                              1E72     1E72       4C        C       0
                text0                              1E1A     1E1A       58        C       0
                cstackCOMRAM                         20       20       1F        1       1
                cstackBANK0                          60       60       1A       60       1
                dataCOMRAM                           40       40        1        1       1
                bssCOMRAM                             1        1       1F        1       1
                bitbssCOMRAM                        1F8       3F        2        1       1     8
                cinit                              1EBE     1EBE       2E        C       0
                idataCOMRAM                        1F3C     1F3C        1        C       0

TOTAL           Name                               Link     Load   Length     Space
        CLASS   STACK          

        CLASS   CODE           
                end_init                            114      114        4         0
                intcodelo                            18       18       FC         0
                reset_vec                             0        0        4         0
                text10                             1F26     1F26       16         0
                text9                              13AA     13AA      50C         0
                text7                              1EEC     1EEC       24         0
                text6                               C1E      C1E      78C         0
                text5                              1F10     1F10       16         0
                text4                               118      118      B06         0
                text3                              18B6     18B6      39E         0
                text2                              1C54     1C54      1C6         0
                text1                              1E72     1E72       4C         0
                text0                              1E1A     1E1A       58         0
                cinit                              1EBE     1EBE       2E         0
                idataCOMRAM                        1F3C     1F3C        1         0

        CLASS   CONST          

        CLASS   SMALLCONST     

        CLASS   MEDIUMCONST    

        CLASS   COMRAM         
                temp                                 41       41        1         1
                cstackCOMRAM                         20       20       1F         1
                dataCOMRAM                           40       40        1         1
                bssCOMRAM                             1        1       1F         1
                bitbssCOMRAM                        1F8       3F        2         1

        CLASS   ABS1           

        CLASS   BIGRAM         

        CLASS   RAM            

        CLASS   BANK0          
                cstackBANK0                          60       60       1A         1

        CLASS   BANK1          

        CLASS   BANK2          

        CLASS   BANK3          

        CLASS   BANK4          

        CLASS   BANK5          

        CLASS   BANK6          

        CLASS   BANK7          

        CLASS   BANK8          

        CLASS   BANK9          

        CLASS   BANK10         

        CLASS   BANK11         

        CLASS   BANK12         

        CLASS   SFR            

        CLASS   FARRAM         

        CLASS   CONFIG         
                config                           300000   300000        E         0

        CLASS   IDLOC          
                idloc                            200000   200000        8         0

        CLASS   EEDATA         



SEGMENTS        Name                           Load    Length   Top    Selector   Space  Class

                reset_vec                      000000  000004  000004         0       0  CODE    
                bssCOMRAM                      000001  000041  000042         1       1  COMRAM  
                intcodelo                      000018  001F25  001F3D         C       0  CODE    
                cstackBANK0                    000060  00001A  00007A        60       1  BANK0   
                idloc                          200000  000008  200008    200000       0  IDLOC   
                config                         300000  00000E  30000E    300000       0  CONFIG  


UNUSED ADDRESS RANGES

        Name                Unused          Largest block    Delta
        BANK0            00007A-0000FF               86
        BANK1            000100-0001FF              100
        BANK10           000A00-000AFF              100
        BANK11           000B00-000BFF              100
        BANK12           000C00-000CFF              100
        BANK2            000200-0002FF              100
        BANK3            000300-0003FF              100
        BANK4            000400-0004FF              100
        BANK5            000500-0005FF              100
        BANK6            000600-0006FF              100
        BANK7            000700-0007FF              100
        BANK8            000800-0008FF              100
        BANK9            000900-0009FF              100
        BIGRAM           000042-00005F               1E
                         00007A-000CFF              C86
        CODE             000004-000017               14
                         001F3D-00FFFF             E0C3
        COMRAM           000042-00005F               1E
        CONST            000004-000017               14
                         001F3D-00FFFF             E0C3
        EEDATA           F00000-F003FF              400
        MEDIUMCONST      001F3D-00FFFF             E0C3
        RAM              00007A-000CFF              100
        SFR              000D00-000FFF              100
        SMALLCONST       001F3D-00FFFF              100
        STACK            00007A-000CFF              C86

                                  Symbol Table

CANInitialize@BRP             cstackBANK0  000071
CANInitialize@FilterConfig1   cstackBANK0  000078
CANInitialize@FilterConfig2   cstackBANK0  000079
CANInitialize@SJW             cstackBANK0  000070
CANInitialize@flags           cstackBANK0  000072
CANInitialize@phaseSeg1       cstackBANK0  00006E
CANInitialize@phaseSeg2       cstackBANK0  00006F
CANInitialize@propSeg         cstackBANK0  000077
CANOperationMode@mode         cstackBANK0  000060
CANSetFilter@filter           cstackBANK0  000060
CANSetFilter@numBuffer        cstackBANK0  000069
CANSetFilter@tamp             cstackBANK0  00006A
CANSetFilter@type             cstackBANK0  000064
CANSetMask@mask               cstackBANK0  000060
CANSetMask@numBuffer          cstackBANK0  000069
CANSetMask@tamp               cstackBANK0  00006A
CANSetMask@type               cstackBANK0  000064
CANreceiveMessage@error       cstackCOMRAM 00002A
CANreceiveMessage@msg         cstackCOMRAM 000020
CANreceiveMessage@tamp        cstackCOMRAM 00002B
CANsendMessage@data           cstackBANK0  000064
CANsendMessage@dataLength     cstackBANK0  000066
CANsendMessage@flags          cstackBANK0  000067
CANsendMessage@identifier     cstackBANK0  000060
CANsendMessage@tamp           cstackBANK0  00006C
_BRGCON1                      (abs)        000F70
_BRGCON2                      (abs)        000F71
_BRGCON2bits                  (abs)        000F71
_BRGCON3                      (abs)        000F72
_BRGCON3bits                  (abs)        000F72
_CANCON                       (abs)        000F6F
_CANCONbits                   (abs)        000F6F
_CANInitialize                text2        001C54
_CANOperationMode             text5        001F10
_CANSTAT                      (abs)        000F6E
_CANSetFilter                 text4        000118
_CANSetMask                   text3        0018B6
_CANisRxReady                 text10       001F26
_CANisRxReady$2475            cstackCOMRAM 000020
_CANisTxReady                 text7        001EEC
_CANisTxReady$2473            cstackBANK0  000060
_CANreceiveMessage            text9        0013AA
_CANsendMessage               text6        000C1E
_COMSTATbits                  (abs)        000F74
_INTCONbits                   (abs)        000FF2
_IPR3bits                     (abs)        000FA5
_ISR_Bassa                    intcodelo    000018
_LATA                         (abs)        000F89
_LATB                         (abs)        000F8A
_LATC                         (abs)        000F8B
_PIE3bits                     (abs)        000FA3
_PIR3bits                     (abs)        000FA4
_RXB0CON                      (abs)        000F60
_RXB0CONbits                  (abs)        000F60
_RXB0D0                       (abs)        000F66
_RXB0D1                       (abs)        000F67
_RXB0D2                       (abs)        000F68
_RXB0D3                       (abs)        000F69
_RXB0D4                       (abs)        000F6A
_RXB0D5                       (abs)        000F6B
_RXB0D6                       (abs)        000F6C
_RXB0D7                       (abs)        000F6D
_RXB0DLC                      (abs)        000F65
_RXB0DLCbits                  (abs)        000F65
_RXB0EIDH                     (abs)        000F63
_RXB0EIDL                     (abs)        000F64
_RXB0SIDH                     (abs)        000F61
_RXB0SIDL                     (abs)        000F62
_RXB0SIDLbits                 (abs)        000F62
_RXB1CON                      (abs)        000F50
_RXB1CONbits                  (abs)        000F50
_RXB1D0                       (abs)        000F56
_RXB1D1                       (abs)        000F57
_RXB1D2                       (abs)        000F58
_RXB1D3                       (abs)        000F59
_RXB1D4                       (abs)        000F5A
_RXB1D5                       (abs)        000F5B
_RXB1D6                       (abs)        000F5C
_RXB1D7                       (abs)        000F5D
_RXB1DLC                      (abs)        000F55
_RXB1DLCbits                  (abs)        000F55
_RXB1EIDH                     (abs)        000F53
_RXB1EIDL                     (abs)        000F54
_RXB1SIDH                     (abs)        000F51
_RXB1SIDL                     (abs)        000F52
_RXB1SIDLbits                 (abs)        000F52
_RXERRCNT                     (abs)        000F75
_RXF0EIDH                     (abs)        000F02
_RXF0EIDL                     (abs)        000F03
_RXF0SIDH                     (abs)        000F00
_RXF0SIDL                     (abs)        000F01
_RXF0SIDLbits                 (abs)        000F01
_RXF1EIDH                     (abs)        000F06
_RXF1EIDL                     (abs)        000F07
_RXF1SIDH                     (abs)        000F04
_RXF1SIDL                     (abs)        000F05
_RXF1SIDLbits                 (abs)        000F05
_RXF2EIDH                     (abs)        000F0A
_RXF2EIDL                     (abs)        000F0B
_RXF2SIDH                     (abs)        000F08
_RXF2SIDL                     (abs)        000F09
_RXF2SIDLbits                 (abs)        000F09
_RXF3EIDH                     (abs)        000F0E
_RXF3EIDL                     (abs)        000F0F
_RXF3SIDH                     (abs)        000F0C
_RXF3SIDL                     (abs)        000F0D
_RXF3SIDLbits                 (abs)        000F0D
_RXF4EIDH                     (abs)        000F12
_RXF4EIDL                     (abs)        000F13
_RXF4SIDH                     (abs)        000F10
_RXF4SIDL                     (abs)        000F11
_RXF4SIDLbits                 (abs)        000F11
_RXF5EIDH                     (abs)        000F16
_RXF5EIDL                     (abs)        000F17
_RXF5SIDH                     (abs)        000F14
_RXF5SIDL                     (abs)        000F15
_RXF5SIDLbits                 (abs)        000F15
_RXM0EIDH                     (abs)        000F1A
_RXM0EIDL                     (abs)        000F1B
_RXM0SIDH                     (abs)        000F18
_RXM0SIDL                     (abs)        000F19
_RXM0SIDLbits                 (abs)        000F19
_RXM1EIDH                     (abs)        000F1E
_RXM1EIDL                     (abs)        000F1F
_RXM1SIDH                     (abs)        000F1C
_RXM1SIDL                     (abs)        000F1D
_RXM1SIDLbits                 (abs)        000F1D
_TRISA                        (abs)        000F92
_TRISB                        (abs)        000F93
_TRISC                        (abs)        000F94
_TXB0CONbits                  (abs)        000F40
_TXB0D0                       (abs)        000F46
_TXB0D1                       (abs)        000F47
_TXB0D2                       (abs)        000F48
_TXB0D3                       (abs)        000F49
_TXB0D4                       (abs)        000F4A
_TXB0D5                       (abs)        000F4B
_TXB0D6                       (abs)        000F4C
_TXB0D7                       (abs)        000F4D
_TXB0DLC                      (abs)        000F45
_TXB0DLCbits                  (abs)        000F45
_TXB0EIDH                     (abs)        000F43
_TXB0EIDL                     (abs)        000F44
_TXB0SIDH                     (abs)        000F41
_TXB0SIDL                     (abs)        000F42
_TXB0SIDLbits                 (abs)        000F42
_TXB1CONbits                  (abs)        000F30
_TXB1D0                       (abs)        000F36
_TXB1D1                       (abs)        000F37
_TXB1D2                       (abs)        000F38
_TXB1D3                       (abs)        000F39
_TXB1D4                       (abs)        000F3A
_TXB1D5                       (abs)        000F3B
_TXB1D6                       (abs)        000F3C
_TXB1D7                       (abs)        000F3D
_TXB1DLC                      (abs)        000F35
_TXB1DLCbits                  (abs)        000F35
_TXB1EIDH                     (abs)        000F33
_TXB1EIDL                     (abs)        000F34
_TXB1SIDH                     (abs)        000F31
_TXB1SIDL                     (abs)        000F32
_TXB1SIDLbits                 (abs)        000F32
_TXB2CONbits                  (abs)        000F20
_TXB2D0                       (abs)        000F26
_TXB2D1                       (abs)        000F27
_TXB2D2                       (abs)        000F28
_TXB2D3                       (abs)        000F29
_TXB2D4                       (abs)        000F2A
_TXB2D5                       (abs)        000F2B
_TXB2D6                       (abs)        000F2C
_TXB2D7                       (abs)        000F2D
_TXB2DLC                      (abs)        000F25
_TXB2DLCbits                  (abs)        000F25
_TXB2EIDH                     (abs)        000F23
_TXB2EIDL                     (abs)        000F24
_TXB2SIDH                     (abs)        000F21
_TXB2SIDL                     (abs)        000F22
_TXB2SIDLbits                 (abs)        000F22
_TXERRCNT                     (abs)        000F76
__CFG_BBSIZ$1024              (abs)        000000
__CFG_BOREN$BOHW              (abs)        000000
__CFG_BORV$3                  (abs)        000000
__CFG_CP0$OFF                 (abs)        000000
__CFG_CP1$OFF                 (abs)        000000
__CFG_CP2$OFF                 (abs)        000000
__CFG_CP3$OFF                 (abs)        000000
__CFG_CPB$OFF                 (abs)        000000
__CFG_CPD$OFF                 (abs)        000000
__CFG_EBTR0$OFF               (abs)        000000
__CFG_EBTR1$OFF               (abs)        000000
__CFG_EBTR2$OFF               (abs)        000000
__CFG_EBTR3$OFF               (abs)        000000
__CFG_EBTRB$OFF               (abs)        000000
__CFG_FCMEN$OFF               (abs)        000000
__CFG_IESO$OFF                (abs)        000000
__CFG_LPT1OSC$OFF             (abs)        000000
__CFG_LVP$OFF                 (abs)        000000
__CFG_MCLRE$ON                (abs)        000000
__CFG_OSC$HS                  (abs)        000000
__CFG_PBADEN$ON               (abs)        000000
__CFG_PWRT$OFF                (abs)        000000
__CFG_STVREN$ON               (abs)        000000
__CFG_WDT$OFF                 (abs)        000000
__CFG_WDTPS$32768             (abs)        000000
__CFG_WRT0$OFF                (abs)        000000
__CFG_WRT1$OFF                (abs)        000000
__CFG_WRT2$OFF                (abs)        000000
__CFG_WRT3$OFF                (abs)        000000
__CFG_WRTB$OFF                (abs)        000000
__CFG_WRTC$OFF                (abs)        000000
__CFG_WRTD$OFF                (abs)        000000
__CFG_XINST$OFF               (abs)        000000
__HRAM                        (abs)        000000
__Habs1                       abs1         000000
__Hbank0                      bank0        000000
__Hbank1                      bank1        000000
__Hbank10                     bank10       000000
__Hbank11                     bank11       000000
__Hbank12                     bank12       000000
__Hbank2                      bank2        000000
__Hbank3                      bank3        000000
__Hbank4                      bank4        000000
__Hbank5                      bank5        000000
__Hbank6                      bank6        000000
__Hbank7                      bank7        000000
__Hbank8                      bank8        000000
__Hbank9                      bank9        000000
__Hbigbss                     bigbss       000000
__Hbigdata                    bigdata      000000
__Hbigram                     bigram       000000
__HbitbssCOMRAM               bitbssCOMRAM 000000
__Hbss                        bss          000000
__HbssCOMRAM                  bssCOMRAM    000000
__Hcinit                      cinit        000000
__Hclrtext                    clrtext      000000
__Hcomram                     comram       000000
__Hconfig                     config       30000E
__Hconst                      const        000000
__HcstackBANK0                cstackBANK0  000000
__HcstackCOMRAM               cstackCOMRAM 000000
__Hdata                       data         000000
__HdataCOMRAM                 dataCOMRAM   000000
__Heeprom_data                eeprom_data  000000
__Hend_init                   end_init     000118
__Hfarbss                     farbss       000000
__Hfardata                    fardata      000000
__Hibigdata                   ibigdata     000000
__Hidata                      idata        000000
__HidataCOMRAM                idataCOMRAM  000000
__Hidloc                      idloc        200008
__Hifardata                   ifardata     000000
__Hinit                       init         000114
__Hintcode                    intcode      000004
__Hintcode_body               intcode_body 000000
__Hintcodelo                  intcodelo    000114
__Hintentry                   intentry     000000
__Hintret                     intret       000000
__Hintsave_regs               intsave_regs 000000
__Hirdata                     irdata       000000
__Hmediumconst                mediumconst  000000
__HnvFARRAM                   nvFARRAM     000000
__Hnvbit                      nvbit        000000
__Hnvrram                     nvrram       000000
__Hparam                      rparam       000000
__Hpowerup                    powerup      000114
__Hram                        ram          000000
__Hramtop                     ramtop       000D00
__Hrbit                       rbit         000000
__Hrbss                       rbss         000000
__Hrdata                      rdata        000000
__Hreset_vec                  reset_vec    000004
__Hrparam                     rparam       000000
__Hsfr                        sfr          000000
__Hsmallconst                 smallconst   000000
__Hspace_0                    (abs)        30000E
__Hspace_1                    (abs)        0001FA
__Hspace_2                    (abs)        000000
__Hstack                      stack        000000
__Hstruct                     struct       000000
__Htemp                       temp         000042
__Htext                       text         000000
__Htext0                      text0        000000
__Htext1                      text1        000000
__Htext10                     text10       000000
__Htext2                      text2        000000
__Htext3                      text3        000000
__Htext4                      text4        000000
__Htext5                      text5        000000
__Htext6                      text6        000000
__Htext7                      text7        000000
__Htext9                      text9        000000
__LRAM                        (abs)        000001
__Labs1                       abs1         000000
__Lbank0                      bank0        000000
__Lbank1                      bank1        000000
__Lbank10                     bank10       000000
__Lbank11                     bank11       000000
__Lbank12                     bank12       000000
__Lbank2                      bank2        000000
__Lbank3                      bank3        000000
__Lbank4                      bank4        000000
__Lbank5                      bank5        000000
__Lbank6                      bank6        000000
__Lbank7                      bank7        000000
__Lbank8                      bank8        000000
__Lbank9                      bank9        000000
__Lbigbss                     bigbss       000000
__Lbigdata                    bigdata      000000
__Lbigram                     bigram       000000
__LbitbssCOMRAM               bitbssCOMRAM 000000
__Lbss                        bss          000000
__LbssCOMRAM                  bssCOMRAM    000000
__Lcinit                      cinit        000000
__Lclrtext                    clrtext      000000
__Lcomram                     comram       000000
__Lconfig                     config       300000
__Lconst                      const        000000
__LcstackBANK0                cstackBANK0  000000
__LcstackCOMRAM               cstackCOMRAM 000000
__Ldata                       data         000000
__LdataCOMRAM                 dataCOMRAM   000000
__Leeprom_data                eeprom_data  000000
__Lend_init                   end_init     000114
__Lfarbss                     farbss       000000
__Lfardata                    fardata      000000
__Libigdata                   ibigdata     000000
__Lidata                      idata        000000
__LidataCOMRAM                idataCOMRAM  000000
__Lidloc                      idloc        200000
__Lifardata                   ifardata     000000
__Linit                       init         000114
__Lintcode                    intcode      000004
__Lintcode_body               intcode_body 000000
__Lintcodelo                  intcodelo    000018
__Lintentry                   intentry     000000
__Lintret                     intret       000000
__Lintsave_regs               intsave_regs 000000
__Lirdata                     irdata       000000
__Lmediumconst                mediumconst  000000
__LnvFARRAM                   nvFARRAM     000000
__Lnvbit                      nvbit        000000
__Lnvrram                     nvrram       000000
__Lparam                      rparam       000000
__Lpowerup                    powerup      000114
__Lram                        ram          000000
__Lramtop                     ramtop       000D00
__Lrbit                       rbit         000000
__Lrbss                       rbss         000000
__Lrdata                      rdata        000000
__Lreset_vec                  reset_vec    000000
__Lrparam                     rparam       000000
__Lsfr                        sfr          000000
__Lsmallconst                 smallconst   000000
__Lspace_0                    (abs)        000000
__Lspace_1                    (abs)        000000
__Lspace_2                    (abs)        000000
__Lstack                      stack        000000
__Lstruct                     struct       000000
__Ltemp                       temp         000041
__Ltext                       text         000000
__Ltext0                      text0        000000
__Ltext1                      text1        000000
__Ltext10                     text10       000000
__Ltext2                      text2        000000
__Ltext3                      text3        000000
__Ltext4                      text4        000000
__Ltext5                      text5        000000
__Ltext6                      text6        000000
__Ltext7                      text7        000000
__Ltext9                      text9        000000
__S0                          (abs)        30000E
__S1                          (abs)        00007A
__S2                          (abs)        000000
___inthi_sp                   stack        000000
___intlo_sp                   stack        000000
___param_bank                 (abs)        000010
___rparam_used                (abs)        000001
___sp                         stack        000000
__accesstop                   (abs)        000060
__activetblptr                (abs)        000002
__end_of_CANInitialize        text2        001E1A
__end_of_CANOperationMode     text5        001F26
__end_of_CANSetFilter         text4        000C1E
__end_of_CANSetMask           text3        001C54
__end_of_CANisRxReady         text10       001F3C
__end_of_CANisTxReady         text7        001F10
__end_of_CANreceiveMessage    text9        0018B6
__end_of_CANsendMessage       text6        0013AA
__end_of_ISR_Bassa            intcodelo    000114
__end_of__initialization      cinit        001EDE
__end_of_configurazione       text1        001EBE
__end_of_main                 text0        001E72
__initialization              cinit        001EBE
__mediumconst                 mediumconst  000000
__pbitbssCOMRAM               bitbssCOMRAM 0001F8
__pbssCOMRAM                  bssCOMRAM    000001
__pcinit                      cinit        001EBE
__pcstackBANK0                cstackBANK0  000060
__pcstackCOMRAM               cstackCOMRAM 000020
__pdataCOMRAM                 dataCOMRAM   000040
__pidataCOMRAM                idataCOMRAM  001F3C
__pintcodelo                  intcodelo    000018
__ptext0                      text0        001E1A
__ptext1                      text1        001E72
__ptext10                     text10       001F26
__ptext2                      text2        001C54
__ptext3                      text3        0018B6
__ptext4                      text4        000118
__ptext5                      text5        001F10
__ptext6                      text6        000C1E
__ptext7                      text7        001EEC
__ptext9                      text9        0013AA
__ramtop                      ramtop       000D00
__size_of_CANInitialize       (abs)        000000
__size_of_CANOperationMode    (abs)        000000
__size_of_CANSetFilter        (abs)        000000
__size_of_CANSetMask          (abs)        000000
__size_of_CANisRxReady        (abs)        000000
__size_of_CANisTxReady        (abs)        000000
__size_of_CANreceiveMessage   (abs)        000000
__size_of_CANsendMessage      (abs)        000000
__size_of_ISR_Bassa           (abs)        000000
__size_of_configurazione      (abs)        000000
__size_of_main                (abs)        000000
__smallconst                  smallconst   000000
_activation                   bitbssCOMRAM 0001F8
_clock_counter_reference      bssCOMRAM    000001
_configurazione               text1        001E72
_data                         bssCOMRAM    000018
_delay_quartz_frequency_value dataCOMRAM   000040
_distance_dx                  bssCOMRAM    000003
_distance_sx                  bssCOMRAM    000005
_main                         text0        001E1A
_msg                          bssCOMRAM    000009
_request_sent                 bitbssCOMRAM 0001F9
_sensor_distance              bssCOMRAM    000007
btemp                         temp         000041
end_of_initialization         cinit        001EDE
int$flags                     temp         000041
intlevel0                     text         000000
intlevel1                     text         000000
intlevel2                     text         000000
intlevel3                     text         000000
stackhi                       (abs)        000CFF
stacklo                       (abs)        00007A
start                         init         000114
start_initialization          cinit        001EBE


FUNCTION INFORMATION:

 *************** function _main *****************
 Defined at:
		line 44 in file "parcheggio.c"
 Parameters:    Size  Location     Type
		None
 Auto vars:     Size  Location     Type
		None
 Return value:  Size  Location     Type
		None               void
 Registers used:
		wreg, fsr2l, fsr2h, status,2, status,0, cstack
 Tracked objects:
		On entry : 
		On exit  : 
		Unchanged: 
 Data sizes:     COMRAM   BANK0   BANK1   BANK2   BANK3   BANK4   BANK5   BANK6   BANK7   BANK8   BANK9  BANK10  BANK11  BANK12
      Params:         0       0       0       0       0       0       0       0       0       0       0       0       0       0
      Locals:         0       0       0       0       0       0       0       0       0       0       0       0       0       0
      Temps:          0       0       0       0       0       0       0       0       0       0       0       0       0       0
      Totals:         0       0       0       0       0       0       0       0       0       0       0       0       0       0
Total ram usage:        0 bytes
 Hardware stack levels required when called:    5
 This function calls:
		_CANisTxReady
		_CANsendMessage
		_configurazione
 This function is called by:
		Startup code after reset
 This function uses a non-reentrant model


 *************** function _configurazione *****************
 Defined at:
		line 60 in file "parcheggio.c"
 Parameters:    Size  Location     Type
		None
 Auto vars:     Size  Location     Type
		None
 Return value:  Size  Location     Type
		None               void
 Registers used:
		wreg, status,2, status,0, cstack
 Tracked objects:
		On entry : 
		On exit  : 
		Unchanged: 
 Data sizes:     COMRAM   BANK0   BANK1   BANK2   BANK3   BANK4   BANK5   BANK6   BANK7   BANK8   BANK9  BANK10  BANK11  BANK12
      Params:         0       0       0       0       0       0       0       0       0       0       0       0       0       0
      Locals:         0       0       0       0       0       0       0       0       0       0       0       0       0       0
      Temps:          0       0       0       0       0       0       0       0       0       0       0       0       0       0
      Totals:         0       0       0       0       0       0       0       0       0       0       0       0       0       0
Total ram usage:        0 bytes
 Hardware stack levels used:    1
 Hardware stack levels required when called:    4
 This function calls:
		_CANInitialize
 This function is called by:
		_main
 This function uses a non-reentrant model


 *************** function _CANInitialize *****************
 Defined at:
		line 218 in file "../../Drive/librerie/LaurTec_PIC_libraries_v_3.3.0/inc\CANlib.h"
 Parameters:    Size  Location     Type
  propSeg         1    wreg     unsigned char 
  phaseSeg1       1   14[BANK0 ] unsigned char 
  phaseSeg2       1   15[BANK0 ] unsigned char 
  SJW             1   16[BANK0 ] unsigned char 
  BRP             1   17[BANK0 ] unsigned char 
  flags           1   18[BANK0 ] enum E16315
 Auto vars:     Size  Location     Type
  propSeg         1   23[BANK0 ] unsigned char 
  FilterConfig    1   25[BANK0 ] unsigned char 
  FilterConfig    1   24[BANK0 ] unsigned char 
 Return value:  Size  Location     Type
		None               void
 Registers used:
		wreg, status,2, status,0, cstack
 Tracked objects:
		On entry : 
		On exit  : 
		Unchanged: 
 Data sizes:     COMRAM   BANK0   BANK1   BANK2   BANK3   BANK4   BANK5   BANK6   BANK7   BANK8   BANK9  BANK10  BANK11  BANK12
      Params:         0       5       0       0       0       0       0       0       0       0       0       0       0       0
      Locals:         0       3       0       0       0       0       0       0       0       0       0       0       0       0
      Temps:          0       4       0       0       0       0       0       0       0       0       0       0       0       0
      Totals:         0      12       0       0       0       0       0       0       0       0       0       0       0       0
Total ram usage:       12 bytes
 Hardware stack levels used:    1
 Hardware stack levels required when called:    3
 This function calls:
		_CANOperationMode
		_CANSetFilter
		_CANSetMask
 This function is called by:
		_configurazione
 This function uses a non-reentrant model


 *************** function _CANSetMask *****************
 Defined at:
		line 639 in file "../../Drive/librerie/LaurTec_PIC_libraries_v_3.3.0/inc\CANlib.h"
 Parameters:    Size  Location     Type
  numBuffer       1    wreg     enum E16349
  mask            4    0[BANK0 ] unsigned long 
  type            1    4[BANK0 ] enum E16315
 Auto vars:     Size  Location     Type
  numBuffer       1    9[BANK0 ] enum E16349
  tamp            4   10[BANK0 ] unsigned long 
 Return value:  Size  Location     Type
		None               void
 Registers used:
		wreg, status,2, status,0
 Tracked objects:
		On entry : 
		On exit  : 
		Unchanged: 
 Data sizes:     COMRAM   BANK0   BANK1   BANK2   BANK3   BANK4   BANK5   BANK6   BANK7   BANK8   BANK9  BANK10  BANK11  BANK12
      Params:         0       5       0       0       0       0       0       0       0       0       0       0       0       0
      Locals:         0       5       0       0       0       0       0       0       0       0       0       0       0       0
      Temps:          0       4       0       0       0       0       0       0       0       0       0       0       0       0
      Totals:         0      14       0       0       0       0       0       0       0       0       0       0       0       0
Total ram usage:       14 bytes
 Hardware stack levels used:    1
 Hardware stack levels required when called:    2
 This function calls:
		Nothing
 This function is called by:
		_CANInitialize
 This function uses a non-reentrant model


 *************** function _CANSetFilter *****************
 Defined at:
		line 747 in file "../../Drive/librerie/LaurTec_PIC_libraries_v_3.3.0/inc\CANlib.h"
 Parameters:    Size  Location     Type
  numBuffer       1    wreg     enum E16352
  filter          4    0[BANK0 ] unsigned long 
  type            1    4[BANK0 ] enum E16315
 Auto vars:     Size  Location     Type
  numBuffer       1    9[BANK0 ] enum E16352
  tamp            4   10[BANK0 ] unsigned long 
 Return value:  Size  Location     Type
		None               void
 Registers used:
		wreg, status,2, status,0
 Tracked objects:
		On entry : 
		On exit  : 
		Unchanged: 
 Data sizes:     COMRAM   BANK0   BANK1   BANK2   BANK3   BANK4   BANK5   BANK6   BANK7   BANK8   BANK9  BANK10  BANK11  BANK12
      Params:         0       5       0       0       0       0       0       0       0       0       0       0       0       0
      Locals:         0       5       0       0       0       0       0       0       0       0       0       0       0       0
      Temps:          0       4       0       0       0       0       0       0       0       0       0       0       0       0
      Totals:         0      14       0       0       0       0       0       0       0       0       0       0       0       0
Total ram usage:       14 bytes
 Hardware stack levels used:    1
 Hardware stack levels required when called:    2
 This function calls:
		Nothing
 This function is called by:
		_CANInitialize
 This function uses a non-reentrant model


 *************** function _CANOperationMode *****************
 Defined at:
		line 206 in file "../../Drive/librerie/LaurTec_PIC_libraries_v_3.3.0/inc\CANlib.h"
 Parameters:    Size  Location     Type
  mode            1    wreg     enum E16309
 Auto vars:     Size  Location     Type
  mode            1    0[BANK0 ] enum E16309
 Return value:  Size  Location     Type
		None               void
 Registers used:
		wreg, status,2, status,0
 Tracked objects:
		On entry : 
		On exit  : 
		Unchanged: 
 Data sizes:     COMRAM   BANK0   BANK1   BANK2   BANK3   BANK4   BANK5   BANK6   BANK7   BANK8   BANK9  BANK10  BANK11  BANK12
      Params:         0       0       0       0       0       0       0       0       0       0       0       0       0       0
      Locals:         0       1       0       0       0       0       0       0       0       0       0       0       0       0
      Temps:          0       0       0       0       0       0       0       0       0       0       0       0       0       0
      Totals:         0       1       0       0       0       0       0       0       0       0       0       0       0       0
Total ram usage:        1 bytes
 Hardware stack levels used:    1
 Hardware stack levels required when called:    2
 This function calls:
		Nothing
 This function is called by:
		_CANInitialize
 This function uses a non-reentrant model


 *************** function _CANsendMessage *****************
 Defined at:
		line 293 in file "../../Drive/librerie/LaurTec_PIC_libraries_v_3.3.0/inc\CANlib.h"
 Parameters:    Size  Location     Type
  identifier      4    0[BANK0 ] unsigned long 
  data            2    4[BANK0 ] PTR unsigned char 
		 -> data(8), 
  dataLength      1    6[BANK0 ] unsigned char 
  flags           1    7[BANK0 ] enum E16337
 Auto vars:     Size  Location     Type
  tamp            4   12[BANK0 ] unsigned long 
 Return value:  Size  Location     Type
		None               void
 Registers used:
		wreg, fsr2l, fsr2h, status,2, status,0
 Tracked objects:
		On entry : 
		On exit  : 
		Unchanged: 
 Data sizes:     COMRAM   BANK0   BANK1   BANK2   BANK3   BANK4   BANK5   BANK6   BANK7   BANK8   BANK9  BANK10  BANK11  BANK12
      Params:         0       8       0       0       0       0       0       0       0       0       0       0       0       0
      Locals:         0       4       0       0       0       0       0       0       0       0       0       0       0       0
      Temps:          0       4       0       0       0       0       0       0       0       0       0       0       0       0
      Totals:         0      16       0       0       0       0       0       0       0       0       0       0       0       0
Total ram usage:       16 bytes
 Hardware stack levels used:    1
 Hardware stack levels required when called:    2
 This function calls:
		Nothing
 This function is called by:
		_main
 This function uses a non-reentrant model


 *************** function _CANisTxReady *****************
 Defined at:
		line 1153 in file "../../Drive/librerie/LaurTec_PIC_libraries_v_3.3.0/inc\CANlib.h"
 Parameters:    Size  Location     Type
		None
 Auto vars:     Size  Location     Type
		None
 Return value:  Size  Location     Type
                  1    wreg      unsigned char 
 Registers used:
		wreg, status,2
 Tracked objects:
		On entry : 
		On exit  : 
		Unchanged: 
 Data sizes:     COMRAM   BANK0   BANK1   BANK2   BANK3   BANK4   BANK5   BANK6   BANK7   BANK8   BANK9  BANK10  BANK11  BANK12
      Params:         0       0       0       0       0       0       0       0       0       0       0       0       0       0
      Locals:         0       1       0       0       0       0       0       0       0       0       0       0       0       0
      Temps:          0       0       0       0       0       0       0       0       0       0       0       0       0       0
      Totals:         0       1       0       0       0       0       0       0       0       0       0       0       0       0
Total ram usage:        1 bytes
 Hardware stack levels used:    1
 Hardware stack levels required when called:    2
 This function calls:
		Nothing
 This function is called by:
		_main
 This function uses a non-reentrant model


 *************** function _ISR_Bassa *****************
 Defined at:
		line 19 in file "parcheggio.c"
 Parameters:    Size  Location     Type
		None
 Auto vars:     Size  Location     Type
		None
 Return value:  Size  Location     Type
		None               void
 Registers used:
		wreg, fsr2l, fsr2h, status,2, status,0, cstack
 Tracked objects:
		On entry : 
		On exit  : 
		Unchanged: 
 Data sizes:     COMRAM   BANK0   BANK1   BANK2   BANK3   BANK4   BANK5   BANK6   BANK7   BANK8   BANK9  BANK10  BANK11  BANK12
      Params:         0       0       0       0       0       0       0       0       0       0       0       0       0       0
      Locals:         0       0       0       0       0       0       0       0       0       0       0       0       0       0
      Temps:         19       0       0       0       0       0       0       0       0       0       0       0       0       0
      Totals:        19       0       0       0       0       0       0       0       0       0       0       0       0       0
Total ram usage:       19 bytes
 Hardware stack levels used:    1
 Hardware stack levels required when called:    1
 This function calls:
		_CANisRxReady
		_CANreceiveMessage
 This function is called by:
		Interrupt level 1
 This function uses a non-reentrant model


 *************** function _CANreceiveMessage *****************
 Defined at:
		line 527 in file "../../Drive/librerie/LaurTec_PIC_libraries_v_3.3.0/inc\CANlib.h"
 Parameters:    Size  Location     Type
  msg             2    0[COMRAM] PTR struct .
		 -> msg(15), 
 Auto vars:     Size  Location     Type
  tamp            1   11[COMRAM] unsigned char 
  error           1   10[COMRAM] unsigned char 
 Return value:  Size  Location     Type
                  1    wreg      unsigned char 
 Registers used:
		wreg, fsr2l, fsr2h, status,2, status,0
 Tracked objects:
		On entry : 
		On exit  : 
		Unchanged: 
 Data sizes:     COMRAM   BANK0   BANK1   BANK2   BANK3   BANK4   BANK5   BANK6   BANK7   BANK8   BANK9  BANK10  BANK11  BANK12
      Params:         2       0       0       0       0       0       0       0       0       0       0       0       0       0
      Locals:         2       0       0       0       0       0       0       0       0       0       0       0       0       0
      Temps:          8       0       0       0       0       0       0       0       0       0       0       0       0       0
      Totals:        12       0       0       0       0       0       0       0       0       0       0       0       0       0
Total ram usage:       12 bytes
 Hardware stack levels used:    1
 This function calls:
		Nothing
 This function is called by:
		_ISR_Bassa
 This function uses a non-reentrant model


 *************** function _CANisRxReady *****************
 Defined at:
		line 1162 in file "../../Drive/librerie/LaurTec_PIC_libraries_v_3.3.0/inc\CANlib.h"
 Parameters:    Size  Location     Type
		None
 Auto vars:     Size  Location     Type
		None
 Return value:  Size  Location     Type
                  1    wreg      unsigned char 
 Registers used:
		wreg, status,2
 Tracked objects:
		On entry : 
		On exit  : 
		Unchanged: 
 Data sizes:     COMRAM   BANK0   BANK1   BANK2   BANK3   BANK4   BANK5   BANK6   BANK7   BANK8   BANK9  BANK10  BANK11  BANK12
      Params:         0       0       0       0       0       0       0       0       0       0       0       0       0       0
      Locals:         1       0       0       0       0       0       0       0       0       0       0       0       0       0
      Temps:          0       0       0       0       0       0       0       0       0       0       0       0       0       0
      Totals:         1       0       0       0       0       0       0       0       0       0       0       0       0       0
Total ram usage:        1 bytes
 Hardware stack levels used:    1
 This function calls:
		Nothing
 This function is called by:
		_ISR_Bassa
 This function uses a non-reentrant model



MODULE INFORMATION

Module		Function		Class		Link	Load	Size
../../Drive/librerie/LaurTec_PIC_libraries_v_3.3.0/inc\CANlib.h
		_CANSetFilter  		CODE           	0118	0000	2823
		_CANisRxReady  		CODE           	1F26	0000	23
		_CANreceiveMessage		CODE           	13AA	0000	1293
		_CANsendMessage		CODE           	0C1E	0000	1933
		_CANInitialize 		CODE           	1C54	0000	455
		_CANOperationMode		CODE           	1F10	0000	23
		_CANisTxReady  		CODE           	1EEC	0000	37
		_CANSetMask    		CODE           	18B6	0000	927

../../Drive/librerie/LaurTec_PIC_libraries_v_3.3.0/inc\CANlib.h estimated size: 7514

shared
		__initialization		CODE           	1EBE	0000	33

shared estimated size: 33

parcheggio.c
		_ISR_Bassa     		CODE           	0018	0000	253
		_configurazione		CODE           	1E72	0000	77
		_main          		CODE           	1E1A	0000	89

parcheggio.c estimated size: 419

